Archive member included because of file (symbol)

c:/altera/13.1/nios2eds/bin/gnu/h-i686-mingw32/bin/../lib/gcc/nios2-elf/4.7.3/mno-hw-mul\libgcc.a(lib2-mul.o)
                              obj/default/ledos/cortex/acortex/pcm_bffr/pcm_bffr.o (__mulsi3)
G:/WorK/github/synesthesia_moksha/wxp/dgn/sw/limbus_bsp/\libchibios_v246_bsp.a(chthreads.o)
                              obj/default/ledos/cortex/acortex/i2c/i2c.o (chThdSleep)
G:/WorK/github/synesthesia_moksha/wxp/dgn/sw/limbus_bsp/\libchibios_v246_bsp.a(chvt.o)
                              G:/WorK/github/synesthesia_moksha/wxp/dgn/sw/limbus_bsp/\libchibios_v246_bsp.a(chthreads.o) (vtlist)
G:/WorK/github/synesthesia_moksha/wxp/dgn/sw/limbus_bsp/\libchibios_v246_bsp.a(chcoreasm.o)
                              G:/WorK/github/synesthesia_moksha/wxp/dgn/sw/limbus_bsp/\libchibios_v246_bsp.a(chthreads.o) (_port_thread_start)
G:/WorK/github/synesthesia_moksha/wxp/dgn/sw/limbus_bsp/\libchibios_v246_bsp.a(alt_load.o)
                              G:/WorK/github/synesthesia_moksha/wxp/dgn/sw/limbus_bsp//obj/HAL/src/crt0.o (alt_load)
G:/WorK/github/synesthesia_moksha/wxp/dgn/sw/limbus_bsp/\libchibios_v246_bsp.a(alt_main.o)
                              G:/WorK/github/synesthesia_moksha/wxp/dgn/sw/limbus_bsp//obj/HAL/src/crt0.o (alt_main)
G:/WorK/github/synesthesia_moksha/wxp/dgn/sw/limbus_bsp/\libchibios_v246_bsp.a(alt_printf.o)
                              obj/default/hello_world_small.o (alt_printf)
G:/WorK/github/synesthesia_moksha/wxp/dgn/sw/limbus_bsp/\libchibios_v246_bsp.a(alt_putchar.o)
                              G:/WorK/github/synesthesia_moksha/wxp/dgn/sw/limbus_bsp/\libchibios_v246_bsp.a(alt_printf.o) (alt_putchar)
G:/WorK/github/synesthesia_moksha/wxp/dgn/sw/limbus_bsp/\libchibios_v246_bsp.a(alt_putstr.o)
                              obj/default/hello_world_small.o (alt_putstr)
G:/WorK/github/synesthesia_moksha/wxp/dgn/sw/limbus_bsp/\libchibios_v246_bsp.a(alt_sys_init.o)
                              G:/WorK/github/synesthesia_moksha/wxp/dgn/sw/limbus_bsp/\libchibios_v246_bsp.a(alt_main.o) (alt_irq_init)
G:/WorK/github/synesthesia_moksha/wxp/dgn/sw/limbus_bsp/\libchibios_v246_bsp.a(altera_avalon_jtag_uart_fd.o)
                              G:/WorK/github/synesthesia_moksha/wxp/dgn/sw/limbus_bsp/\libchibios_v246_bsp.a(alt_sys_init.o) (altera_avalon_jtag_uart_read_fd)
G:/WorK/github/synesthesia_moksha/wxp/dgn/sw/limbus_bsp/\libchibios_v246_bsp.a(altera_avalon_jtag_uart_init.o)
                              G:/WorK/github/synesthesia_moksha/wxp/dgn/sw/limbus_bsp/\libchibios_v246_bsp.a(alt_sys_init.o) (altera_avalon_jtag_uart_init)
G:/WorK/github/synesthesia_moksha/wxp/dgn/sw/limbus_bsp/\libchibios_v246_bsp.a(altera_avalon_jtag_uart_ioctl.o)
                              G:/WorK/github/synesthesia_moksha/wxp/dgn/sw/limbus_bsp/\libchibios_v246_bsp.a(altera_avalon_jtag_uart_fd.o) (altera_avalon_jtag_uart_ioctl)
G:/WorK/github/synesthesia_moksha/wxp/dgn/sw/limbus_bsp/\libchibios_v246_bsp.a(altera_avalon_jtag_uart_read.o)
                              G:/WorK/github/synesthesia_moksha/wxp/dgn/sw/limbus_bsp/\libchibios_v246_bsp.a(altera_avalon_jtag_uart_fd.o) (altera_avalon_jtag_uart_read)
G:/WorK/github/synesthesia_moksha/wxp/dgn/sw/limbus_bsp/\libchibios_v246_bsp.a(altera_avalon_jtag_uart_write.o)
                              G:/WorK/github/synesthesia_moksha/wxp/dgn/sw/limbus_bsp/\libchibios_v246_bsp.a(altera_avalon_jtag_uart_fd.o) (altera_avalon_jtag_uart_write)
G:/WorK/github/synesthesia_moksha/wxp/dgn/sw/limbus_bsp/\libchibios_v246_bsp.a(altera_avalon_timer_sc.o)
                              G:/WorK/github/synesthesia_moksha/wxp/dgn/sw/limbus_bsp/\libchibios_v246_bsp.a(alt_sys_init.o) (alt_avalon_timer_sc_init)
G:/WorK/github/synesthesia_moksha/wxp/dgn/sw/limbus_bsp/\libchibios_v246_bsp.a(altera_avalon_uart_fd.o)
                              G:/WorK/github/synesthesia_moksha/wxp/dgn/sw/limbus_bsp/\libchibios_v246_bsp.a(alt_sys_init.o) (altera_avalon_uart_read_fd)
G:/WorK/github/synesthesia_moksha/wxp/dgn/sw/limbus_bsp/\libchibios_v246_bsp.a(altera_avalon_uart_init.o)
                              G:/WorK/github/synesthesia_moksha/wxp/dgn/sw/limbus_bsp/\libchibios_v246_bsp.a(alt_sys_init.o) (altera_avalon_uart_init)
G:/WorK/github/synesthesia_moksha/wxp/dgn/sw/limbus_bsp/\libchibios_v246_bsp.a(altera_avalon_uart_read.o)
                              G:/WorK/github/synesthesia_moksha/wxp/dgn/sw/limbus_bsp/\libchibios_v246_bsp.a(altera_avalon_uart_fd.o) (altera_avalon_uart_read)
G:/WorK/github/synesthesia_moksha/wxp/dgn/sw/limbus_bsp/\libchibios_v246_bsp.a(altera_avalon_uart_write.o)
                              G:/WorK/github/synesthesia_moksha/wxp/dgn/sw/limbus_bsp/\libchibios_v246_bsp.a(altera_avalon_uart_fd.o) (altera_avalon_uart_write)
G:/WorK/github/synesthesia_moksha/wxp/dgn/sw/limbus_bsp/\libchibios_v246_bsp.a(chdynamic.o)
[...]
Memory Configuration

Name             Origin             Length             Attributes
reset            0x00180000         0x00000020
sram_cntrlr      0x00180020         0x0007ffe0
*default*        0x00000000         0xffffffff

Linker script and memory map

LOAD G:/WorK/github/synesthesia_moksha/wxp/dgn/sw/limbus_bsp//obj/HAL/src/crt0.o
LOAD obj/default/hello_world_small.o
LOAD obj/default/ledos/aud_codec/aud_codec.o
LOAD obj/default/ledos/cortex/acortex/i2c/i2c.o
LOAD obj/default/ledos/cortex/acortex/pcm_bffr/pcm_bffr.o
LOAD obj/default/ledos/cortex/acortex/ssm2603_drvr/ssm2603_drvr.o
LOAD c:/altera/13.1/nios2eds/bin/gnu/h-i686-mingw32/bin/../lib/gcc/nios2-elf/4.7.3/../../../../../H-i686-mingw32/nios2-elf/lib/mno-hw-mul\libstdc++.a
LOAD c:/altera/13.1/nios2eds/bin/gnu/h-i686-mingw32/bin/../lib/gcc/nios2-elf/4.7.3/../../../../../H-i686-mingw32/nios2-elf/lib/mno-hw-mul\libm.a
LOAD c:/altera/13.1/nios2eds/bin/gnu/h-i686-mingw32/bin/../lib/gcc/nios2-elf/4.7.3/mno-hw-mul\libgcc.a
START GROUP
LOAD c:/altera/13.1/nios2eds/bin/gnu/h-i686-mingw32/bin/../lib/gcc/nios2-elf/4.7.3/../../../../../H-i686-mingw32/nios2-elf/lib/mno-hw-mul\libc.a
LOAD c:/altera/13.1/nios2eds/bin/gnu/h-i686-mingw32/bin/../lib/gcc/nios2-elf/4.7.3/mno-hw-mul\libgcc.a
LOAD G:/WorK/github/synesthesia_moksha/wxp/dgn/sw/limbus_bsp/\libchibios_v246_bsp.a
END GROUP
LOAD c:/altera/13.1/nios2eds/bin/gnu/h-i686-mingw32/bin/../lib/gcc/nios2-elf/4.7.3/mno-hw-mul\libgcc.a
                0x00180000                __alt_mem_sram_cntrlr = 0x180000

.entry          0x00180000       0x20
 *(.entry)
 .entry         0x00180000       0x20 G:/WorK/github/synesthesia_moksha/wxp/dgn/sw/limbus_bsp//obj/HAL/src/crt0.o
                0x00180000                __reset

.exceptions     0x00180020      0x1a4
                0x00180020                PROVIDE (__ram_exceptions_start, ABSOLUTE (.))
                0x00180020                . = ALIGN (0x20)
 *(.irq)
 *(.exceptions.entry.label)
 .exceptions.entry.label
                0x00180020        0x0 G:/WorK/github/synesthesia_moksha/wxp/dgn/sw/limbus_bsp/\libchibios_v246_bsp.a(alt_irq_entry.o)
                0x00180020                alt_irq_entry
 .exceptions.entry.label
                0x00180020        0x0 G:/WorK/github/synesthesia_moksha/wxp/dgn/sw/limbus_bsp/\libchibios_v246_bsp.a(alt_exception_entry.o)
                0x00180020                alt_exception
 *(.exceptions.entry.user)
 *(.exceptions.entry.ecc_fatal)
 *(.exceptions.entry)
 .exceptions.entry
                0x00180020       0x54 G:/WorK/github/synesthesia_moksha/wxp/dgn/sw/limbus_bsp/\libchibios_v246_bsp.a(alt_exception_entry.o)
 *(.exceptions.irqtest.user)
 *(.exceptions.irqtest)
 .exceptions.irqtest
                0x00180074       0x10 G:/WorK/github/synesthesia_moksha/wxp/dgn/sw/limbus_bsp/\libchibios_v246_bsp.a(alt_irq_entry.o)
 *(.exceptions.irqhandler.user)
 *(.exceptions.irqhandler)
 .exceptions.irqhandler
                0x00180084        0x4 G:/WorK/github/synesthesia_moksha/wxp/dgn/sw/limbus_bsp/\libchibios_v246_bsp.a(alt_irq_entry.o)
 *(.exceptions.irqreturn.user)
 *(.exceptions.irqreturn)
 .exceptions.irqreturn
                0x00180088        0x4 G:/WorK/github/synesthesia_moksha/wxp/dgn/sw/limbus_bsp/\libchibios_v246_bsp.a(alt_irq_entry.o)
 *(.exceptions.notirq.label)
 .exceptions.notirq.label
                0x0018008c        0x0 G:/WorK/github/synesthesia_moksha/wxp/dgn/sw/limbus_bsp/\libchibios_v246_bsp.a(alt_irq_entry.o)
 *(.exceptions.notirq.user)
 *(.exceptions.notirq)
 .exceptions.notirq
                0x0018008c        0x8 G:/WorK/github/synesthesia_moksha/wxp/dgn/sw/limbus_bsp/\libchibios_v246_bsp.a(alt_exception_entry.o)
 *(.exceptions.soft.user)
 *(.exceptions.soft)
 *(.exceptions.unknown.user)
 *(.exceptions.unknown)
 .exceptions.unknown
                0x00180094        0x4 G:/WorK/github/synesthesia_moksha/wxp/dgn/sw/limbus_bsp/\libchibios_v246_bsp.a(alt_exception_entry.o)
 *(.exceptions.exit.label)
 .exceptions.exit.label
                0x00180098        0x0 G:/WorK/github/synesthesia_moksha/wxp/dgn/sw/limbus_bsp/\libchibios_v246_bsp.a(alt_irq_entry.o)
 .exceptions.exit.label
                0x00180098        0x0 G:/WorK/github/synesthesia_moksha/wxp/dgn/sw/limbus_bsp/\libchibios_v246_bsp.a(alt_exception_entry.o)
 *(.exceptions.exit.user)
 *(.exceptions.exit)
 .exceptions.exit
                0x00180098       0x54 G:/WorK/github/synesthesia_moksha/wxp/dgn/sw/limbus_bsp/\libchibios_v246_bsp.a(alt_exception_entry.o)
 *(.exceptions)
 .exceptions    0x001800ec       0xd8 G:/WorK/github/synesthesia_moksha/wxp/dgn/sw/limbus_bsp/\libchibios_v246_bsp.a(alt_irq_handler.o)
                0x001800ec                alt_irq_handler
                0x001801c4                PROVIDE (__ram_exceptions_end, ABSOLUTE (.))
                0x00180020                PROVIDE (__flash_exceptions_start, LOADADDR (.exceptions))

.text           0x001801c4     0x8cac
                0x001801c4                PROVIDE (stext, ABSOLUTE (.))
 *(.interp)
 *(.hash)
 *(.dynsym)
 *(.dynstr)
 *(.gnu.version)
 *(.gnu.version_d)
 *(.gnu.version_r)
 *(.rel.init)
 *(.rela.init)
 *(.rel.text .rel.text.* .rel.gnu.linkonce.t.*)
 *(.rela.text .rela.text.* .rela.gnu.linkonce.t.*)
 *(.rel.fini)
 *(.rela.fini)
 *(.rel.rodata .rel.rodata.* .rel.gnu.linkonce.r.*)
 *(.rela.rodata .rela.rodata.* .rela.gnu.linkonce.r.*)
 *(.rel.data .rel.data.* .rel.gnu.linkonce.d.*)
 *(.rela.data .rela.data.* .rela.gnu.linkonce.d.*)
 *(.rel.tdata .rel.tdata.* .rel.gnu.linkonce.td.*)
 *(.rela.tdata .rela.tdata.* .rela.gnu.linkonce.td.*)
 *(.rel.tbss .rel.tbss.* .rel.gnu.linkonce.tb.*)
 *(.rela.tbss .rela.tbss.* .rela.gnu.linkonce.tb.*)
 *(.rel.ctors)
 *(.rela.ctors)
 *(.rel.dtors)
 *(.rela.dtors)
 *(.rel.got)
 *(.rela.got)
 *(.rel.sdata .rel.sdata.* .rel.gnu.linkonce.s.*)
 *(.rela.sdata .rela.sdata.* .rela.gnu.linkonce.s.*)
 *(.rel.sbss .rel.sbss.* .rel.gnu.linkonce.sb.*)
 *(.rela.sbss .rela.sbss.* .rela.gnu.linkonce.sb.*)
 *(.rel.sdata2 .rel.sdata2.* .rel.gnu.linkonce.s2.*)
 *(.rela.sdata2 .rela.sdata2.* .rela.gnu.linkonce.s2.*)
 *(.rel.sbss2 .rel.sbss2.* .rel.gnu.linkonce.sb2.*)
 *(.rela.sbss2 .rela.sbss2.* .rela.gnu.linkonce.sb2.*)
 *(.rel.bss .rel.bss.* .rel.gnu.linkonce.b.*)
 *(.rela.bss .rela.bss.* .rela.gnu.linkonce.b.*)
 *(.rel.plt)
 *(.rela.plt)
 *(.rel.dyn)
 *(.init)
 *(.plt)
 *(.text .stub .text.* .gnu.linkonce.t.*)
 .text          0x001801c4       0x3c G:/WorK/github/synesthesia_moksha/wxp/dgn/sw/limbus_bsp//obj/HAL/src/crt0.o
                0x001801c4                _start
 .text          0x00180200        0x0 obj/default/hello_world_small.o
 .text.startup  0x00180200       0x50 obj/default/hello_world_small.o
                0x00180200                main
 .text          0x00180250       0xbc obj/default/ledos/aud_codec/aud_codec.o
                0x00180250                aud_codec_write_reg
                0x00180290                aud_codec_read_reg
 .text          0x0018030c      0x200 obj/default/ledos/cortex/acortex/i2c/i2c.o
                0x0018030c                get_i2c_status
                0x00180334                configure_i2c_clk
                0x00180344                get_i2c_clk
                0x00180350                configure_i2c_addr
                0x00180360                get_i2c_addr
                0x0018036c                i2c_xtn_write
                0x00180428                i2c_xtn_read
 .text          0x0018050c       0x50 obj/default/ledos/cortex/acortex/pcm_bffr/pcm_bffr.o
                0x0018050c                update_acache_mode
                0x0018051c                dump_acache_cap_data
 .text          0x0018055c       0x94 obj/default/ledos/cortex/acortex/ssm2603_drvr/ssm2603_drvr.o
                0x0018055c                disable_dac_drvr
                0x00180574                enable_dac_drvr
                0x00180588                disable_adc_drvr
                0x001805a0                enable_adc_drvr
                0x001805b4                configure_drvr_bps
                0x001805d8                configure_drvr_fs_div
                0x001805e4                configure_drvr_bclk_div
 .text          0x001805f0       0x28 c:/altera/13.1/nios2eds/bin/gnu/h-i686-mingw32/bin/../lib/gcc/nios2-elf/4.7.3/mno-hw-mul\libgcc.a(lib2-mul.o)
                0x001805f0                __mulsi3
 .text          0x00180618      0x7f0 G:/WorK/github/synesthesia_moksha/wxp/dgn/sw/limbus_bsp/\libchibios_v246_bsp.a(chthreads.o)
                0x00180698                _thread_init
                0x00180794                chThdCreateI
                0x001808fc                chThdCreateStatic
                0x00180988                chThdSetPriority
                0x00180a58                chThdResume
                0x00180ab8                chThdTerminate
                0x00180b18                chThdSleep
                0x00180b74                chThdSleepUntil
                0x00180bf0                chThdYield
                0x00180c64                chThdExit
                0x00180cac                chThdExitS
                0x00180d64                chThdWait
 .text          0x00180e08      0x284 G:/WorK/github/synesthesia_moksha/wxp/dgn/sw/limbus_bsp/\libchibios_v246_bsp.a(chvt.o)
                0x00180e08                _vt_init
                0x00180e6c                chVTSetI
                0x00180f78                chVTResetI
                0x00181000                chTimeIsWithin
 .text          0x0018108c       0x8c G:/WorK/github/synesthesia_moksha/wxp/dgn/sw/limbus_bsp/\libchibios_v246_bsp.a(chcoreasm.o)
                0x0018108c                _port_thread_start
                0x001810a0                port_switch
 .text          0x00181118       0xec G:/WorK/github/synesthesia_moksha/wxp/dgn/sw/limbus_bsp/\libchibios_v246_bsp.a(alt_load.o)
                0x00181184                alt_load
 .text          0x00181204       0x90 G:/WorK/github/synesthesia_moksha/wxp/dgn/sw/limbus_bsp/\libchibios_v246_bsp.a(alt_main.o)
                0x00181204                alt_main
 .text          0x00181294      0x244 G:/WorK/github/synesthesia_moksha/wxp/dgn/sw/limbus_bsp/\libchibios_v246_bsp.a(alt_printf.o)
                0x00181294                alt_printf
 .text          0x001814d8       0x44 G:/WorK/github/synesthesia_moksha/wxp/dgn/sw/limbus_bsp/\libchibios_v246_bsp.a(alt_putchar.o)
                0x001814d8                alt_putchar
 .text          0x0018151c       0x44 G:/WorK/github/synesthesia_moksha/wxp/dgn/sw/limbus_bsp/\libchibios_v246_bsp.a(alt_putstr.o)
                0x0018151c                alt_putstr
 .text          0x00181560       0xec G:/WorK/github/synesthesia_moksha/wxp/dgn/sw/limbus_bsp/\libchibios_v246_bsp.a(alt_sys_init.o)
                0x00181598                alt_irq_init
                0x001815cc                alt_sys_init
 .text          0x0018164c      0x164 G:/WorK/github/synesthesia_moksha/wxp/dgn/sw/limbus_bsp/\libchibios_v246_bsp.a(altera_avalon_jtag_uart_fd.o)
                0x0018164c                altera_avalon_jtag_uart_read_fd
                0x001816ac                altera_avalon_jtag_uart_write_fd
                0x0018170c                altera_avalon_jtag_uart_close_fd
                0x0018175c                altera_avalon_jtag_uart_ioctl_fd
 .text          0x001817b0      0x3d0 G:/WorK/github/synesthesia_moksha/wxp/dgn/sw/limbus_bsp/\libchibios_v246_bsp.a(altera_avalon_jtag_uart_init.o)
                0x001817b0                altera_avalon_jtag_uart_init
                0x00181b18                altera_avalon_jtag_uart_close
 .text          0x00181b80       0xf4 G:/WorK/github/synesthesia_moksha/wxp/dgn/sw/limbus_bsp/\libchibios_v246_bsp.a(altera_avalon_jtag_uart_ioctl.o)
                0x00181b80                altera_avalon_jtag_uart_ioctl
 .text          0x00181c74      0x218 G:/WorK/github/synesthesia_moksha/wxp/dgn/sw/limbus_bsp/\libchibios_v246_bsp.a(altera_avalon_jtag_uart_read.o)
                0x00181c74                altera_avalon_jtag_uart_read
 .text          0x00181e8c      0x224 G:/WorK/github/synesthesia_moksha/wxp/dgn/sw/limbus_bsp/\libchibios_v246_bsp.a(altera_avalon_jtag_uart_write.o)
                0x00181e8c                altera_avalon_jtag_uart_write
 .text          0x001820b0       0xfc G:/WorK/github/synesthesia_moksha/wxp/dgn/sw/limbus_bsp/\libchibios_v246_bsp.a(altera_avalon_timer_sc.o)
                0x00182124                alt_avalon_timer_sc_init
 .text          0x001821ac      0x110 G:/WorK/github/synesthesia_moksha/wxp/dgn/sw/limbus_bsp/\libchibios_v246_bsp.a(altera_avalon_uart_fd.o)
                0x001821ac                altera_avalon_uart_read_fd
                0x0018220c                altera_avalon_uart_write_fd
                0x0018226c                altera_avalon_uart_close_fd
 .text          0x001822bc      0x3a8 G:/WorK/github/synesthesia_moksha/wxp/dgn/sw/limbus_bsp/\libchibios_v246_bsp.a(altera_avalon_uart_init.o)
                0x001822bc                altera_avalon_uart_init
                0x00182610                altera_avalon_uart_close
 .text          0x00182664      0x254 G:/WorK/github/synesthesia_moksha/wxp/dgn/sw/limbus_bsp/\libchibios_v246_bsp.a(altera_avalon_uart_read.o)
                0x001826b4                altera_avalon_uart_read
 .text          0x001828b8      0x1f8 G:/WorK/github/synesthesia_moksha/wxp/dgn/sw/limbus_bsp/\libchibios_v246_bsp.a(altera_avalon_uart_write.o)
                0x00182908                altera_avalon_uart_write
 .text          0x00182ab0      0x30c G:/WorK/github/synesthesia_moksha/wxp/dgn/sw/limbus_bsp/\libchibios_v246_bsp.a(chdynamic.o)
                0x00182ab0                chThdAddRef
                0x00182b14                chThdRelease
                0x00182c3c                chThdCreateFromHeap
                0x00182cf4                chThdCreateFromMemoryPool
 .text          0x00182dbc      0x4c8 G:/WorK/github/synesthesia_moksha/wxp/dgn/sw/limbus_bsp/\libchibios_v246_bsp.a(chheap.o)
                0x00182dbc                _heap_init
                0x00182e18                chHeapInit
                0x00182ea0                chHeapAlloc
                0x00183044                chHeapFree
                0x001831c4                chHeapStatus
 .text          0x00183284      0x148 G:/WorK/github/synesthesia_moksha/wxp/dgn/sw/limbus_bsp/\libchibios_v246_bsp.a(chmemcore.o)
                0x00183284                _core_init
                0x001832cc                chCoreAlloc
                0x0018332c                chCoreAllocI
                0x001833a0                chCoreStatus
 .text          0x001833cc      0x1f4 G:/WorK/github/synesthesia_moksha/wxp/dgn/sw/limbus_bsp/\libchibios_v246_bsp.a(chmempools.o)
                0x001833cc                chPoolInit
                0x00183428                chPoolAllocI
                0x001834a8                chPoolAlloc
                0x00183508                chPoolFreeI
                0x00183560                chPoolFree
 .text          0x001835c0      0x76c G:/WorK/github/synesthesia_moksha/wxp/dgn/sw/limbus_bsp/\libchibios_v246_bsp.a(chmtx.o)
                0x001836f0                chMtxInit
                0x00183734                chMtxLock
                0x0018378c                chMtxLockS
                0x001838e8                chMtxTryLock
                0x00183948                chMtxTryLockS
                0x001839c0                chMtxUnlock
                0x00183b0c                chMtxUnlockS
                0x00183c2c                chMtxUnlockAll
 .text          0x00183d2c      0x59c G:/WorK/github/synesthesia_moksha/wxp/dgn/sw/limbus_bsp/\libchibios_v246_bsp.a(chschd.o)
                0x00183dc8                _scheduler_init
                0x00183e58                chSchReadyI
                0x00183eec                chSchGoSleepS
                0x00184028                chSchGoSleepTimeoutS
                0x001840c4                chSchWakeupS
                0x00184174                chSchRescheduleS
                0x001841c0                chSchIsPreemptionRequired
                0x00184238                chSchDoReschedule
 .text          0x001842c8      0x200 G:/WorK/github/synesthesia_moksha/wxp/dgn/sw/limbus_bsp/\libchibios_v246_bsp.a(chsys.o)
                0x001842c8                _idle_thread
                0x001842f8                chSysInit
                0x001843a4                chSysTimerHandlerI
 .text          0x001844c8      0x140 G:/WorK/github/synesthesia_moksha/wxp/dgn/sw/limbus_bsp/\libchibios_v246_bsp.a(alt_alarm_start.o)
                0x001844c8                alt_alarm_start
 .text          0x00184608      0x11c G:/WorK/github/synesthesia_moksha/wxp/dgn/sw/limbus_bsp/\libchibios_v246_bsp.a(alt_close.o)
                0x00184658                close
 .text          0x00184724       0x1c G:/WorK/github/synesthesia_moksha/wxp/dgn/sw/limbus_bsp/\libchibios_v246_bsp.a(alt_dcache_flush_all.o)
                0x00184724                alt_dcache_flush_all
 .text          0x00184740       0x2c G:/WorK/github/synesthesia_moksha/wxp/dgn/sw/limbus_bsp/\libchibios_v246_bsp.a(alt_dev.o)
 .text          0x0018476c       0xf0 G:/WorK/github/synesthesia_moksha/wxp/dgn/sw/limbus_bsp/\libchibios_v246_bsp.a(alt_dev_llist_insert.o)
                0x001847bc                alt_dev_llist_insert
 .text          0x0018485c       0x5c G:/WorK/github/synesthesia_moksha/wxp/dgn/sw/limbus_bsp/\libchibios_v246_bsp.a(alt_do_ctors.o)
                0x0018485c                _do_ctors
 .text          0x001848b8       0x5c G:/WorK/github/synesthesia_moksha/wxp/dgn/sw/limbus_bsp/\libchibios_v246_bsp.a(alt_do_dtors.o)
                0x001848b8                _do_dtors
 .text          0x00184914        0x0 G:/WorK/github/synesthesia_moksha/wxp/dgn/sw/limbus_bsp/\libchibios_v246_bsp.a(alt_errno.o)
 .text          0x00184914       0x1c G:/WorK/github/synesthesia_moksha/wxp/dgn/sw/limbus_bsp/\libchibios_v246_bsp.a(alt_icache_flush_all.o)
                0x00184914                alt_icache_flush_all
 .text          0x00184930      0x1d8 G:/WorK/github/synesthesia_moksha/wxp/dgn/sw/limbus_bsp/\libchibios_v246_bsp.a(alt_iic.o)
                0x00184930                alt_ic_isr_register
                0x00184980                alt_ic_irq_enable
                0x00184a1c                alt_ic_irq_disable
                0x00184abc                alt_ic_irq_enabled
 .text          0x00184b08       0xf0 G:/WorK/github/synesthesia_moksha/wxp/dgn/sw/limbus_bsp/\libchibios_v246_bsp.a(alt_iic_isr_register.o)
                0x00184b08                alt_iic_isr_register
 .text          0x00184bf8      0x158 G:/WorK/github/synesthesia_moksha/wxp/dgn/sw/limbus_bsp/\libchibios_v246_bsp.a(alt_io_redirect.o)
                0x00184cd8                alt_io_redirect
 .text          0x00184d50        0x0 G:/WorK/github/synesthesia_moksha/wxp/dgn/sw/limbus_bsp/\libchibios_v246_bsp.a(alt_irq_entry.o)
 .text          0x00184d50        0x0 G:/WorK/github/synesthesia_moksha/wxp/dgn/sw/limbus_bsp/\libchibios_v246_bsp.a(alt_irq_handler.o)
 .text          0x00184d50        0x0 G:/WorK/github/synesthesia_moksha/wxp/dgn/sw/limbus_bsp/\libchibios_v246_bsp.a(alt_irq_vars.o)
 .text          0x00184d50      0x298 G:/WorK/github/synesthesia_moksha/wxp/dgn/sw/limbus_bsp/\libchibios_v246_bsp.a(alt_open.o)
                0x00184e90                open
 .text          0x00184fe8       0x80 G:/WorK/github/synesthesia_moksha/wxp/dgn/sw/limbus_bsp/\libchibios_v246_bsp.a(alt_release_fd.o)
                0x00184fe8                alt_release_fd
 .text          0x00185068      0x19c G:/WorK/github/synesthesia_moksha/wxp/dgn/sw/limbus_bsp/\libchibios_v246_bsp.a(alt_tick.o)
                0x00185068                alt_alarm_stop
                0x00185100                alt_tick
 .text          0x00185204       0x20 G:/WorK/github/synesthesia_moksha/wxp/dgn/sw/limbus_bsp/\libchibios_v246_bsp.a(altera_nios2_qsys_irq.o)
                0x00185204                altera_nios2_qsys_irq_init
 .text          0x00185224      0x108 G:/WorK/github/synesthesia_moksha/wxp/dgn/sw/limbus_bsp/\libchibios_v246_bsp.a(chregistry.o)
                0x00185224                chRegFirstThread
                0x00185294                chRegNextThread
 .text          0x0018532c       0x50 G:/WorK/github/synesthesia_moksha/wxp/dgn/sw/limbus_bsp/\libchibios_v246_bsp.a(chcore.o)
                0x0018532c                port_halt
                0x00185354                port_time_tick
 .text          0x0018537c        0x0 G:/WorK/github/synesthesia_moksha/wxp/dgn/sw/limbus_bsp/\libchibios_v246_bsp.a(alt_exception_entry.o)
 .text          0x0018537c       0x90 G:/WorK/github/synesthesia_moksha/wxp/dgn/sw/limbus_bsp/\libchibios_v246_bsp.a(alt_find_dev.o)
                0x0018537c                alt_find_dev
 .text          0x0018540c      0x114 G:/WorK/github/synesthesia_moksha/wxp/dgn/sw/limbus_bsp/\libchibios_v246_bsp.a(alt_find_file.o)
                0x0018540c                alt_find_file
 .text          0x00185520       0xd4 G:/WorK/github/synesthesia_moksha/wxp/dgn/sw/limbus_bsp/\libchibios_v246_bsp.a(alt_get_fd.o)
                0x00185520                alt_get_fd
 .text          0x001855f4       0x14 c:/altera/13.1/nios2eds/bin/gnu/h-i686-mingw32/bin/../lib/gcc/nios2-elf/4.7.3/../../../../../H-i686-mingw32/nios2-elf/lib/mno-hw-mul\libc.a(lib_a-atexit.o)
                0x001855f4                atexit
 .text          0x00185608       0x38 c:/altera/13.1/nios2eds/bin/gnu/h-i686-mingw32/bin/../lib/gcc/nios2-elf/4.7.3/../../../../../H-i686-mingw32/nios2-elf/lib/mno-hw-mul\libc.a(lib_a-exit.o)
                0x00185608                exit
 .text          0x00185640       0x90 c:/altera/13.1/nios2eds/bin/gnu/h-i686-mingw32/bin/../lib/gcc/nios2-elf/4.7.3/../../../../../H-i686-mingw32/nios2-elf/lib/mno-hw-mul\libc.a(lib_a-fputs.o)
                0x00185640                _fputs_r
                0x001856b4                fputs
 .text          0x001856d0      0x4e4 c:/altera/13.1/nios2eds/bin/gnu/h-i686-mingw32/bin/../lib/gcc/nios2-elf/4.7.3/../../../../../H-i686-mingw32/nios2-elf/lib/mno-hw-mul\libc.a(lib_a-fvwrite.o)
                0x001856d0                __sfvwrite_r
 .text          0x00185bb4        0x0 c:/altera/13.1/nios2eds/bin/gnu/h-i686-mingw32/bin/../lib/gcc/nios2-elf/4.7.3/../../../../../H-i686-mingw32/nios2-elf/lib/mno-hw-mul\libc.a(lib_a-impure.o)
 .text          0x00185bb4        0x0 c:/altera/13.1/nios2eds/bin/gnu/h-i686-mingw32/bin/../lib/gcc/nios2-elf/4.7.3/../../../../../H-i686-mingw32/nios2-elf/lib/mno-hw-mul\libc.a(lib_a-int_errno.o)
 .text          0x00185bb4      0x784 c:/altera/13.1/nios2eds/bin/gnu/h-i686-mingw32/bin/../lib/gcc/nios2-elf/4.7.3/../../../../../H-i686-mingw32/nios2-elf/lib/mno-hw-mul\libc.a(lib_a-mallocr.o)
                0x00185bb4                _malloc_r
 .text          0x00186338       0xf8 c:/altera/13.1/nios2eds/bin/gnu/h-i686-mingw32/bin/../lib/gcc/nios2-elf/4.7.3/../../../../../H-i686-mingw32/nios2-elf/lib/mno-hw-mul\libc.a(lib_a-memchr.o)
                0x00186338                memchr
 .text          0x00186430       0x7c c:/altera/13.1/nios2eds/bin/gnu/h-i686-mingw32/bin/../lib/gcc/nios2-elf/4.7.3/../../../../../H-i686-mingw32/nios2-elf/lib/mno-hw-mul\libc.a(lib_a-memcmp.o)
                0x00186430                memcmp
 .text          0x001864ac      0x140 c:/altera/13.1/nios2eds/bin/gnu/h-i686-mingw32/bin/../lib/gcc/nios2-elf/4.7.3/../../../../../H-i686-mingw32/nios2-elf/lib/mno-hw-mul\libc.a(lib_a-memcpy.o)
                0x001864ac                memcpy
 .text          0x001865ec      0x18c c:/altera/13.1/nios2eds/bin/gnu/h-i686-mingw32/bin/../lib/gcc/nios2-elf/4.7.3/../../../../../H-i686-mingw32/nios2-elf/lib/mno-hw-mul\libc.a(lib_a-memmove.o)
                0x001865ec                memmove
 .text          0x00186778      0x1ac c:/altera/13.1/nios2eds/bin/gnu/h-i686-mingw32/bin/../lib/gcc/nios2-elf/4.7.3/../../../../../H-i686-mingw32/nios2-elf/lib/mno-hw-mul\libc.a(lib_a-putc.o)
                0x00186778                _putc_r
                0x00186834                putc
 .text          0x00186924      0x5fc c:/altera/13.1/nios2eds/bin/gnu/h-i686-mingw32/bin/../lib/gcc/nios2-elf/4.7.3/../../../../../H-i686-mingw32/nios2-elf/lib/mno-hw-mul\libc.a(lib_a-reallocr.o)
                0x00186924                _realloc_r
 .text          0x00186f20       0x64 c:/altera/13.1/nios2eds/bin/gnu/h-i686-mingw32/bin/../lib/gcc/nios2-elf/4.7.3/../../../../../H-i686-mingw32/nios2-elf/lib/mno-hw-mul\libc.a(lib_a-sbrkr.o)
                0x00186f20                _sbrk_r
 .text          0x00186f84       0x8c c:/altera/13.1/nios2eds/bin/gnu/h-i686-mingw32/bin/../lib/gcc/nios2-elf/4.7.3/../../../../../H-i686-mingw32/nios2-elf/lib/mno-hw-mul\libc.a(lib_a-strlen.o)
                0x00186f84                strlen
 .text          0x00187010      0x158 c:/altera/13.1/nios2eds/bin/gnu/h-i686-mingw32/bin/../lib/gcc/nios2-elf/4.7.3/../../../../../H-i686-mingw32/nios2-elf/lib/mno-hw-mul\libc.a(lib_a-wbuf.o)
                0x00187010                __swbuf_r
                0x0018714c                __swbuf
 .text          0x00187168      0x174 c:/altera/13.1/nios2eds/bin/gnu/h-i686-mingw32/bin/../lib/gcc/nios2-elf/4.7.3/../../../../../H-i686-mingw32/nios2-elf/lib/mno-hw-mul\libc.a(lib_a-wsetup.o)
                0x00187168                __swsetup_r
 .text          0x001872dc      0x130 c:/altera/13.1/nios2eds/bin/gnu/h-i686-mingw32/bin/../lib/gcc/nios2-elf/4.7.3/../../../../../H-i686-mingw32/nios2-elf/lib/mno-hw-mul\libc.a(lib_a-__atexit.o)
                0x001872dc                __register_exitproc
 .text          0x0018740c      0x1a0 c:/altera/13.1/nios2eds/bin/gnu/h-i686-mingw32/bin/../lib/gcc/nios2-elf/4.7.3/../../../../../H-i686-mingw32/nios2-elf/lib/mno-hw-mul\libc.a(lib_a-__call_atexit.o)
                0x0018740c                __call_exitprocs
 .text          0x001875ac      0x218 c:/altera/13.1/nios2eds/bin/gnu/h-i686-mingw32/bin/../lib/gcc/nios2-elf/4.7.3/../../../../../H-i686-mingw32/nios2-elf/lib/mno-hw-mul\libc.a(lib_a-fflush.o)
                0x001875ac                _fflush_r
                0x00187794                fflush
 .text          0x001877c4      0x2ec c:/altera/13.1/nios2eds/bin/gnu/h-i686-mingw32/bin/../lib/gcc/nios2-elf/4.7.3/../../../../../H-i686-mingw32/nios2-elf/lib/mno-hw-mul\libc.a(lib_a-findfp.o)
                0x001877d4                _cleanup_r
                0x001877e0                __sfmoreglue
                0x00187858                _cleanup
                0x00187868                __sinit
                0x00187974                __sfp
                0x00187a70                __sfp_lock_acquire
                0x00187a74                __sfp_lock_release
                0x00187a78                __sinit_lock_acquire
                0x00187a7c                __sinit_lock_release
                0x00187a80                __fp_lock_all
                0x00187a98                __fp_unlock_all
 .text          0x00187ab0      0x40c c:/altera/13.1/nios2eds/bin/gnu/h-i686-mingw32/bin/../lib/gcc/nios2-elf/4.7.3/../../../../../H-i686-mingw32/nios2-elf/lib/mno-hw-mul\libc.a(lib_a-freer.o)
                0x00187ab0                _malloc_trim_r
                0x00187bec                _free_r
 .text          0x00187ebc      0x160 c:/altera/13.1/nios2eds/bin/gnu/h-i686-mingw32/bin/../lib/gcc/nios2-elf/4.7.3/../../../../../H-i686-mingw32/nios2-elf/lib/mno-hw-mul\libc.a(lib_a-fwalk.o)
                0x00187ebc                _fwalk
                0x00187f64                _fwalk_reent
 .text          0x0018801c      0x1a8 c:/altera/13.1/nios2eds/bin/gnu/h-i686-mingw32/bin/../lib/gcc/nios2-elf/4.7.3/../../../../../H-i686-mingw32/nios2-elf/lib/mno-hw-mul\libc.a(lib_a-makebuf.o)
                0x0018801c                __smakebuf_r
 .text          0x001881c4       0xdc c:/altera/13.1/nios2eds/bin/gnu/h-i686-mingw32/bin/../lib/gcc/nios2-elf/4.7.3/../../../../../H-i686-mingw32/nios2-elf/lib/mno-hw-mul\libc.a(lib_a-memset.o)
                0x001881c4                memset
 .text          0x001882a0      0x140 c:/altera/13.1/nios2eds/bin/gnu/h-i686-mingw32/bin/../lib/gcc/nios2-elf/4.7.3/../../../../../H-i686-mingw32/nios2-elf/lib/mno-hw-mul\libc.a(lib_a-stdio.o)
                0x001882a0                __sread
                0x001882f4                __swrite
                0x0018837c                __sseek
                0x001883d8                __sclose
 .text          0x001883e0       0x6c c:/altera/13.1/nios2eds/bin/gnu/h-i686-mingw32/bin/../lib/gcc/nios2-elf/4.7.3/../../../../../H-i686-mingw32/nios2-elf/lib/mno-hw-mul\libc.a(lib_a-writer.o)
                0x001883e0                _write_r
 .text          0x0018844c       0x64 c:/altera/13.1/nios2eds/bin/gnu/h-i686-mingw32/bin/../lib/gcc/nios2-elf/4.7.3/../../../../../H-i686-mingw32/nios2-elf/lib/mno-hw-mul\libc.a(lib_a-closer.o)
                0x0018844c                _close_r
 .text          0x001884b0      0x150 c:/altera/13.1/nios2eds/bin/gnu/h-i686-mingw32/bin/../lib/gcc/nios2-elf/4.7.3/../../../../../H-i686-mingw32/nios2-elf/lib/mno-hw-mul\libc.a(lib_a-fclose.o)
                0x001884b0                _fclose_r
                0x001885ec                fclose
 .text          0x00188600       0x68 c:/altera/13.1/nios2eds/bin/gnu/h-i686-mingw32/bin/../lib/gcc/nios2-elf/4.7.3/../../../../../H-i686-mingw32/nios2-elf/lib/mno-hw-mul\libc.a(lib_a-fstatr.o)
                0x00188600                _fstat_r
 .text          0x00188668       0x64 c:/altera/13.1/nios2eds/bin/gnu/h-i686-mingw32/bin/../lib/gcc/nios2-elf/4.7.3/../../../../../H-i686-mingw32/nios2-elf/lib/mno-hw-mul\libc.a(lib_a-isattyr.o)
                0x00188668                _isatty_r
 .text          0x001886cc       0x6c c:/altera/13.1/nios2eds/bin/gnu/h-i686-mingw32/bin/../lib/gcc/nios2-elf/4.7.3/../../../../../H-i686-mingw32/nios2-elf/lib/mno-hw-mul\libc.a(lib_a-lseekr.o)
                0x001886cc                _lseek_r
 .text          0x00188738       0x6c c:/altera/13.1/nios2eds/bin/gnu/h-i686-mingw32/bin/../lib/gcc/nios2-elf/4.7.3/../../../../../H-i686-mingw32/nios2-elf/lib/mno-hw-mul\libc.a(lib_a-readr.o)
                0x00188738                _read_r
 .text          0x001887a4       0x40 G:/WorK/github/synesthesia_moksha/wxp/dgn/sw/limbus_bsp/\libchibios_v246_bsp.a(alt_exit.o)
                0x001887a4                _exit
 .text          0x001887e4      0x100 G:/WorK/github/synesthesia_moksha/wxp/dgn/sw/limbus_bsp/\libchibios_v246_bsp.a(alt_fstat.o)
                0x00188834                fstat
 .text          0x001888e4       0xf4 G:/WorK/github/synesthesia_moksha/wxp/dgn/sw/limbus_bsp/\libchibios_v246_bsp.a(alt_isatty.o)
                0x00188934                isatty
 .text          0x001889d8      0x124 G:/WorK/github/synesthesia_moksha/wxp/dgn/sw/limbus_bsp/\libchibios_v246_bsp.a(alt_lseek.o)
                0x00188a28                lseek
 .text          0x00188afc       0x40 G:/WorK/github/synesthesia_moksha/wxp/dgn/sw/limbus_bsp/\libchibios_v246_bsp.a(alt_malloc_lock.o)
                0x00188afc                __malloc_lock
                0x00188b1c                __malloc_unlock
 .text          0x00188b3c      0x144 G:/WorK/github/synesthesia_moksha/wxp/dgn/sw/limbus_bsp/\libchibios_v246_bsp.a(alt_read.o)
                0x00188b8c                read
 .text          0x00188c80       0xb0 G:/WorK/github/synesthesia_moksha/wxp/dgn/sw/limbus_bsp/\libchibios_v246_bsp.a(alt_sbrk.o)
                0x00188c80                sbrk
 .text          0x00188d30      0x140 G:/WorK/github/synesthesia_moksha/wxp/dgn/sw/limbus_bsp/\libchibios_v246_bsp.a(alt_write.o)
                0x00188d80                write
 *(.gnu.warning.*)
 *(.fini)
                0x00188e70                PROVIDE (__etext, ABSOLUTE (.))
                0x00188e70                PROVIDE (_etext, ABSOLUTE (.))
                0x00188e70                PROVIDE (etext, ABSOLUTE (.))
 *(.eh_frame_hdr)
                0x00188e70                . = ALIGN (0x4)
                0x00188e70                PROVIDE (__preinit_array_start, ABSOLUTE (.))
 *(.preinit_array)
                0x00188e70                PROVIDE (__preinit_array_end, ABSOLUTE (.))
                0x00188e70                PROVIDE (__init_array_start, ABSOLUTE (.))
 *(.init_array)
                0x00188e70                PROVIDE (__init_array_end, ABSOLUTE (.))
                0x00188e70                PROVIDE (__fini_array_start, ABSOLUTE (.))
 *(.fini_array)
                0x00188e70                PROVIDE (__fini_array_end, ABSOLUTE (.))
 *(.eh_frame)
 *(.gcc_except_table .gcc_except_table.*)
 *(.dynamic)
                0x00188e70                PROVIDE (__CTOR_LIST__, ABSOLUTE (.))
 *(.ctors)
 *(SORT(.ctors.*))
                0x00188e70                PROVIDE (__CTOR_END__, ABSOLUTE (.))
                0x00188e70                PROVIDE (__DTOR_LIST__, ABSOLUTE (.))
 *(.dtors)
 *(SORT(.dtors.*))
                0x00188e70                PROVIDE (__DTOR_END__, ABSOLUTE (.))
 *(.jcr)
                0x00188e70                . = ALIGN (0x4)

.rodata         0x00188e70       0xbc
                0x00188e70                PROVIDE (__ram_rodata_start, ABSOLUTE (.))
                0x00188e70                . = ALIGN (0x4)
 *(.rodata .rodata.* .gnu.linkonce.r.*)
 .rodata.str1.4
                0x00188e70       0x1e obj/default/hello_world_small.o
                                 0x20 (size before relaxing)
 *fill*         0x00188e8e        0x2 
 .rodata.str1.4
                0x00188e90       0x3f obj/default/ledos/cortex/acortex/i2c/i2c.o
                                 0x40 (size before relaxing)
 *fill*         0x00188ecf        0x1 
 .rodata        0x00188ed0       0x10 G:/WorK/github/synesthesia_moksha/wxp/dgn/sw/limbus_bsp/\libchibios_v246_bsp.a(alt_main.o)
 .rodata        0x00188ee0       0x1c G:/WorK/github/synesthesia_moksha/wxp/dgn/sw/limbus_bsp/\libchibios_v246_bsp.a(alt_sys_init.o)
 .rodata        0x00188efc        0x8 G:/WorK/github/synesthesia_moksha/wxp/dgn/sw/limbus_bsp/\libchibios_v246_bsp.a(chsys.o)
 .rodata        0x00188f04        0xc G:/WorK/github/synesthesia_moksha/wxp/dgn/sw/limbus_bsp/\libchibios_v246_bsp.a(alt_dev.o)
 .rodata        0x00188f10       0x16 G:/WorK/github/synesthesia_moksha/wxp/dgn/sw/limbus_bsp/\libchibios_v246_bsp.a(chregistry.o)
                0x00188f10                ch_debug
 *fill*         0x00188f26        0x2 
 .rodata.str1.4
                0x00188f28        0x4 c:/altera/13.1/nios2eds/bin/gnu/h-i686-mingw32/bin/../lib/gcc/nios2-elf/4.7.3/../../../../../H-i686-mingw32/nios2-elf/lib/mno-hw-mul\libc.a(lib_a-impure.o)
 *(.rodata1)
                0x00188f2c                . = ALIGN (0x4)
                0x00188f2c                PROVIDE (__ram_rodata_end, ABSOLUTE (.))
                0x00188e70                PROVIDE (__flash_rodata_start, LOADADDR (.rodata))

.rwdata         0x00188f2c     0x1b0c load address 0x0018aa38
                0x00188f2c                PROVIDE (__ram_rwdata_start, ABSOLUTE (.))
                0x00188f2c                . = ALIGN (0x4)
 *(.got.plt)
 *(.got)
 *(.data1)
 *(.data .data.* .gnu.linkonce.d.*)
 .data          0x00188f2c        0x0 G:/WorK/github/synesthesia_moksha/wxp/dgn/sw/limbus_bsp//obj/HAL/src/crt0.o
 .data          0x00188f2c        0x0 obj/default/hello_world_small.o
 .data          0x00188f2c        0x0 obj/default/ledos/aud_codec/aud_codec.o
 .data          0x00188f2c        0x0 obj/default/ledos/cortex/acortex/i2c/i2c.o
 .data          0x00188f2c        0x0 obj/default/ledos/cortex/acortex/pcm_bffr/pcm_bffr.o
 .data          0x00188f2c        0x0 obj/default/ledos/cortex/acortex/ssm2603_drvr/ssm2603_drvr.o
 .data          0x00188f2c        0x0 c:/altera/13.1/nios2eds/bin/gnu/h-i686-mingw32/bin/../lib/gcc/nios2-elf/4.7.3/mno-hw-mul\libgcc.a(lib2-mul.o)
 .data          0x00188f2c        0x0 G:/WorK/github/synesthesia_moksha/wxp/dgn/sw/limbus_bsp/\libchibios_v246_bsp.a(chthreads.o)
 .data          0x00188f2c        0x0 G:/WorK/github/synesthesia_moksha/wxp/dgn/sw/limbus_bsp/\libchibios_v246_bsp.a(chvt.o)
 .data          0x00188f2c        0x0 G:/WorK/github/synesthesia_moksha/wxp/dgn/sw/limbus_bsp/\libchibios_v246_bsp.a(chcoreasm.o)
 .data          0x00188f2c        0x0 G:/WorK/github/synesthesia_moksha/wxp/dgn/sw/limbus_bsp/\libchibios_v246_bsp.a(alt_load.o)
 .data          0x00188f2c        0x0 G:/WorK/github/synesthesia_moksha/wxp/dgn/sw/limbus_bsp/\libchibios_v246_bsp.a(alt_main.o)
 .data          0x00188f2c        0x0 G:/WorK/github/synesthesia_moksha/wxp/dgn/sw/limbus_bsp/\libchibios_v246_bsp.a(alt_printf.o)
 .data          0x00188f2c        0x0 G:/WorK/github/synesthesia_moksha/wxp/dgn/sw/limbus_bsp/\libchibios_v246_bsp.a(alt_putchar.o)
 .data          0x00188f2c        0x0 G:/WorK/github/synesthesia_moksha/wxp/dgn/sw/limbus_bsp/\libchibios_v246_bsp.a(alt_putstr.o)
 .data          0x00188f2c     0x1124 G:/WorK/github/synesthesia_moksha/wxp/dgn/sw/limbus_bsp/\libchibios_v246_bsp.a(alt_sys_init.o)
 .data          0x0018a050        0x0 G:/WorK/github/synesthesia_moksha/wxp/dgn/sw/limbus_bsp/\libchibios_v246_bsp.a(altera_avalon_jtag_uart_fd.o)
 .data          0x0018a050        0x0 G:/WorK/github/synesthesia_moksha/wxp/dgn/sw/limbus_bsp/\libchibios_v246_bsp.a(altera_avalon_jtag_uart_init.o)
 .data          0x0018a050        0x0 G:/WorK/github/synesthesia_moksha/wxp/dgn/sw/limbus_bsp/\libchibios_v246_bsp.a(altera_avalon_jtag_uart_ioctl.o)
 .data          0x0018a050        0x0 G:/WorK/github/synesthesia_moksha/wxp/dgn/sw/limbus_bsp/\libchibios_v246_bsp.a(altera_avalon_jtag_uart_read.o)
 .data          0x0018a050        0x0 G:/WorK/github/synesthesia_moksha/wxp/dgn/sw/limbus_bsp/\libchibios_v246_bsp.a(altera_avalon_jtag_uart_write.o)
 .data          0x0018a050        0x0 G:/WorK/github/synesthesia_moksha/wxp/dgn/sw/limbus_bsp/\libchibios_v246_bsp.a(altera_avalon_timer_sc.o)
 .data          0x0018a050        0x0 G:/WorK/github/synesthesia_moksha/wxp/dgn/sw/limbus_bsp/\libchibios_v246_bsp.a(altera_avalon_uart_fd.o)
 .data          0x0018a050        0x0 G:/WorK/github/synesthesia_moksha/wxp/dgn/sw/limbus_bsp/\libchibios_v246_bsp.a(altera_avalon_uart_init.o)
 .data          0x0018a050        0x0 G:/WorK/github/synesthesia_moksha/wxp/dgn/sw/limbus_bsp/\libchibios_v246_bsp.a(altera_avalon_uart_read.o)
 .data          0x0018a050        0x0 G:/WorK/github/synesthesia_moksha/wxp/dgn/sw/limbus_bsp/\libchibios_v246_bsp.a(altera_avalon_uart_write.o)
 .data          0x0018a050        0x0 G:/WorK/github/synesthesia_moksha/wxp/dgn/sw/limbus_bsp/\libchibios_v246_bsp.a(chdynamic.o)
 .data          0x0018a050        0x0 G:/WorK/github/synesthesia_moksha/wxp/dgn/sw/limbus_bsp/\libchibios_v246_bsp.a(chheap.o)
 .data          0x0018a050        0x0 G:/WorK/github/synesthesia_moksha/wxp/dgn/sw/limbus_bsp/\libchibios_v246_bsp.a(chmemcore.o)
 .data          0x0018a050        0x0 G:/WorK/github/synesthesia_moksha/wxp/dgn/sw/limbus_bsp/\libchibios_v246_bsp.a(chmempools.o)
 .data          0x0018a050        0x0 G:/WorK/github/synesthesia_moksha/wxp/dgn/sw/limbus_bsp/\libchibios_v246_bsp.a(chmtx.o)
 .data          0x0018a050        0x0 G:/WorK/github/synesthesia_moksha/wxp/dgn/sw/limbus_bsp/\libchibios_v246_bsp.a(chschd.o)
 .data          0x0018a050        0x0 G:/WorK/github/synesthesia_moksha/wxp/dgn/sw/limbus_bsp/\libchibios_v246_bsp.a(chsys.o)
 .data          0x0018a050        0x0 G:/WorK/github/synesthesia_moksha/wxp/dgn/sw/limbus_bsp/\libchibios_v246_bsp.a(alt_alarm_start.o)
 .data          0x0018a050        0x0 G:/WorK/github/synesthesia_moksha/wxp/dgn/sw/limbus_bsp/\libchibios_v246_bsp.a(alt_close.o)
 .data          0x0018a050        0x0 G:/WorK/github/synesthesia_moksha/wxp/dgn/sw/limbus_bsp/\libchibios_v246_bsp.a(alt_dcache_flush_all.o)
 .data          0x0018a050      0x1a8 G:/WorK/github/synesthesia_moksha/wxp/dgn/sw/limbus_bsp/\libchibios_v246_bsp.a(alt_dev.o)
                0x0018a050                alt_dev_null
                0x0018a078                alt_fd_list
 .data          0x0018a1f8        0x0 G:/WorK/github/synesthesia_moksha/wxp/dgn/sw/limbus_bsp/\libchibios_v246_bsp.a(alt_dev_llist_insert.o)
 .data          0x0018a1f8        0x0 G:/WorK/github/synesthesia_moksha/wxp/dgn/sw/limbus_bsp/\libchibios_v246_bsp.a(alt_do_ctors.o)
 .data          0x0018a1f8        0x0 G:/WorK/github/synesthesia_moksha/wxp/dgn/sw/limbus_bsp/\libchibios_v246_bsp.a(alt_do_dtors.o)
 .data          0x0018a1f8        0x0 G:/WorK/github/synesthesia_moksha/wxp/dgn/sw/limbus_bsp/\libchibios_v246_bsp.a(alt_errno.o)
 .data          0x0018a1f8        0x0 G:/WorK/github/synesthesia_moksha/wxp/dgn/sw/limbus_bsp/\libchibios_v246_bsp.a(alt_icache_flush_all.o)
 .data          0x0018a1f8        0x0 G:/WorK/github/synesthesia_moksha/wxp/dgn/sw/limbus_bsp/\libchibios_v246_bsp.a(alt_iic.o)
 .data          0x0018a1f8        0x0 G:/WorK/github/synesthesia_moksha/wxp/dgn/sw/limbus_bsp/\libchibios_v246_bsp.a(alt_iic_isr_register.o)
 .data          0x0018a1f8        0x0 G:/WorK/github/synesthesia_moksha/wxp/dgn/sw/limbus_bsp/\libchibios_v246_bsp.a(alt_io_redirect.o)
 .data          0x0018a1f8        0x0 G:/WorK/github/synesthesia_moksha/wxp/dgn/sw/limbus_bsp/\libchibios_v246_bsp.a(alt_irq_entry.o)
 .data          0x0018a1f8        0x0 G:/WorK/github/synesthesia_moksha/wxp/dgn/sw/limbus_bsp/\libchibios_v246_bsp.a(alt_irq_handler.o)
 .data          0x0018a1f8        0x0 G:/WorK/github/synesthesia_moksha/wxp/dgn/sw/limbus_bsp/\libchibios_v246_bsp.a(alt_irq_vars.o)
 .data          0x0018a1f8        0x0 G:/WorK/github/synesthesia_moksha/wxp/dgn/sw/limbus_bsp/\libchibios_v246_bsp.a(alt_open.o)
 .data          0x0018a1f8        0x0 G:/WorK/github/synesthesia_moksha/wxp/dgn/sw/limbus_bsp/\libchibios_v246_bsp.a(alt_release_fd.o)
 .data          0x0018a1f8        0x0 G:/WorK/github/synesthesia_moksha/wxp/dgn/sw/limbus_bsp/\libchibios_v246_bsp.a(alt_tick.o)
 .data          0x0018a1f8        0x0 G:/WorK/github/synesthesia_moksha/wxp/dgn/sw/limbus_bsp/\libchibios_v246_bsp.a(altera_nios2_qsys_irq.o)
 .data          0x0018a1f8        0x0 G:/WorK/github/synesthesia_moksha/wxp/dgn/sw/limbus_bsp/\libchibios_v246_bsp.a(chregistry.o)
 .data          0x0018a1f8        0x0 G:/WorK/github/synesthesia_moksha/wxp/dgn/sw/limbus_bsp/\libchibios_v246_bsp.a(chcore.o)
 .data          0x0018a1f8        0x0 G:/WorK/github/synesthesia_moksha/wxp/dgn/sw/limbus_bsp/\libchibios_v246_bsp.a(alt_exception_entry.o)
 .data          0x0018a1f8        0x0 G:/WorK/github/synesthesia_moksha/wxp/dgn/sw/limbus_bsp/\libchibios_v246_bsp.a(alt_find_dev.o)
 .data          0x0018a1f8        0x0 G:/WorK/github/synesthesia_moksha/wxp/dgn/sw/limbus_bsp/\libchibios_v246_bsp.a(alt_find_file.o)
 .data          0x0018a1f8        0x0 G:/WorK/github/synesthesia_moksha/wxp/dgn/sw/limbus_bsp/\libchibios_v246_bsp.a(alt_get_fd.o)
 .data          0x0018a1f8        0x0 c:/altera/13.1/nios2eds/bin/gnu/h-i686-mingw32/bin/../lib/gcc/nios2-elf/4.7.3/../../../../../H-i686-mingw32/nios2-elf/lib/mno-hw-mul\libc.a(lib_a-atexit.o)
 .data          0x0018a1f8        0x0 c:/altera/13.1/nios2eds/bin/gnu/h-i686-mingw32/bin/../lib/gcc/nios2-elf/4.7.3/../../../../../H-i686-mingw32/nios2-elf/lib/mno-hw-mul\libc.a(lib_a-exit.o)
 .data          0x0018a1f8        0x0 c:/altera/13.1/nios2eds/bin/gnu/h-i686-mingw32/bin/../lib/gcc/nios2-elf/4.7.3/../../../../../H-i686-mingw32/nios2-elf/lib/mno-hw-mul\libc.a(lib_a-fputs.o)
 .data          0x0018a1f8        0x0 c:/altera/13.1/nios2eds/bin/gnu/h-i686-mingw32/bin/../lib/gcc/nios2-elf/4.7.3/../../../../../H-i686-mingw32/nios2-elf/lib/mno-hw-mul\libc.a(lib_a-fvwrite.o)
 .data          0x0018a1f8      0x400 c:/altera/13.1/nios2eds/bin/gnu/h-i686-mingw32/bin/../lib/gcc/nios2-elf/4.7.3/../../../../../H-i686-mingw32/nios2-elf/lib/mno-hw-mul\libc.a(lib_a-impure.o)
 .data          0x0018a5f8        0x0 c:/altera/13.1/nios2eds/bin/gnu/h-i686-mingw32/bin/../lib/gcc/nios2-elf/4.7.3/../../../../../H-i686-mingw32/nios2-elf/lib/mno-hw-mul\libc.a(lib_a-int_errno.o)
 .data          0x0018a5f8      0x408 c:/altera/13.1/nios2eds/bin/gnu/h-i686-mingw32/bin/../lib/gcc/nios2-elf/4.7.3/../../../../../H-i686-mingw32/nios2-elf/lib/mno-hw-mul\libc.a(lib_a-mallocr.o)
                0x0018a5f8                __malloc_av_
 .data          0x0018aa00        0x0 c:/altera/13.1/nios2eds/bin/gnu/h-i686-mingw32/bin/../lib/gcc/nios2-elf/4.7.3/../../../../../H-i686-mingw32/nios2-elf/lib/mno-hw-mul\libc.a(lib_a-memchr.o)
 .data          0x0018aa00        0x0 c:/altera/13.1/nios2eds/bin/gnu/h-i686-mingw32/bin/../lib/gcc/nios2-elf/4.7.3/../../../../../H-i686-mingw32/nios2-elf/lib/mno-hw-mul\libc.a(lib_a-memcmp.o)
 .data          0x0018aa00        0x0 c:/altera/13.1/nios2eds/bin/gnu/h-i686-mingw32/bin/../lib/gcc/nios2-elf/4.7.3/../../../../../H-i686-mingw32/nios2-elf/lib/mno-hw-mul\libc.a(lib_a-memcpy.o)
 .data          0x0018aa00        0x0 c:/altera/13.1/nios2eds/bin/gnu/h-i686-mingw32/bin/../lib/gcc/nios2-elf/4.7.3/../../../../../H-i686-mingw32/nios2-elf/lib/mno-hw-mul\libc.a(lib_a-memmove.o)
 .data          0x0018aa00        0x0 c:/altera/13.1/nios2eds/bin/gnu/h-i686-mingw32/bin/../lib/gcc/nios2-elf/4.7.3/../../../../../H-i686-mingw32/nios2-elf/lib/mno-hw-mul\libc.a(lib_a-putc.o)
 .data          0x0018aa00        0x0 c:/altera/13.1/nios2eds/bin/gnu/h-i686-mingw32/bin/../lib/gcc/nios2-elf/4.7.3/../../../../../H-i686-mingw32/nios2-elf/lib/mno-hw-mul\libc.a(lib_a-reallocr.o)
 .data          0x0018aa00        0x0 c:/altera/13.1/nios2eds/bin/gnu/h-i686-mingw32/bin/../lib/gcc/nios2-elf/4.7.3/../../../../../H-i686-mingw32/nios2-elf/lib/mno-hw-mul\libc.a(lib_a-sbrkr.o)
 .data          0x0018aa00        0x0 c:/altera/13.1/nios2eds/bin/gnu/h-i686-mingw32/bin/../lib/gcc/nios2-elf/4.7.3/../../../../../H-i686-mingw32/nios2-elf/lib/mno-hw-mul\libc.a(lib_a-strlen.o)
 .data          0x0018aa00        0x0 c:/altera/13.1/nios2eds/bin/gnu/h-i686-mingw32/bin/../lib/gcc/nios2-elf/4.7.3/../../../../../H-i686-mingw32/nios2-elf/lib/mno-hw-mul\libc.a(lib_a-wbuf.o)
 .data          0x0018aa00        0x0 c:/altera/13.1/nios2eds/bin/gnu/h-i686-mingw32/bin/../lib/gcc/nios2-elf/4.7.3/../../../../../H-i686-mingw32/nios2-elf/lib/mno-hw-mul\libc.a(lib_a-wsetup.o)
 .data          0x0018aa00        0x0 c:/altera/13.1/nios2eds/bin/gnu/h-i686-mingw32/bin/../lib/gcc/nios2-elf/4.7.3/../../../../../H-i686-mingw32/nios2-elf/lib/mno-hw-mul\libc.a(lib_a-__atexit.o)
 .data          0x0018aa00        0x0 c:/altera/13.1/nios2eds/bin/gnu/h-i686-mingw32/bin/../lib/gcc/nios2-elf/4.7.3/../../../../../H-i686-mingw32/nios2-elf/lib/mno-hw-mul\libc.a(lib_a-__call_atexit.o)
 .data          0x0018aa00        0x0 c:/altera/13.1/nios2eds/bin/gnu/h-i686-mingw32/bin/../lib/gcc/nios2-elf/4.7.3/../../../../../H-i686-mingw32/nios2-elf/lib/mno-hw-mul\libc.a(lib_a-fflush.o)
 .data          0x0018aa00        0x0 c:/altera/13.1/nios2eds/bin/gnu/h-i686-mingw32/bin/../lib/gcc/nios2-elf/4.7.3/../../../../../H-i686-mingw32/nios2-elf/lib/mno-hw-mul\libc.a(lib_a-findfp.o)
 .data          0x0018aa00        0x0 c:/altera/13.1/nios2eds/bin/gnu/h-i686-mingw32/bin/../lib/gcc/nios2-elf/4.7.3/../../../../../H-i686-mingw32/nios2-elf/lib/mno-hw-mul\libc.a(lib_a-freer.o)
 .data          0x0018aa00        0x0 c:/altera/13.1/nios2eds/bin/gnu/h-i686-mingw32/bin/../lib/gcc/nios2-elf/4.7.3/../../../../../H-i686-mingw32/nios2-elf/lib/mno-hw-mul\libc.a(lib_a-fwalk.o)
 .data          0x0018aa00        0x0 c:/altera/13.1/nios2eds/bin/gnu/h-i686-mingw32/bin/../lib/gcc/nios2-elf/4.7.3/../../../../../H-i686-mingw32/nios2-elf/lib/mno-hw-mul\libc.a(lib_a-makebuf.o)
 .data          0x0018aa00        0x0 c:/altera/13.1/nios2eds/bin/gnu/h-i686-mingw32/bin/../lib/gcc/nios2-elf/4.7.3/../../../../../H-i686-mingw32/nios2-elf/lib/mno-hw-mul\libc.a(lib_a-memset.o)
 .data          0x0018aa00        0x0 c:/altera/13.1/nios2eds/bin/gnu/h-i686-mingw32/bin/../lib/gcc/nios2-elf/4.7.3/../../../../../H-i686-mingw32/nios2-elf/lib/mno-hw-mul\libc.a(lib_a-stdio.o)
 .data          0x0018aa00        0x0 c:/altera/13.1/nios2eds/bin/gnu/h-i686-mingw32/bin/../lib/gcc/nios2-elf/4.7.3/../../../../../H-i686-mingw32/nios2-elf/lib/mno-hw-mul\libc.a(lib_a-writer.o)
 .data          0x0018aa00        0x0 c:/altera/13.1/nios2eds/bin/gnu/h-i686-mingw32/bin/../lib/gcc/nios2-elf/4.7.3/../../../../../H-i686-mingw32/nios2-elf/lib/mno-hw-mul\libc.a(lib_a-closer.o)
 .data          0x0018aa00        0x0 c:/altera/13.1/nios2eds/bin/gnu/h-i686-mingw32/bin/../lib/gcc/nios2-elf/4.7.3/../../../../../H-i686-mingw32/nios2-elf/lib/mno-hw-mul\libc.a(lib_a-fclose.o)
 .data          0x0018aa00        0x0 c:/altera/13.1/nios2eds/bin/gnu/h-i686-mingw32/bin/../lib/gcc/nios2-elf/4.7.3/../../../../../H-i686-mingw32/nios2-elf/lib/mno-hw-mul\libc.a(lib_a-fstatr.o)
 .data          0x0018aa00        0x0 c:/altera/13.1/nios2eds/bin/gnu/h-i686-mingw32/bin/../lib/gcc/nios2-elf/4.7.3/../../../../../H-i686-mingw32/nios2-elf/lib/mno-hw-mul\libc.a(lib_a-isattyr.o)
 .data          0x0018aa00        0x0 c:/altera/13.1/nios2eds/bin/gnu/h-i686-mingw32/bin/../lib/gcc/nios2-elf/4.7.3/../../../../../H-i686-mingw32/nios2-elf/lib/mno-hw-mul\libc.a(lib_a-lseekr.o)
 .data          0x0018aa00        0x0 c:/altera/13.1/nios2eds/bin/gnu/h-i686-mingw32/bin/../lib/gcc/nios2-elf/4.7.3/../../../../../H-i686-mingw32/nios2-elf/lib/mno-hw-mul\libc.a(lib_a-readr.o)
 .data          0x0018aa00        0x0 G:/WorK/github/synesthesia_moksha/wxp/dgn/sw/limbus_bsp/\libchibios_v246_bsp.a(alt_exit.o)
 .data          0x0018aa00        0x0 G:/WorK/github/synesthesia_moksha/wxp/dgn/sw/limbus_bsp/\libchibios_v246_bsp.a(alt_fstat.o)
 .data          0x0018aa00        0x0 G:/WorK/github/synesthesia_moksha/wxp/dgn/sw/limbus_bsp/\libchibios_v246_bsp.a(alt_isatty.o)
 .data          0x0018aa00        0x0 G:/WorK/github/synesthesia_moksha/wxp/dgn/sw/limbus_bsp/\libchibios_v246_bsp.a(alt_lseek.o)
 .data          0x0018aa00        0x0 G:/WorK/github/synesthesia_moksha/wxp/dgn/sw/limbus_bsp/\libchibios_v246_bsp.a(alt_malloc_lock.o)
 .data          0x0018aa00        0x0 G:/WorK/github/synesthesia_moksha/wxp/dgn/sw/limbus_bsp/\libchibios_v246_bsp.a(alt_read.o)
 .data          0x0018aa00        0x0 G:/WorK/github/synesthesia_moksha/wxp/dgn/sw/limbus_bsp/\libchibios_v246_bsp.a(alt_sbrk.o)
 .data          0x0018aa00        0x0 G:/WorK/github/synesthesia_moksha/wxp/dgn/sw/limbus_bsp/\libchibios_v246_bsp.a(alt_write.o)
                0x00192a00                _gp = ABSOLUTE ((. + 0x8000))
                0x00192a00                PROVIDE (gp, _gp)
 *(.rwdata .rwdata.*)
 *(.sdata .sdata.* .gnu.linkonce.s.*)
 .sdata         0x0018aa00       0x14 G:/WorK/github/synesthesia_moksha/wxp/dgn/sw/limbus_bsp/\libchibios_v246_bsp.a(alt_dev.o)
                0x0018aa00                alt_fs_list
                0x0018aa08                alt_dev_list
                0x0018aa10                alt_max_fd
 .sdata         0x0018aa14        0x4 G:/WorK/github/synesthesia_moksha/wxp/dgn/sw/limbus_bsp/\libchibios_v246_bsp.a(alt_errno.o)
                0x0018aa14                alt_errno
 .sdata         0x0018aa18        0x4 G:/WorK/github/synesthesia_moksha/wxp/dgn/sw/limbus_bsp/\libchibios_v246_bsp.a(alt_irq_vars.o)
                0x0018aa18                alt_priority_mask
 .sdata         0x0018aa1c        0x8 G:/WorK/github/synesthesia_moksha/wxp/dgn/sw/limbus_bsp/\libchibios_v246_bsp.a(alt_tick.o)
                0x0018aa1c                alt_alarm_list
 .sdata         0x0018aa24        0x8 c:/altera/13.1/nios2eds/bin/gnu/h-i686-mingw32/bin/../lib/gcc/nios2-elf/4.7.3/../../../../../H-i686-mingw32/nios2-elf/lib/mno-hw-mul\libc.a(lib_a-impure.o)
                0x0018aa24                _global_impure_ptr
                0x0018aa28                _impure_ptr
 .sdata         0x0018aa2c        0x8 c:/altera/13.1/nios2eds/bin/gnu/h-i686-mingw32/bin/../lib/gcc/nios2-elf/4.7.3/../../../../../H-i686-mingw32/nios2-elf/lib/mno-hw-mul\libc.a(lib_a-mallocr.o)
                0x0018aa2c                __malloc_sbrk_base
                0x0018aa30                __malloc_trim_threshold
 .sdata         0x0018aa34        0x4 G:/WorK/github/synesthesia_moksha/wxp/dgn/sw/limbus_bsp/\libchibios_v246_bsp.a(alt_sbrk.o)
 *(.sdata2 .sdata2.* .gnu.linkonce.s2.*)
                0x0018aa38                . = ALIGN (0x4)
                0x0018aa38                _edata = ABSOLUTE (.)
                0x0018aa38                PROVIDE (edata, ABSOLUTE (.))
                0x0018aa38                PROVIDE (__ram_rwdata_end, ABSOLUTE (.))
                0x0018aa38                PROVIDE (__flash_rwdata_start, LOADADDR (.rwdata))

.bss            0x0018c544      0x550
                0x0018c544                __bss_start = ABSOLUTE (.)
                0x0018c544                PROVIDE (__sbss_start, ABSOLUTE (.))
                0x0018c544                PROVIDE (___sbss_start, ABSOLUTE (.))
 *(.dynsbss)
 *(.sbss .sbss.* .gnu.linkonce.sb.*)
 .sbss          0x0018c544        0x2 obj/default/hello_world_small.o
                0x0018c544                aud_codec_i2c_bffr
 *fill*         0x0018c546        0x2 
 .sbss          0x0018c548        0xc G:/WorK/github/synesthesia_moksha/wxp/dgn/sw/limbus_bsp/\libchibios_v246_bsp.a(alt_main.o)
                0x0018c548                alt_argc
                0x0018c54c                alt_argv
                0x0018c550                alt_envp
 .sbss          0x0018c554        0x8 G:/WorK/github/synesthesia_moksha/wxp/dgn/sw/limbus_bsp/\libchibios_v246_bsp.a(chmemcore.o)
 .sbss          0x0018c55c        0x4 G:/WorK/github/synesthesia_moksha/wxp/dgn/sw/limbus_bsp/\libchibios_v246_bsp.a(alt_irq_vars.o)
                0x0018c55c                alt_irq_active
 .sbss          0x0018c560        0x8 G:/WorK/github/synesthesia_moksha/wxp/dgn/sw/limbus_bsp/\libchibios_v246_bsp.a(alt_tick.o)
                0x0018c560                _alt_tick_rate
                0x0018c564                _alt_nticks
 .sbss          0x0018c568        0x4 c:/altera/13.1/nios2eds/bin/gnu/h-i686-mingw32/bin/../lib/gcc/nios2-elf/4.7.3/../../../../../H-i686-mingw32/nios2-elf/lib/mno-hw-mul\libc.a(lib_a-int_errno.o)
                0x0018c568                errno
 .sbss          0x0018c56c        0xc c:/altera/13.1/nios2eds/bin/gnu/h-i686-mingw32/bin/../lib/gcc/nios2-elf/4.7.3/../../../../../H-i686-mingw32/nios2-elf/lib/mno-hw-mul\libc.a(lib_a-mallocr.o)
                0x0018c56c                __malloc_max_total_mem
                0x0018c570                __malloc_max_sbrked_mem
                0x0018c574                __malloc_top_pad
 *(.sbss2 .sbss2.* .gnu.linkonce.sb2.*)
 *(.scommon)
                0x0018c578                PROVIDE (__sbss_end, ABSOLUTE (.))
                0x0018c578                PROVIDE (___sbss_end, ABSOLUTE (.))
 *(.dynbss)
 *(.bss .bss.* .gnu.linkonce.b.*)
 .bss           0x0018c578        0x0 G:/WorK/github/synesthesia_moksha/wxp/dgn/sw/limbus_bsp//obj/HAL/src/crt0.o
 .bss           0x0018c578        0x0 obj/default/hello_world_small.o
 .bss           0x0018c578        0x0 obj/default/ledos/aud_codec/aud_codec.o
 .bss           0x0018c578        0x0 obj/default/ledos/cortex/acortex/i2c/i2c.o
 .bss           0x0018c578        0x0 obj/default/ledos/cortex/acortex/pcm_bffr/pcm_bffr.o
 .bss           0x0018c578        0x0 obj/default/ledos/cortex/acortex/ssm2603_drvr/ssm2603_drvr.o
 .bss           0x0018c578        0x0 c:/altera/13.1/nios2eds/bin/gnu/h-i686-mingw32/bin/../lib/gcc/nios2-elf/4.7.3/mno-hw-mul\libgcc.a(lib2-mul.o)
 .bss           0x0018c578        0x0 G:/WorK/github/synesthesia_moksha/wxp/dgn/sw/limbus_bsp/\libchibios_v246_bsp.a(chthreads.o)
 .bss           0x0018c578        0x0 G:/WorK/github/synesthesia_moksha/wxp/dgn/sw/limbus_bsp/\libchibios_v246_bsp.a(chvt.o)
 .bss           0x0018c578        0x0 G:/WorK/github/synesthesia_moksha/wxp/dgn/sw/limbus_bsp/\libchibios_v246_bsp.a(chcoreasm.o)
 .bss           0x0018c578        0x0 G:/WorK/github/synesthesia_moksha/wxp/dgn/sw/limbus_bsp/\libchibios_v246_bsp.a(alt_load.o)
 .bss           0x0018c578        0x0 G:/WorK/github/synesthesia_moksha/wxp/dgn/sw/limbus_bsp/\libchibios_v246_bsp.a(alt_main.o)
 .bss           0x0018c578        0x0 G:/WorK/github/synesthesia_moksha/wxp/dgn/sw/limbus_bsp/\libchibios_v246_bsp.a(alt_printf.o)
 .bss           0x0018c578        0x0 G:/WorK/github/synesthesia_moksha/wxp/dgn/sw/limbus_bsp/\libchibios_v246_bsp.a(alt_putchar.o)
 .bss           0x0018c578        0x0 G:/WorK/github/synesthesia_moksha/wxp/dgn/sw/limbus_bsp/\libchibios_v246_bsp.a(alt_putstr.o)
 .bss           0x0018c578        0x0 G:/WorK/github/synesthesia_moksha/wxp/dgn/sw/limbus_bsp/\libchibios_v246_bsp.a(alt_sys_init.o)
 .bss           0x0018c578        0x0 G:/WorK/github/synesthesia_moksha/wxp/dgn/sw/limbus_bsp/\libchibios_v246_bsp.a(altera_avalon_jtag_uart_fd.o)
 .bss           0x0018c578        0x0 G:/WorK/github/synesthesia_moksha/wxp/dgn/sw/limbus_bsp/\libchibios_v246_bsp.a(altera_avalon_jtag_uart_init.o)
 .bss           0x0018c578        0x0 G:/WorK/github/synesthesia_moksha/wxp/dgn/sw/limbus_bsp/\libchibios_v246_bsp.a(altera_avalon_jtag_uart_ioctl.o)
 .bss           0x0018c578        0x0 G:/WorK/github/synesthesia_moksha/wxp/dgn/sw/limbus_bsp/\libchibios_v246_bsp.a(altera_avalon_jtag_uart_read.o)
 .bss           0x0018c578        0x0 G:/WorK/github/synesthesia_moksha/wxp/dgn/sw/limbus_bsp/\libchibios_v246_bsp.a(altera_avalon_jtag_uart_write.o)
 .bss           0x0018c578        0x0 G:/WorK/github/synesthesia_moksha/wxp/dgn/sw/limbus_bsp/\libchibios_v246_bsp.a(altera_avalon_timer_sc.o)
 .bss           0x0018c578        0x0 G:/WorK/github/synesthesia_moksha/wxp/dgn/sw/limbus_bsp/\libchibios_v246_bsp.a(altera_avalon_uart_fd.o)
 .bss           0x0018c578        0x0 G:/WorK/github/synesthesia_moksha/wxp/dgn/sw/limbus_bsp/\libchibios_v246_bsp.a(altera_avalon_uart_init.o)
 .bss           0x0018c578        0x0 G:/WorK/github/synesthesia_moksha/wxp/dgn/sw/limbus_bsp/\libchibios_v246_bsp.a(altera_avalon_uart_read.o)
 .bss           0x0018c578        0x0 G:/WorK/github/synesthesia_moksha/wxp/dgn/sw/limbus_bsp/\libchibios_v246_bsp.a(altera_avalon_uart_write.o)
 .bss           0x0018c578        0x0 G:/WorK/github/synesthesia_moksha/wxp/dgn/sw/limbus_bsp/\libchibios_v246_bsp.a(chdynamic.o)
 .bss           0x0018c578       0x1c G:/WorK/github/synesthesia_moksha/wxp/dgn/sw/limbus_bsp/\libchibios_v246_bsp.a(chheap.o)
 .bss           0x0018c594        0x0 G:/WorK/github/synesthesia_moksha/wxp/dgn/sw/limbus_bsp/\libchibios_v246_bsp.a(chmemcore.o)
 .bss           0x0018c594        0x0 G:/WorK/github/synesthesia_moksha/wxp/dgn/sw/limbus_bsp/\libchibios_v246_bsp.a(chmempools.o)
 .bss           0x0018c594        0x0 G:/WorK/github/synesthesia_moksha/wxp/dgn/sw/limbus_bsp/\libchibios_v246_bsp.a(chmtx.o)
 .bss           0x0018c594        0x0 G:/WorK/github/synesthesia_moksha/wxp/dgn/sw/limbus_bsp/\libchibios_v246_bsp.a(chschd.o)
 .bss           0x0018c594       0x50 G:/WorK/github/synesthesia_moksha/wxp/dgn/sw/limbus_bsp/\libchibios_v246_bsp.a(chsys.o)
 .bss           0x0018c5e4        0x0 G:/WorK/github/synesthesia_moksha/wxp/dgn/sw/limbus_bsp/\libchibios_v246_bsp.a(alt_alarm_start.o)
 .bss           0x0018c5e4        0x0 G:/WorK/github/synesthesia_moksha/wxp/dgn/sw/limbus_bsp/\libchibios_v246_bsp.a(alt_close.o)
 .bss           0x0018c5e4        0x0 G:/WorK/github/synesthesia_moksha/wxp/dgn/sw/limbus_bsp/\libchibios_v246_bsp.a(alt_dcache_flush_all.o)
 .bss           0x0018c5e4        0x0 G:/WorK/github/synesthesia_moksha/wxp/dgn/sw/limbus_bsp/\libchibios_v246_bsp.a(alt_dev.o)
 .bss           0x0018c5e4        0x0 G:/WorK/github/synesthesia_moksha/wxp/dgn/sw/limbus_bsp/\libchibios_v246_bsp.a(alt_dev_llist_insert.o)
 .bss           0x0018c5e4        0x0 G:/WorK/github/synesthesia_moksha/wxp/dgn/sw/limbus_bsp/\libchibios_v246_bsp.a(alt_do_ctors.o)
 .bss           0x0018c5e4        0x0 G:/WorK/github/synesthesia_moksha/wxp/dgn/sw/limbus_bsp/\libchibios_v246_bsp.a(alt_do_dtors.o)
 .bss           0x0018c5e4        0x0 G:/WorK/github/synesthesia_moksha/wxp/dgn/sw/limbus_bsp/\libchibios_v246_bsp.a(alt_errno.o)
 .bss           0x0018c5e4        0x0 G:/WorK/github/synesthesia_moksha/wxp/dgn/sw/limbus_bsp/\libchibios_v246_bsp.a(alt_icache_flush_all.o)
 .bss           0x0018c5e4        0x0 G:/WorK/github/synesthesia_moksha/wxp/dgn/sw/limbus_bsp/\libchibios_v246_bsp.a(alt_iic.o)
 .bss           0x0018c5e4        0x0 G:/WorK/github/synesthesia_moksha/wxp/dgn/sw/limbus_bsp/\libchibios_v246_bsp.a(alt_iic_isr_register.o)
 .bss           0x0018c5e4        0x0 G:/WorK/github/synesthesia_moksha/wxp/dgn/sw/limbus_bsp/\libchibios_v246_bsp.a(alt_io_redirect.o)
 .bss           0x0018c5e4        0x0 G:/WorK/github/synesthesia_moksha/wxp/dgn/sw/limbus_bsp/\libchibios_v246_bsp.a(alt_irq_entry.o)
 .bss           0x0018c5e4        0x0 G:/WorK/github/synesthesia_moksha/wxp/dgn/sw/limbus_bsp/\libchibios_v246_bsp.a(alt_irq_handler.o)
 .bss           0x0018c5e4        0x0 G:/WorK/github/synesthesia_moksha/wxp/dgn/sw/limbus_bsp/\libchibios_v246_bsp.a(alt_irq_vars.o)
 .bss           0x0018c5e4        0x0 G:/WorK/github/synesthesia_moksha/wxp/dgn/sw/limbus_bsp/\libchibios_v246_bsp.a(alt_open.o)
 .bss           0x0018c5e4        0x0 G:/WorK/github/synesthesia_moksha/wxp/dgn/sw/limbus_bsp/\libchibios_v246_bsp.a(alt_release_fd.o)
 .bss           0x0018c5e4        0x0 G:/WorK/github/synesthesia_moksha/wxp/dgn/sw/limbus_bsp/\libchibios_v246_bsp.a(alt_tick.o)
 .bss           0x0018c5e4        0x0 G:/WorK/github/synesthesia_moksha/wxp/dgn/sw/limbus_bsp/\libchibios_v246_bsp.a(altera_nios2_qsys_irq.o)
 .bss           0x0018c5e4        0x0 G:/WorK/github/synesthesia_moksha/wxp/dgn/sw/limbus_bsp/\libchibios_v246_bsp.a(chregistry.o)
 .bss           0x0018c5e4        0x0 G:/WorK/github/synesthesia_moksha/wxp/dgn/sw/limbus_bsp/\libchibios_v246_bsp.a(chcore.o)
 .bss           0x0018c5e4        0x0 G:/WorK/github/synesthesia_moksha/wxp/dgn/sw/limbus_bsp/\libchibios_v246_bsp.a(alt_exception_entry.o)
 .bss           0x0018c5e4        0x0 G:/WorK/github/synesthesia_moksha/wxp/dgn/sw/limbus_bsp/\libchibios_v246_bsp.a(alt_find_dev.o)
 .bss           0x0018c5e4        0x0 G:/WorK/github/synesthesia_moksha/wxp/dgn/sw/limbus_bsp/\libchibios_v246_bsp.a(alt_find_file.o)
 .bss           0x0018c5e4        0x0 G:/WorK/github/synesthesia_moksha/wxp/dgn/sw/limbus_bsp/\libchibios_v246_bsp.a(alt_get_fd.o)
 .bss           0x0018c5e4        0x0 c:/altera/13.1/nios2eds/bin/gnu/h-i686-mingw32/bin/../lib/gcc/nios2-elf/4.7.3/../../../../../H-i686-mingw32/nios2-elf/lib/mno-hw-mul\libc.a(lib_a-atexit.o)
 .bss           0x0018c5e4        0x0 c:/altera/13.1/nios2eds/bin/gnu/h-i686-mingw32/bin/../lib/gcc/nios2-elf/4.7.3/../../../../../H-i686-mingw32/nios2-elf/lib/mno-hw-mul\libc.a(lib_a-exit.o)
 .bss           0x0018c5e4        0x0 c:/altera/13.1/nios2eds/bin/gnu/h-i686-mingw32/bin/../lib/gcc/nios2-elf/4.7.3/../../../../../H-i686-mingw32/nios2-elf/lib/mno-hw-mul\libc.a(lib_a-fputs.o)
 .bss           0x0018c5e4        0x0 c:/altera/13.1/nios2eds/bin/gnu/h-i686-mingw32/bin/../lib/gcc/nios2-elf/4.7.3/../../../../../H-i686-mingw32/nios2-elf/lib/mno-hw-mul\libc.a(lib_a-fvwrite.o)
 .bss           0x0018c5e4        0x0 c:/altera/13.1/nios2eds/bin/gnu/h-i686-mingw32/bin/../lib/gcc/nios2-elf/4.7.3/../../../../../H-i686-mingw32/nios2-elf/lib/mno-hw-mul\libc.a(lib_a-impure.o)
 .bss           0x0018c5e4        0x0 c:/altera/13.1/nios2eds/bin/gnu/h-i686-mingw32/bin/../lib/gcc/nios2-elf/4.7.3/../../../../../H-i686-mingw32/nios2-elf/lib/mno-hw-mul\libc.a(lib_a-int_errno.o)
 .bss           0x0018c5e4       0x28 c:/altera/13.1/nios2eds/bin/gnu/h-i686-mingw32/bin/../lib/gcc/nios2-elf/4.7.3/../../../../../H-i686-mingw32/nios2-elf/lib/mno-hw-mul\libc.a(lib_a-mallocr.o)
                0x0018c5e4                __malloc_current_mallinfo
 .bss           0x0018c60c        0x0 c:/altera/13.1/nios2eds/bin/gnu/h-i686-mingw32/bin/../lib/gcc/nios2-elf/4.7.3/../../../../../H-i686-mingw32/nios2-elf/lib/mno-hw-mul\libc.a(lib_a-memchr.o)
 .bss           0x0018c60c        0x0 c:/altera/13.1/nios2eds/bin/gnu/h-i686-mingw32/bin/../lib/gcc/nios2-elf/4.7.3/../../../../../H-i686-mingw32/nios2-elf/lib/mno-hw-mul\libc.a(lib_a-memcmp.o)
 .bss           0x0018c60c        0x0 c:/altera/13.1/nios2eds/bin/gnu/h-i686-mingw32/bin/../lib/gcc/nios2-elf/4.7.3/../../../../../H-i686-mingw32/nios2-elf/lib/mno-hw-mul\libc.a(lib_a-memcpy.o)
 .bss           0x0018c60c        0x0 c:/altera/13.1/nios2eds/bin/gnu/h-i686-mingw32/bin/../lib/gcc/nios2-elf/4.7.3/../../../../../H-i686-mingw32/nios2-elf/lib/mno-hw-mul\libc.a(lib_a-memmove.o)
 .bss           0x0018c60c        0x0 c:/altera/13.1/nios2eds/bin/gnu/h-i686-mingw32/bin/../lib/gcc/nios2-elf/4.7.3/../../../../../H-i686-mingw32/nios2-elf/lib/mno-hw-mul\libc.a(lib_a-putc.o)
 .bss           0x0018c60c        0x0 c:/altera/13.1/nios2eds/bin/gnu/h-i686-mingw32/bin/../lib/gcc/nios2-elf/4.7.3/../../../../../H-i686-mingw32/nios2-elf/lib/mno-hw-mul\libc.a(lib_a-reallocr.o)
 .bss           0x0018c60c        0x0 c:/altera/13.1/nios2eds/bin/gnu/h-i686-mingw32/bin/../lib/gcc/nios2-elf/4.7.3/../../../../../H-i686-mingw32/nios2-elf/lib/mno-hw-mul\libc.a(lib_a-sbrkr.o)
 .bss           0x0018c60c        0x0 c:/altera/13.1/nios2eds/bin/gnu/h-i686-mingw32/bin/../lib/gcc/nios2-elf/4.7.3/../../../../../H-i686-mingw32/nios2-elf/lib/mno-hw-mul\libc.a(lib_a-strlen.o)
 .bss           0x0018c60c        0x0 c:/altera/13.1/nios2eds/bin/gnu/h-i686-mingw32/bin/../lib/gcc/nios2-elf/4.7.3/../../../../../H-i686-mingw32/nios2-elf/lib/mno-hw-mul\libc.a(lib_a-wbuf.o)
 .bss           0x0018c60c        0x0 c:/altera/13.1/nios2eds/bin/gnu/h-i686-mingw32/bin/../lib/gcc/nios2-elf/4.7.3/../../../../../H-i686-mingw32/nios2-elf/lib/mno-hw-mul\libc.a(lib_a-wsetup.o)
 .bss           0x0018c60c        0x0 c:/altera/13.1/nios2eds/bin/gnu/h-i686-mingw32/bin/../lib/gcc/nios2-elf/4.7.3/../../../../../H-i686-mingw32/nios2-elf/lib/mno-hw-mul\libc.a(lib_a-__atexit.o)
 .bss           0x0018c60c        0x0 c:/altera/13.1/nios2eds/bin/gnu/h-i686-mingw32/bin/../lib/gcc/nios2-elf/4.7.3/../../../../../H-i686-mingw32/nios2-elf/lib/mno-hw-mul\libc.a(lib_a-__call_atexit.o)
 .bss           0x0018c60c        0x0 c:/altera/13.1/nios2eds/bin/gnu/h-i686-mingw32/bin/../lib/gcc/nios2-elf/4.7.3/../../../../../H-i686-mingw32/nios2-elf/lib/mno-hw-mul\libc.a(lib_a-fflush.o)
 .bss           0x0018c60c        0x0 c:/altera/13.1/nios2eds/bin/gnu/h-i686-mingw32/bin/../lib/gcc/nios2-elf/4.7.3/../../../../../H-i686-mingw32/nios2-elf/lib/mno-hw-mul\libc.a(lib_a-findfp.o)
 .bss           0x0018c60c        0x0 c:/altera/13.1/nios2eds/bin/gnu/h-i686-mingw32/bin/../lib/gcc/nios2-elf/4.7.3/../../../../../H-i686-mingw32/nios2-elf/lib/mno-hw-mul\libc.a(lib_a-freer.o)
 .bss           0x0018c60c        0x0 c:/altera/13.1/nios2eds/bin/gnu/h-i686-mingw32/bin/../lib/gcc/nios2-elf/4.7.3/../../../../../H-i686-mingw32/nios2-elf/lib/mno-hw-mul\libc.a(lib_a-fwalk.o)
 .bss           0x0018c60c        0x0 c:/altera/13.1/nios2eds/bin/gnu/h-i686-mingw32/bin/../lib/gcc/nios2-elf/4.7.3/../../../../../H-i686-mingw32/nios2-elf/lib/mno-hw-mul\libc.a(lib_a-makebuf.o)
 .bss           0x0018c60c        0x0 c:/altera/13.1/nios2eds/bin/gnu/h-i686-mingw32/bin/../lib/gcc/nios2-elf/4.7.3/../../../../../H-i686-mingw32/nios2-elf/lib/mno-hw-mul\libc.a(lib_a-memset.o)
 .bss           0x0018c60c        0x0 c:/altera/13.1/nios2eds/bin/gnu/h-i686-mingw32/bin/../lib/gcc/nios2-elf/4.7.3/../../../../../H-i686-mingw32/nios2-elf/lib/mno-hw-mul\libc.a(lib_a-stdio.o)
 .bss           0x0018c60c        0x0 c:/altera/13.1/nios2eds/bin/gnu/h-i686-mingw32/bin/../lib/gcc/nios2-elf/4.7.3/../../../../../H-i686-mingw32/nios2-elf/lib/mno-hw-mul\libc.a(lib_a-writer.o)
 .bss           0x0018c60c        0x0 c:/altera/13.1/nios2eds/bin/gnu/h-i686-mingw32/bin/../lib/gcc/nios2-elf/4.7.3/../../../../../H-i686-mingw32/nios2-elf/lib/mno-hw-mul\libc.a(lib_a-closer.o)
 .bss           0x0018c60c        0x0 c:/altera/13.1/nios2eds/bin/gnu/h-i686-mingw32/bin/../lib/gcc/nios2-elf/4.7.3/../../../../../H-i686-mingw32/nios2-elf/lib/mno-hw-mul\libc.a(lib_a-fclose.o)
 .bss           0x0018c60c        0x0 c:/altera/13.1/nios2eds/bin/gnu/h-i686-mingw32/bin/../lib/gcc/nios2-elf/4.7.3/../../../../../H-i686-mingw32/nios2-elf/lib/mno-hw-mul\libc.a(lib_a-fstatr.o)
 .bss           0x0018c60c        0x0 c:/altera/13.1/nios2eds/bin/gnu/h-i686-mingw32/bin/../lib/gcc/nios2-elf/4.7.3/../../../../../H-i686-mingw32/nios2-elf/lib/mno-hw-mul\libc.a(lib_a-isattyr.o)
 .bss           0x0018c60c        0x0 c:/altera/13.1/nios2eds/bin/gnu/h-i686-mingw32/bin/../lib/gcc/nios2-elf/4.7.3/../../../../../H-i686-mingw32/nios2-elf/lib/mno-hw-mul\libc.a(lib_a-lseekr.o)
 .bss           0x0018c60c        0x0 c:/altera/13.1/nios2eds/bin/gnu/h-i686-mingw32/bin/../lib/gcc/nios2-elf/4.7.3/../../../../../H-i686-mingw32/nios2-elf/lib/mno-hw-mul\libc.a(lib_a-readr.o)
 .bss           0x0018c60c        0x0 G:/WorK/github/synesthesia_moksha/wxp/dgn/sw/limbus_bsp/\libchibios_v246_bsp.a(alt_exit.o)
 .bss           0x0018c60c        0x0 G:/WorK/github/synesthesia_moksha/wxp/dgn/sw/limbus_bsp/\libchibios_v246_bsp.a(alt_fstat.o)
 .bss           0x0018c60c        0x0 G:/WorK/github/synesthesia_moksha/wxp/dgn/sw/limbus_bsp/\libchibios_v246_bsp.a(alt_isatty.o)
 .bss           0x0018c60c        0x0 G:/WorK/github/synesthesia_moksha/wxp/dgn/sw/limbus_bsp/\libchibios_v246_bsp.a(alt_lseek.o)
 .bss           0x0018c60c        0x0 G:/WorK/github/synesthesia_moksha/wxp/dgn/sw/limbus_bsp/\libchibios_v246_bsp.a(alt_malloc_lock.o)
 .bss           0x0018c60c        0x0 G:/WorK/github/synesthesia_moksha/wxp/dgn/sw/limbus_bsp/\libchibios_v246_bsp.a(alt_read.o)
 .bss           0x0018c60c        0x0 G:/WorK/github/synesthesia_moksha/wxp/dgn/sw/limbus_bsp/\libchibios_v246_bsp.a(alt_sbrk.o)
 .bss           0x0018c60c        0x0 G:/WorK/github/synesthesia_moksha/wxp/dgn/sw/limbus_bsp/\libchibios_v246_bsp.a(alt_write.o)
 *(COMMON)
 COMMON         0x0018c60c       0x10 G:/WorK/github/synesthesia_moksha/wxp/dgn/sw/limbus_bsp/\libchibios_v246_bsp.a(chvt.o)
                0x0018c60c                vtlist
 COMMON         0x0018c61c       0x20 G:/WorK/github/synesthesia_moksha/wxp/dgn/sw/limbus_bsp/\libchibios_v246_bsp.a(chschd.o)
                0x0018c61c                rlist
 COMMON         0x0018c63c      0x1c8 G:/WorK/github/synesthesia_moksha/wxp/dgn/sw/limbus_bsp/\libchibios_v246_bsp.a(chsys.o)
                0x0018c63c                _idle_thread_wa
 COMMON         0x0018c804      0x100 G:/WorK/github/synesthesia_moksha/wxp/dgn/sw/limbus_bsp/\libchibios_v246_bsp.a(alt_irq_handler.o)
                0x0018c804                alt_irq
 COMMON         0x0018c904      0x190 c:/altera/13.1/nios2eds/bin/gnu/h-i686-mingw32/bin/../lib/gcc/nios2-elf/4.7.3/../../../../../H-i686-mingw32/nios2-elf/lib/mno-hw-mul\libc.a(lib_a-atexit.o)
                0x0018c904                _atexit0
                0x0018ca94                . = ALIGN (0x4)
                0x0018ca94                __bss_end = ABSOLUTE (.)

.sram_cntrlr    0x0018ca94        0x0
                0x0018ca94                PROVIDE (_alt_partition_sram_cntrlr_start, ABSOLUTE (.))
 *(.sram_cntrlr .sram_cntrlr. sram_cntrlr.*)
                0x0018ca94                . = ALIGN (0x4)
                0x0018ca94                PROVIDE (_alt_partition_sram_cntrlr_end, ABSOLUTE (.))
                0x0018ca94                _end = ABSOLUTE (.)
                0x0018ca94                end = ABSOLUTE (.)
                0x0018ca94                __alt_stack_base = ABSOLUTE (.)
                0x0018ca94                PROVIDE (_alt_partition_sram_cntrlr_load_addr, LOADADDR (.sram_cntrlr))

.stab
 *(.stab)

.stabstr
 *(.stabstr)

.stab.excl
 *(.stab.excl)

.stab.exclstr
 *(.stab.exclstr)

.stab.index
 *(.stab.index)

.stab.indexstr
 *(.stab.indexstr)

.comment        0x00000000       0x23
 *(.comment)
 .comment       0x00000000       0x23 obj/default/hello_world_small.o
                                 0x24 (size before relaxing)
 .comment       0x00000000       0x24 obj/default/ledos/aud_codec/aud_codec.o
 .comment       0x00000000       0x24 obj/default/ledos/cortex/acortex/i2c/i2c.o
 .comment       0x00000000       0x24 obj/default/ledos/cortex/acortex/pcm_bffr/pcm_bffr.o
 .comment       0x00000000       0x24 obj/default/ledos/cortex/acortex/ssm2603_drvr/ssm2603_drvr.o
 .comment       0x00000000       0x24 c:/altera/13.1/nios2eds/bin/gnu/h-i686-mingw32/bin/../lib/gcc/nios2-elf/4.7.3/mno-hw-mul\libgcc.a(lib2-mul.o)
 .comment       0x00000000       0x24 G:/WorK/github/synesthesia_moksha/wxp/dgn/sw/limbus_bsp/\libchibios_v246_bsp.a(chthreads.o)
 .comment       0x00000000       0x24 G:/WorK/github/synesthesia_moksha/wxp/dgn/sw/limbus_bsp/\libchibios_v246_bsp.a(chvt.o)
 .comment       0x00000000       0x24 G:/WorK/github/synesthesia_moksha/wxp/dgn/sw/limbus_bsp/\libchibios_v246_bsp.a(alt_load.o)
 .comment       0x00000000       0x24 G:/WorK/github/synesthesia_moksha/wxp/dgn/sw/limbus_bsp/\libchibios_v246_bsp.a(alt_main.o)
 .comment       0x00000000       0x24 G:/WorK/github/synesthesia_moksha/wxp/dgn/sw/limbus_bsp/\libchibios_v246_bsp.a(alt_printf.o)
 .comment       0x00000000       0x24 G:/WorK/github/synesthesia_moksha/wxp/dgn/sw/limbus_bsp/\libchibios_v246_bsp.a(alt_putchar.o)
 .comment       0x00000000       0x24 G:/WorK/github/synesthesia_moksha/wxp/dgn/sw/limbus_bsp/\libchibios_v246_bsp.a(alt_putstr.o)
 .comment       0x00000000       0x24 G:/WorK/github/synesthesia_moksha/wxp/dgn/sw/limbus_bsp/\libchibios_v246_bsp.a(alt_sys_init.o)
 .comment       0x00000000       0x24 G:/WorK/github/synesthesia_moksha/wxp/dgn/sw/limbus_bsp/\libchibios_v246_bsp.a(altera_avalon_jtag_uart_fd.o)
 .comment       0x00000000       0x24 G:/WorK/github/synesthesia_moksha/wxp/dgn/sw/limbus_bsp/\libchibios_v246_bsp.a(altera_avalon_jtag_uart_init.o)
 .comment       0x00000000       0x24 G:/WorK/github/synesthesia_moksha/wxp/dgn/sw/limbus_bsp/\libchibios_v246_bsp.a(altera_avalon_jtag_uart_ioctl.o)
 .comment       0x00000000       0x24 G:/WorK/github/synesthesia_moksha/wxp/dgn/sw/limbus_bsp/\libchibios_v246_bsp.a(altera_avalon_jtag_uart_read.o)
 .comment       0x00000000       0x24 G:/WorK/github/synesthesia_moksha/wxp/dgn/sw/limbus_bsp/\libchibios_v246_bsp.a(altera_avalon_jtag_uart_write.o)
 .comment       0x00000000       0x24 G:/WorK/github/synesthesia_moksha/wxp/dgn/sw/limbus_bsp/\libchibios_v246_bsp.a(altera_avalon_timer_sc.o)
 .comment       0x00000000       0x24 G:/WorK/github/synesthesia_moksha/wxp/dgn/sw/limbus_bsp/\libchibios_v246_bsp.a(altera_avalon_uart_fd.o)
 .comment       0x00000000       0x24 G:/WorK/github/synesthesia_moksha/wxp/dgn/sw/limbus_bsp/\libchibios_v246_bsp.a(altera_avalon_uart_init.o)
 .comment       0x00000000       0x24 G:/WorK/github/synesthesia_moksha/wxp/dgn/sw/limbus_bsp/\libchibios_v246_bsp.a(altera_avalon_uart_read.o)
 .comment       0x00000000       0x24 G:/WorK/github/synesthesia_moksha/wxp/dgn/sw/limbus_bsp/\libchibios_v246_bsp.a(altera_avalon_uart_write.o)
 .comment       0x00000000       0x24 G:/WorK/github/synesthesia_moksha/wxp/dgn/sw/limbus_bsp/\libchibios_v246_bsp.a(chdynamic.o)
 .comment       0x00000000       0x24 G:/WorK/github/synesthesia_moksha/wxp/dgn/sw/limbus_bsp/\libchibios_v246_bsp.a(chheap.o)
 .comment       0x00000000       0x24 G:/WorK/github/synesthesia_moksha/wxp/dgn/sw/limbus_bsp/\libchibios_v246_bsp.a(chmemcore.o)
 .comment       0x00000000       0x24 G:/WorK/github/synesthesia_moksha/wxp/dgn/sw/limbus_bsp/\libchibios_v246_bsp.a(chmempools.o)
 .comment       0x00000000       0x24 G:/WorK/github/synesthesia_moksha/wxp/dgn/sw/limbus_bsp/\libchibios_v246_bsp.a(chmtx.o)
 .comment       0x00000000       0x24 G:/WorK/github/synesthesia_moksha/wxp/dgn/sw/limbus_bsp/\libchibios_v246_bsp.a(chschd.o)
 .comment       0x00000000       0x24 G:/WorK/github/synesthesia_moksha/wxp/dgn/sw/limbus_bsp/\libchibios_v246_bsp.a(chsys.o)
 .comment       0x00000000       0x24 G:/WorK/github/synesthesia_moksha/wxp/dgn/sw/limbus_bsp/\libchibios_v246_bsp.a(alt_alarm_start.o)
 .comment       0x00000000       0x24 G:/WorK/github/synesthesia_moksha/wxp/dgn/sw/limbus_bsp/\libchibios_v246_bsp.a(alt_close.o)
 .comment       0x00000000       0x24 G:/WorK/github/synesthesia_moksha/wxp/dgn/sw/limbus_bsp/\libchibios_v246_bsp.a(alt_dcache_flush_all.o)
 .comment       0x00000000       0x24 G:/WorK/github/synesthesia_moksha/wxp/dgn/sw/limbus_bsp/\libchibios_v246_bsp.a(alt_dev.o)
 .comment       0x00000000       0x24 G:/WorK/github/synesthesia_moksha/wxp/dgn/sw/limbus_bsp/\libchibios_v246_bsp.a(alt_dev_llist_insert.o)
 .comment       0x00000000       0x24 G:/WorK/github/synesthesia_moksha/wxp/dgn/sw/limbus_bsp/\libchibios_v246_bsp.a(alt_do_ctors.o)
 .comment       0x00000000       0x24 G:/WorK/github/synesthesia_moksha/wxp/dgn/sw/limbus_bsp/\libchibios_v246_bsp.a(alt_do_dtors.o)
 .comment       0x00000000       0x24 G:/WorK/github/synesthesia_moksha/wxp/dgn/sw/limbus_bsp/\libchibios_v246_bsp.a(alt_errno.o)
 .comment       0x00000000       0x24 G:/WorK/github/synesthesia_moksha/wxp/dgn/sw/limbus_bsp/\libchibios_v246_bsp.a(alt_icache_flush_all.o)
 .comment       0x00000000       0x24 G:/WorK/github/synesthesia_moksha/wxp/dgn/sw/limbus_bsp/\libchibios_v246_bsp.a(alt_iic.o)
 .comment       0x00000000       0x24 G:/WorK/github/synesthesia_moksha/wxp/dgn/sw/limbus_bsp/\libchibios_v246_bsp.a(alt_iic_isr_register.o)
 .comment       0x00000000       0x24 G:/WorK/github/synesthesia_moksha/wxp/dgn/sw/limbus_bsp/\libchibios_v246_bsp.a(alt_io_redirect.o)
 .comment       0x00000000       0x24 G:/WorK/github/synesthesia_moksha/wxp/dgn/sw/limbus_bsp/\libchibios_v246_bsp.a(alt_irq_handler.o)
 .comment       0x00000000       0x24 G:/WorK/github/synesthesia_moksha/wxp/dgn/sw/limbus_bsp/\libchibios_v246_bsp.a(alt_irq_vars.o)
 .comment       0x00000000       0x24 G:/WorK/github/synesthesia_moksha/wxp/dgn/sw/limbus_bsp/\libchibios_v246_bsp.a(alt_open.o)
 .comment       0x00000000       0x24 G:/WorK/github/synesthesia_moksha/wxp/dgn/sw/limbus_bsp/\libchibios_v246_bsp.a(alt_release_fd.o)
 .comment       0x00000000       0x24 G:/WorK/github/synesthesia_moksha/wxp/dgn/sw/limbus_bsp/\libchibios_v246_bsp.a(alt_tick.o)
 .comment       0x00000000       0x24 G:/WorK/github/synesthesia_moksha/wxp/dgn/sw/limbus_bsp/\libchibios_v246_bsp.a(altera_nios2_qsys_irq.o)
 .comment       0x00000000       0x24 G:/WorK/github/synesthesia_moksha/wxp/dgn/sw/limbus_bsp/\libchibios_v246_bsp.a(chregistry.o)
 .comment       0x00000000       0x24 G:/WorK/github/synesthesia_moksha/wxp/dgn/sw/limbus_bsp/\libchibios_v246_bsp.a(chcore.o)
 .comment       0x00000000       0x24 G:/WorK/github/synesthesia_moksha/wxp/dgn/sw/limbus_bsp/\libchibios_v246_bsp.a(alt_find_dev.o)
 .comment       0x00000000       0x24 G:/WorK/github/synesthesia_moksha/wxp/dgn/sw/limbus_bsp/\libchibios_v246_bsp.a(alt_find_file.o)
 .comment       0x00000000       0x24 G:/WorK/github/synesthesia_moksha/wxp/dgn/sw/limbus_bsp/\libchibios_v246_bsp.a(alt_get_fd.o)
 .comment       0x00000000       0x24 c:/altera/13.1/nios2eds/bin/gnu/h-i686-mingw32/bin/../lib/gcc/nios2-elf/4.7.3/../../../../../H-i686-mingw32/nios2-elf/lib/mno-hw-mul\libc.a(lib_a-atexit.o)
 .comment       0x00000000       0x24 c:/altera/13.1/nios2eds/bin/gnu/h-i686-mingw32/bin/../lib/gcc/nios2-elf/4.7.3/../../../../../H-i686-mingw32/nios2-elf/lib/mno-hw-mul\libc.a(lib_a-exit.o)
 .comment       0x00000000       0x24 c:/altera/13.1/nios2eds/bin/gnu/h-i686-mingw32/bin/../lib/gcc/nios2-elf/4.7.3/../../../../../H-i686-mingw32/nios2-elf/lib/mno-hw-mul\libc.a(lib_a-fputs.o)
 .comment       0x00000000       0x24 c:/altera/13.1/nios2eds/bin/gnu/h-i686-mingw32/bin/../lib/gcc/nios2-elf/4.7.3/../../../../../H-i686-mingw32/nios2-elf/lib/mno-hw-mul\libc.a(lib_a-fvwrite.o)
 .comment       0x00000000       0x24 c:/altera/13.1/nios2eds/bin/gnu/h-i686-mingw32/bin/../lib/gcc/nios2-elf/4.7.3/../../../../../H-i686-mingw32/nios2-elf/lib/mno-hw-mul\libc.a(lib_a-impure.o)
 .comment       0x00000000       0x24 c:/altera/13.1/nios2eds/bin/gnu/h-i686-mingw32/bin/../lib/gcc/nios2-elf/4.7.3/../../../../../H-i686-mingw32/nios2-elf/lib/mno-hw-mul\libc.a(lib_a-int_errno.o)
 .comment       0x00000000       0x24 c:/altera/13.1/nios2eds/bin/gnu/h-i686-mingw32/bin/../lib/gcc/nios2-elf/4.7.3/../../../../../H-i686-mingw32/nios2-elf/lib/mno-hw-mul\libc.a(lib_a-mallocr.o)
 .comment       0x00000000       0x24 c:/altera/13.1/nios2eds/bin/gnu/h-i686-mingw32/bin/../lib/gcc/nios2-elf/4.7.3/../../../../../H-i686-mingw32/nios2-elf/lib/mno-hw-mul\libc.a(lib_a-memchr.o)
 .comment       0x00000000       0x24 c:/altera/13.1/nios2eds/bin/gnu/h-i686-mingw32/bin/../lib/gcc/nios2-elf/4.7.3/../../../../../H-i686-mingw32/nios2-elf/lib/mno-hw-mul\libc.a(lib_a-memcmp.o)
 .comment       0x00000000       0x24 c:/altera/13.1/nios2eds/bin/gnu/h-i686-mingw32/bin/../lib/gcc/nios2-elf/4.7.3/../../../../../H-i686-mingw32/nios2-elf/lib/mno-hw-mul\libc.a(lib_a-memcpy.o)
 .comment       0x00000000       0x24 c:/altera/13.1/nios2eds/bin/gnu/h-i686-mingw32/bin/../lib/gcc/nios2-elf/4.7.3/../../../../../H-i686-mingw32/nios2-elf/lib/mno-hw-mul\libc.a(lib_a-memmove.o)
 .comment       0x00000000       0x24 c:/altera/13.1/nios2eds/bin/gnu/h-i686-mingw32/bin/../lib/gcc/nios2-elf/4.7.3/../../../../../H-i686-mingw32/nios2-elf/lib/mno-hw-mul\libc.a(lib_a-putc.o)
 .comment       0x00000000       0x24 c:/altera/13.1/nios2eds/bin/gnu/h-i686-mingw32/bin/../lib/gcc/nios2-elf/4.7.3/../../../../../H-i686-mingw32/nios2-elf/lib/mno-hw-mul\libc.a(lib_a-reallocr.o)
 .comment       0x00000000       0x24 c:/altera/13.1/nios2eds/bin/gnu/h-i686-mingw32/bin/../lib/gcc/nios2-elf/4.7.3/../../../../../H-i686-mingw32/nios2-elf/lib/mno-hw-mul\libc.a(lib_a-sbrkr.o)
 .comment       0x00000000       0x24 c:/altera/13.1/nios2eds/bin/gnu/h-i686-mingw32/bin/../lib/gcc/nios2-elf/4.7.3/../../../../../H-i686-mingw32/nios2-elf/lib/mno-hw-mul\libc.a(lib_a-strlen.o)
 .comment       0x00000000       0x24 c:/altera/13.1/nios2eds/bin/gnu/h-i686-mingw32/bin/../lib/gcc/nios2-elf/4.7.3/../../../../../H-i686-mingw32/nios2-elf/lib/mno-hw-mul\libc.a(lib_a-wbuf.o)
 .comment       0x00000000       0x24 c:/altera/13.1/nios2eds/bin/gnu/h-i686-mingw32/bin/../lib/gcc/nios2-elf/4.7.3/../../../../../H-i686-mingw32/nios2-elf/lib/mno-hw-mul\libc.a(lib_a-wsetup.o)
 .comment       0x00000000       0x24 c:/altera/13.1/nios2eds/bin/gnu/h-i686-mingw32/bin/../lib/gcc/nios2-elf/4.7.3/../../../../../H-i686-mingw32/nios2-elf/lib/mno-hw-mul\libc.a(lib_a-__atexit.o)
 .comment       0x00000000       0x24 c:/altera/13.1/nios2eds/bin/gnu/h-i686-mingw32/bin/../lib/gcc/nios2-elf/4.7.3/../../../../../H-i686-mingw32/nios2-elf/lib/mno-hw-mul\libc.a(lib_a-__call_atexit.o)
 .comment       0x00000000       0x24 c:/altera/13.1/nios2eds/bin/gnu/h-i686-mingw32/bin/../lib/gcc/nios2-elf/4.7.3/../../../../../H-i686-mingw32/nios2-elf/lib/mno-hw-mul\libc.a(lib_a-fflush.o)
 .comment       0x00000000       0x24 c:/altera/13.1/nios2eds/bin/gnu/h-i686-mingw32/bin/../lib/gcc/nios2-elf/4.7.3/../../../../../H-i686-mingw32/nios2-elf/lib/mno-hw-mul\libc.a(lib_a-findfp.o)
 .comment       0x00000000       0x24 c:/altera/13.1/nios2eds/bin/gnu/h-i686-mingw32/bin/../lib/gcc/nios2-elf/4.7.3/../../../../../H-i686-mingw32/nios2-elf/lib/mno-hw-mul\libc.a(lib_a-freer.o)
 .comment       0x00000000       0x24 c:/altera/13.1/nios2eds/bin/gnu/h-i686-mingw32/bin/../lib/gcc/nios2-elf/4.7.3/../../../../../H-i686-mingw32/nios2-elf/lib/mno-hw-mul\libc.a(lib_a-fwalk.o)
 .comment       0x00000000       0x24 c:/altera/13.1/nios2eds/bin/gnu/h-i686-mingw32/bin/../lib/gcc/nios2-elf/4.7.3/../../../../../H-i686-mingw32/nios2-elf/lib/mno-hw-mul\libc.a(lib_a-makebuf.o)
 .comment       0x00000000       0x24 c:/altera/13.1/nios2eds/bin/gnu/h-i686-mingw32/bin/../lib/gcc/nios2-elf/4.7.3/../../../../../H-i686-mingw32/nios2-elf/lib/mno-hw-mul\libc.a(lib_a-memset.o)
 .comment       0x00000000       0x24 c:/altera/13.1/nios2eds/bin/gnu/h-i686-mingw32/bin/../lib/gcc/nios2-elf/4.7.3/../../../../../H-i686-mingw32/nios2-elf/lib/mno-hw-mul\libc.a(lib_a-stdio.o)
 .comment       0x00000000       0x24 c:/altera/13.1/nios2eds/bin/gnu/h-i686-mingw32/bin/../lib/gcc/nios2-elf/4.7.3/../../../../../H-i686-mingw32/nios2-elf/lib/mno-hw-mul\libc.a(lib_a-writer.o)
 .comment       0x00000000       0x24 c:/altera/13.1/nios2eds/bin/gnu/h-i686-mingw32/bin/../lib/gcc/nios2-elf/4.7.3/../../../../../H-i686-mingw32/nios2-elf/lib/mno-hw-mul\libc.a(lib_a-closer.o)
 .comment       0x00000000       0x24 c:/altera/13.1/nios2eds/bin/gnu/h-i686-mingw32/bin/../lib/gcc/nios2-elf/4.7.3/../../../../../H-i686-mingw32/nios2-elf/lib/mno-hw-mul\libc.a(lib_a-fclose.o)
 .comment       0x00000000       0x24 c:/altera/13.1/nios2eds/bin/gnu/h-i686-mingw32/bin/../lib/gcc/nios2-elf/4.7.3/../../../../../H-i686-mingw32/nios2-elf/lib/mno-hw-mul\libc.a(lib_a-fstatr.o)
 .comment       0x00000000       0x24 c:/altera/13.1/nios2eds/bin/gnu/h-i686-mingw32/bin/../lib/gcc/nios2-elf/4.7.3/../../../../../H-i686-mingw32/nios2-elf/lib/mno-hw-mul\libc.a(lib_a-isattyr.o)
 .comment       0x00000000       0x24 c:/altera/13.1/nios2eds/bin/gnu/h-i686-mingw32/bin/../lib/gcc/nios2-elf/4.7.3/../../../../../H-i686-mingw32/nios2-elf/lib/mno-hw-mul\libc.a(lib_a-lseekr.o)
 .comment       0x00000000       0x24 c:/altera/13.1/nios2eds/bin/gnu/h-i686-mingw32/bin/../lib/gcc/nios2-elf/4.7.3/../../../../../H-i686-mingw32/nios2-elf/lib/mno-hw-mul\libc.a(lib_a-readr.o)
 .comment       0x00000000       0x24 G:/WorK/github/synesthesia_moksha/wxp/dgn/sw/limbus_bsp/\libchibios_v246_bsp.a(alt_exit.o)
 .comment       0x00000000       0x24 G:/WorK/github/synesthesia_moksha/wxp/dgn/sw/limbus_bsp/\libchibios_v246_bsp.a(alt_fstat.o)
 .comment       0x00000000       0x24 G:/WorK/github/synesthesia_moksha/wxp/dgn/sw/limbus_bsp/\libchibios_v246_bsp.a(alt_isatty.o)
 .comment       0x00000000       0x24 G:/WorK/github/synesthesia_moksha/wxp/dgn/sw/limbus_bsp/\libchibios_v246_bsp.a(alt_lseek.o)
 .comment       0x00000000       0x24 G:/WorK/github/synesthesia_moksha/wxp/dgn/sw/limbus_bsp/\libchibios_v246_bsp.a(alt_malloc_lock.o)
 .comment       0x00000000       0x24 G:/WorK/github/synesthesia_moksha/wxp/dgn/sw/limbus_bsp/\libchibios_v246_bsp.a(alt_read.o)
 .comment       0x00000000       0x24 G:/WorK/github/synesthesia_moksha/wxp/dgn/sw/limbus_bsp/\libchibios_v246_bsp.a(alt_sbrk.o)
 .comment       0x00000000       0x24 G:/WorK/github/synesthesia_moksha/wxp/dgn/sw/limbus_bsp/\libchibios_v246_bsp.a(alt_write.o)

.debug
 *(.debug)

.line
 *(.line)

.debug_srcinfo
 *(.debug_srcinfo)

.debug_sfnames
 *(.debug_sfnames)

.debug_aranges  0x00000000      0xc70
 *(.debug_aranges)
 .debug_aranges
                0x00000000       0x28 G:/WorK/github/synesthesia_moksha/wxp/dgn/sw/limbus_bsp//obj/HAL/src/crt0.o
 .debug_aranges
                0x00000028       0x20 obj/default/hello_world_small.o
 .debug_aranges
                0x00000048       0x20 obj/default/ledos/aud_codec/aud_codec.o
 .debug_aranges
                0x00000068       0x20 obj/default/ledos/cortex/acortex/i2c/i2c.o
 .debug_aranges
                0x00000088       0x20 obj/default/ledos/cortex/acortex/pcm_bffr/pcm_bffr.o
 .debug_aranges
                0x000000a8       0x20 obj/default/ledos/cortex/acortex/ssm2603_drvr/ssm2603_drvr.o
 .debug_aranges
                0x000000c8       0x20 c:/altera/13.1/nios2eds/bin/gnu/h-i686-mingw32/bin/../lib/gcc/nios2-elf/4.7.3/mno-hw-mul\libgcc.a(lib2-mul.o)
 .debug_aranges
                0x000000e8       0x20 G:/WorK/github/synesthesia_moksha/wxp/dgn/sw/limbus_bsp/\libchibios_v246_bsp.a(chthreads.o)
 .debug_aranges
                0x00000108       0x20 G:/WorK/github/synesthesia_moksha/wxp/dgn/sw/limbus_bsp/\libchibios_v246_bsp.a(chvt.o)
 .debug_aranges
                0x00000128       0x20 G:/WorK/github/synesthesia_moksha/wxp/dgn/sw/limbus_bsp/\libchibios_v246_bsp.a(chcoreasm.o)
 .debug_aranges
                0x00000148       0x20 G:/WorK/github/synesthesia_moksha/wxp/dgn/sw/limbus_bsp/\libchibios_v246_bsp.a(alt_load.o)
 .debug_aranges
                0x00000168       0x20 G:/WorK/github/synesthesia_moksha/wxp/dgn/sw/limbus_bsp/\libchibios_v246_bsp.a(alt_main.o)
 .debug_aranges
                0x00000188       0x20 G:/WorK/github/synesthesia_moksha/wxp/dgn/sw/limbus_bsp/\libchibios_v246_bsp.a(alt_printf.o)
 .debug_aranges
                0x000001a8       0x20 G:/WorK/github/synesthesia_moksha/wxp/dgn/sw/limbus_bsp/\libchibios_v246_bsp.a(alt_putchar.o)
 .debug_aranges
                0x000001c8       0x20 G:/WorK/github/synesthesia_moksha/wxp/dgn/sw/limbus_bsp/\libchibios_v246_bsp.a(alt_putstr.o)
 .debug_aranges
                0x000001e8       0x20 G:/WorK/github/synesthesia_moksha/wxp/dgn/sw/limbus_bsp/\libchibios_v246_bsp.a(alt_sys_init.o)
 .debug_aranges
                0x00000208       0x20 G:/WorK/github/synesthesia_moksha/wxp/dgn/sw/limbus_bsp/\libchibios_v246_bsp.a(altera_avalon_jtag_uart_fd.o)
 .debug_aranges
                0x00000228       0x20 G:/WorK/github/synesthesia_moksha/wxp/dgn/sw/limbus_bsp/\libchibios_v246_bsp.a(altera_avalon_jtag_uart_init.o)
 .debug_aranges
                0x00000248       0x20 G:/WorK/github/synesthesia_moksha/wxp/dgn/sw/limbus_bsp/\libchibios_v246_bsp.a(altera_avalon_jtag_uart_ioctl.o)
 .debug_aranges
                0x00000268       0x20 G:/WorK/github/synesthesia_moksha/wxp/dgn/sw/limbus_bsp/\libchibios_v246_bsp.a(altera_avalon_jtag_uart_read.o)
 .debug_aranges
                0x00000288       0x20 G:/WorK/github/synesthesia_moksha/wxp/dgn/sw/limbus_bsp/\libchibios_v246_bsp.a(altera_avalon_jtag_uart_write.o)
 .debug_aranges
                0x000002a8       0x20 G:/WorK/github/synesthesia_moksha/wxp/dgn/sw/limbus_bsp/\libchibios_v246_bsp.a(altera_avalon_timer_sc.o)
 .debug_aranges
                0x000002c8       0x20 G:/WorK/github/synesthesia_moksha/wxp/dgn/sw/limbus_bsp/\libchibios_v246_bsp.a(altera_avalon_uart_fd.o)
 .debug_aranges
                0x000002e8       0x20 G:/WorK/github/synesthesia_moksha/wxp/dgn/sw/limbus_bsp/\libchibios_v246_bsp.a(altera_avalon_uart_init.o)
 .debug_aranges
                0x00000308       0x20 G:/WorK/github/synesthesia_moksha/wxp/dgn/sw/limbus_bsp/\libchibios_v246_bsp.a(altera_avalon_uart_read.o)
 .debug_aranges
                0x00000328       0x20 G:/WorK/github/synesthesia_moksha/wxp/dgn/sw/limbus_bsp/\libchibios_v246_bsp.a(altera_avalon_uart_write.o)
 .debug_aranges
                0x00000348       0x20 G:/WorK/github/synesthesia_moksha/wxp/dgn/sw/limbus_bsp/\libchibios_v246_bsp.a(chdynamic.o)
 .debug_aranges
                0x00000368       0x20 G:/WorK/github/synesthesia_moksha/wxp/dgn/sw/limbus_bsp/\libchibios_v246_bsp.a(chheap.o)
 .debug_aranges
                0x00000388       0x20 G:/WorK/github/synesthesia_moksha/wxp/dgn/sw/limbus_bsp/\libchibios_v246_bsp.a(chmemcore.o)
 .debug_aranges
                0x000003a8       0x20 G:/WorK/github/synesthesia_moksha/wxp/dgn/sw/limbus_bsp/\libchibios_v246_bsp.a(chmempools.o)
 .debug_aranges
                0x000003c8       0x20 G:/WorK/github/synesthesia_moksha/wxp/dgn/sw/limbus_bsp/\libchibios_v246_bsp.a(chmtx.o)
 .debug_aranges
                0x000003e8       0x20 G:/WorK/github/synesthesia_moksha/wxp/dgn/sw/limbus_bsp/\libchibios_v246_bsp.a(chschd.o)
 .debug_aranges
                0x00000408       0x20 G:/WorK/github/synesthesia_moksha/wxp/dgn/sw/limbus_bsp/\libchibios_v246_bsp.a(chsys.o)
 .debug_aranges
                0x00000428       0x20 G:/WorK/github/synesthesia_moksha/wxp/dgn/sw/limbus_bsp/\libchibios_v246_bsp.a(alt_alarm_start.o)
 .debug_aranges
                0x00000448       0x20 G:/WorK/github/synesthesia_moksha/wxp/dgn/sw/limbus_bsp/\libchibios_v246_bsp.a(alt_close.o)
 .debug_aranges
                0x00000468       0x20 G:/WorK/github/synesthesia_moksha/wxp/dgn/sw/limbus_bsp/\libchibios_v246_bsp.a(alt_dcache_flush_all.o)
 .debug_aranges
                0x00000488       0x20 G:/WorK/github/synesthesia_moksha/wxp/dgn/sw/limbus_bsp/\libchibios_v246_bsp.a(alt_dev.o)
 .debug_aranges
                0x000004a8       0x20 G:/WorK/github/synesthesia_moksha/wxp/dgn/sw/limbus_bsp/\libchibios_v246_bsp.a(alt_dev_llist_insert.o)
 .debug_aranges
                0x000004c8       0x20 G:/WorK/github/synesthesia_moksha/wxp/dgn/sw/limbus_bsp/\libchibios_v246_bsp.a(alt_do_ctors.o)
 .debug_aranges
                0x000004e8       0x20 G:/WorK/github/synesthesia_moksha/wxp/dgn/sw/limbus_bsp/\libchibios_v246_bsp.a(alt_do_dtors.o)
 .debug_aranges
                0x00000508       0x18 G:/WorK/github/synesthesia_moksha/wxp/dgn/sw/limbus_bsp/\libchibios_v246_bsp.a(alt_errno.o)
 .debug_aranges
                0x00000520       0x20 G:/WorK/github/synesthesia_moksha/wxp/dgn/sw/limbus_bsp/\libchibios_v246_bsp.a(alt_icache_flush_all.o)
 .debug_aranges
                0x00000540       0x20 G:/WorK/github/synesthesia_moksha/wxp/dgn/sw/limbus_bsp/\libchibios_v246_bsp.a(alt_iic.o)
 .debug_aranges
                0x00000560       0x20 G:/WorK/github/synesthesia_moksha/wxp/dgn/sw/limbus_bsp/\libchibios_v246_bsp.a(alt_iic_isr_register.o)
 .debug_aranges
                0x00000580       0x20 G:/WorK/github/synesthesia_moksha/wxp/dgn/sw/limbus_bsp/\libchibios_v246_bsp.a(alt_io_redirect.o)
 .debug_aranges
                0x000005a0       0x30 G:/WorK/github/synesthesia_moksha/wxp/dgn/sw/limbus_bsp/\libchibios_v246_bsp.a(alt_irq_entry.o)
 .debug_aranges
                0x000005d0       0x20 G:/WorK/github/synesthesia_moksha/wxp/dgn/sw/limbus_bsp/\libchibios_v246_bsp.a(alt_irq_handler.o)
 .debug_aranges
                0x000005f0       0x18 G:/WorK/github/synesthesia_moksha/wxp/dgn/sw/limbus_bsp/\libchibios_v246_bsp.a(alt_irq_vars.o)
 .debug_aranges
                0x00000608       0x20 G:/WorK/github/synesthesia_moksha/wxp/dgn/sw/limbus_bsp/\libchibios_v246_bsp.a(alt_open.o)
 .debug_aranges
                0x00000628       0x20 G:/WorK/github/synesthesia_moksha/wxp/dgn/sw/limbus_bsp/\libchibios_v246_bsp.a(alt_release_fd.o)
 .debug_aranges
                0x00000648       0x20 G:/WorK/github/synesthesia_moksha/wxp/dgn/sw/limbus_bsp/\libchibios_v246_bsp.a(alt_tick.o)
 .debug_aranges
                0x00000668       0x20 G:/WorK/github/synesthesia_moksha/wxp/dgn/sw/limbus_bsp/\libchibios_v246_bsp.a(altera_nios2_qsys_irq.o)
 .debug_aranges
                0x00000688       0x20 G:/WorK/github/synesthesia_moksha/wxp/dgn/sw/limbus_bsp/\libchibios_v246_bsp.a(chregistry.o)
 .debug_aranges
                0x000006a8       0x20 G:/WorK/github/synesthesia_moksha/wxp/dgn/sw/limbus_bsp/\libchibios_v246_bsp.a(chcore.o)
 .debug_aranges
                0x000006c8       0x38 G:/WorK/github/synesthesia_moksha/wxp/dgn/sw/limbus_bsp/\libchibios_v246_bsp.a(alt_exception_entry.o)
 .debug_aranges
                0x00000700       0x20 G:/WorK/github/synesthesia_moksha/wxp/dgn/sw/limbus_bsp/\libchibios_v246_bsp.a(alt_find_dev.o)
 .debug_aranges