Archive member included to satisfy reference by file (symbol)

c:/altera_lite/15.1/nios2eds/bin/gnu/h-x86_64-mingw32/bin/../lib/gcc/nios2-elf/4.9.2/mno-hw-mul\libgcc.a(lib2-divmod.o)
                              obj/default/ledos/adv7513/edid/edid.o (__divsi3)
c:/altera_lite/15.1/nios2eds/bin/gnu/h-x86_64-mingw32/bin/../lib/gcc/nios2-elf/4.9.2/mno-hw-mul\libgcc.a(lib2-mul.o)
                              obj/default/ledos/adv7513/edid/edid.o (__mulsi3)
c:/altera_lite/15.1/nios2eds/bin/gnu/h-x86_64-mingw32/bin/../lib/gcc/nios2-elf/4.9.2/mno-hw-mul\libgcc.a(addsf3.o)
                              obj/default/ledos/adv7513/edid/edid.o (__addsf3)
c:/altera_lite/15.1/nios2eds/bin/gnu/h-x86_64-mingw32/bin/../lib/gcc/nios2-elf/4.9.2/mno-hw-mul\libgcc.a(divsf3.o)
                              obj/default/ledos/adv7513/edid/edid.o (__divsf3)
c:/altera_lite/15.1/nios2eds/bin/gnu/h-x86_64-mingw32/bin/../lib/gcc/nios2-elf/4.9.2/mno-hw-mul\libgcc.a(mulsf3.o)
                              obj/default/ledos/adv7513/edid/edid.o (__mulsf3)
c:/altera_lite/15.1/nios2eds/bin/gnu/h-x86_64-mingw32/bin/../lib/gcc/nios2-elf/4.9.2/mno-hw-mul\libgcc.a(floatunsisf.o)
                              obj/default/ledos/adv7513/edid/edid.o (__floatunsisf)
c:/altera_lite/15.1/nios2eds/bin/gnu/h-x86_64-mingw32/bin/../lib/gcc/nios2-elf/4.9.2/mno-hw-mul\libgcc.a(extendsfdf2.o)
                              obj/default/ledos/adv7513/edid/edid.o (__extendsfdf2)
c:/altera_lite/15.1/nios2eds/bin/gnu/h-x86_64-mingw32/bin/../lib/gcc/nios2-elf/4.9.2/mno-hw-mul\libgcc.a(_clzsi2.o)
                              c:/altera_lite/15.1/nios2eds/bin/gnu/h-x86_64-mingw32/bin/../lib/gcc/nios2-elf/4.9.2/mno-hw-mul\libgcc.a(addsf3.o) (__clzsi2)
c:/altera_lite/15.1/nios2eds/bin/gnu/h-x86_64-mingw32/bin/../lib/gcc/nios2-elf/4.9.2/mno-hw-mul\libgcc.a(_clz.o)
                              c:/altera_lite/15.1/nios2eds/bin/gnu/h-x86_64-mingw32/bin/../lib/gcc/nios2-elf/4.9.2/mno-hw-mul\libgcc.a(_clzsi2.o) (__clz_tab)
c:/altera_lite/15.1/nios2eds/bin/gnu/h-x86_64-mingw32/bin/../lib/gcc/nios2-elf/4.9.2/../../../../../H-x86_64-mingw32/nios2-elf/lib/mno-hw-mul\libc.a(lib_a-memcmp.o)
                              obj/default/ledos/adv7513/edid/edid.o (memcmp)
c:/altera_lite/15.1/nios2eds/bin/gnu/h-x86_64-mingw32/bin/../lib/gcc/nios2-elf/4.9.2/../../../../../H-x86_64-mingw32/nios2-elf/lib/mno-hw-mul\libc.a(lib_a-memcpy.o)
                              obj/default/ledos/adv7513/edid/edid.o (memcpy)
c:/altera_lite/15.1/nios2eds/bin/gnu/h-x86_64-mingw32/bin/../lib/gcc/nios2-elf/4.9.2/../../../../../H-x86_64-mingw32/nios2-elf/lib/mno-hw-mul\libc.a(lib_a-memset.o)
                              obj/default/ledos/adv7513/adv7513.o (memset)
c:/altera_lite/15.1/nios2eds/bin/gnu/h-x86_64-mingw32/bin/../lib/gcc/nios2-elf/4.9.2/../../../../../H-x86_64-mingw32/nios2-elf/lib/mno-hw-mul\libc.a(lib_a-printf.o)
                              obj/default/ledos/adv7513/adv7513.o (printf)
c:/altera_lite/15.1/nios2eds/bin/gnu/h-x86_64-mingw32/bin/../lib/gcc/nios2-elf/4.9.2/../../../../../H-x86_64-mingw32/nios2-elf/lib/mno-hw-mul\libc.a(lib_a-putchar.o)
                              obj/default/ledos/adv7513/edid/edid.o (putchar)
c:/altera_lite/15.1/nios2eds/bin/gnu/h-x86_64-mingw32/bin/../lib/gcc/nios2-elf/4.9.2/../../../../../H-x86_64-mingw32/nios2-elf/lib/mno-hw-mul\libc.a(lib_a-puts.o)
                              obj/default/ledos/adv7513/adv7513.o (puts)
c:/altera_lite/15.1/nios2eds/bin/gnu/h-x86_64-mingw32/bin/../lib/gcc/nios2-elf/4.9.2/../../../../../H-x86_64-mingw32/nios2-elf/lib/mno-hw-mul\libc.a(lib_a-strlen.o)
                              c:/altera_lite/15.1/nios2eds/bin/gnu/h-x86_64-mingw32/bin/../lib/gcc/nios2-elf/4.9.2/../../../../../H-x86_64-mingw32/nios2-elf/lib/mno-hw-mul\libc.a(lib_a-puts.o) (strlen)
c:/altera_lite/15.1/nios2eds/bin/gnu/h-x86_64-mingw32/bin/../lib/gcc/nios2-elf/4.9.2/../../../../../H-x86_64-mingw32/nios2-elf/lib/mno-hw-mul\libc.a(lib_a-vfprintf.o)
                              c:/altera_lite/15.1/nios2eds/bin/gnu/h-x86_64-mingw32/bin/../lib/gcc/nios2-elf/4.9.2/../../../../../H-x86_64-mingw32/nios2-elf/lib/mno-hw-mul\libc.a(lib_a-printf.o) (___vfprintf_internal_r)
c:/altera_lite/15.1/nios2eds/bin/gnu/h-x86_64-mingw32/bin/../lib/gcc/nios2-elf/4.9.2/../../../../../H-x86_64-mingw32/nios2-elf/lib/mno-hw-mul\libc.a(lib_a-wsetup.o)
                              c:/altera_lite/15.1/nios2eds/bin/gnu/h-x86_64-mingw32/bin/../lib/gcc/nios2-elf/4.9.2/../../../../../H-x86_64-mingw32/nios2-elf/lib/mno-hw-mul\libc.a(lib_a-vfprintf.o) (__swsetup_r)
c:/altera_lite/15.1/nios2eds/bin/gnu/h-x86_64-mingw32/bin/../lib/gcc/nios2-elf/4.9.2/../../../../../H-x86_64-mingw32/nios2-elf/lib/mno-hw-mul\libc.a(lib_a-dtoa.o)
                              c:/altera_lite/15.1/nios2eds/bin/gnu/h-x86_64-mingw32/bin/../lib/gcc/nios2-elf/4.9.2/../../../../../H-x86_64-mingw32/nios2-elf/lib/mno-hw-mul\libc.a(lib_a-vfprintf.o) (_dtoa_r)
[...]
Memory Configuration

Name             Origin             Length             Attributes
reset            0x0000000000180000 0x0000000000000020
sram             0x0000000000180020 0x000000000007ffe0
*default*        0x0000000000000000 0xffffffffffffffff

Linker script and memory map

LOAD E:/WorK/github/synesthesia_moksha/wxp/dgn/sw/limbus_bsp//obj/HAL/src/crt0.o
LOAD obj/default/hello_world_small.o
LOAD obj/default/ledos/adv7513/adv7513.o
LOAD obj/default/ledos/adv7513/edid/edid.o
LOAD obj/default/ledos/adv7513/encoder/encoder.o
LOAD obj/default/ledos/aud_codec/aud_codec.o
LOAD obj/default/ledos/cortex/acortex/acortex.o
LOAD obj/default/ledos/cortex/acortex/i2c/i2c.o
LOAD obj/default/ledos/cortex/acortex/pcm_bffr/pcm_bffr.o
LOAD obj/default/ledos/cortex/acortex/ssm2603_drvr/ssm2603_drvr.o
LOAD obj/default/ledos/cortex/cortex.o
LOAD obj/default/ledos/cortex/fgyrus/fgyrus.o
LOAD obj/default/ledos/cortex/sys_mem_intf/sys_mem_intf.o
LOAD obj/default/ledos/ledos.o
LOAD c:/altera_lite/15.1/nios2eds/bin/gnu/h-x86_64-mingw32/bin/../lib/gcc/nios2-elf/4.9.2/../../../../../H-x86_64-mingw32/nios2-elf/lib/mno-hw-mul\libstdc++.a
LOAD c:/altera_lite/15.1/nios2eds/bin/gnu/h-x86_64-mingw32/bin/../lib/gcc/nios2-elf/4.9.2/../../../../../H-x86_64-mingw32/nios2-elf/lib/mno-hw-mul\libm.a
LOAD c:/altera_lite/15.1/nios2eds/bin/gnu/h-x86_64-mingw32/bin/../lib/gcc/nios2-elf/4.9.2/mno-hw-mul\libgcc.a
START GROUP
LOAD c:/altera_lite/15.1/nios2eds/bin/gnu/h-x86_64-mingw32/bin/../lib/gcc/nios2-elf/4.9.2/../../../../../H-x86_64-mingw32/nios2-elf/lib/mno-hw-mul\libc.a
LOAD c:/altera_lite/15.1/nios2eds/bin/gnu/h-x86_64-mingw32/bin/../lib/gcc/nios2-elf/4.9.2/mno-hw-mul\libgcc.a
LOAD E:/WorK/github/synesthesia_moksha/wxp/dgn/sw/limbus_bsp/\libchibios_v268_bsp.a
LOAD c:/altera_lite/15.1/nios2eds/bin/gnu/h-x86_64-mingw32/bin/../lib/gcc/nios2-elf/4.9.2/../../../../../H-x86_64-mingw32/nios2-elf/lib/mno-hw-mul\libm.a
END GROUP
LOAD c:/altera_lite/15.1/nios2eds/bin/gnu/h-x86_64-mingw32/bin/../lib/gcc/nios2-elf/4.9.2/mno-hw-mul\libgcc.a
                0x0000000000180000                __alt_mem_sram = 0x180000

.entry          0x0000000000180000       0x20
 *(.entry)
 .entry         0x0000000000180000       0x20 E:/WorK/github/synesthesia_moksha/wxp/dgn/sw/limbus_bsp//obj/HAL/src/crt0.o
                0x0000000000180000                __reset

.exceptions     0x0000000000180020      0x218
                0x0000000000180020                PROVIDE (__ram_exceptions_start, ABSOLUTE (.))
                0x0000000000180020                . = ALIGN (0x20)
 *(.irq)
 *(.exceptions.entry.label)
 .exceptions.entry.label
                0x0000000000180020        0x0 E:/WorK/github/synesthesia_moksha/wxp/dgn/sw/limbus_bsp/\libchibios_v268_bsp.a(alt_irq_entry.o)
                0x0000000000180020                alt_irq_entry
 .exceptions.entry.label
                0x0000000000180020        0x0 E:/WorK/github/synesthesia_moksha/wxp/dgn/sw/limbus_bsp/\libchibios_v268_bsp.a(alt_exception_entry.o)
                0x0000000000180020                alt_exception
 *(.exceptions.entry.user)
 *(.exceptions.entry.ecc_fatal)
 *(.exceptions.entry)
 .exceptions.entry
                0x0000000000180020       0x54 E:/WorK/github/synesthesia_moksha/wxp/dgn/sw/limbus_bsp/\libchibios_v268_bsp.a(alt_exception_entry.o)
 *(.exceptions.irqtest.user)
 *(.exceptions.irqtest)
 .exceptions.irqtest
                0x0000000000180074       0x10 E:/WorK/github/synesthesia_moksha/wxp/dgn/sw/limbus_bsp/\libchibios_v268_bsp.a(alt_irq_entry.o)
 *(.exceptions.irqhandler.user)
 *(.exceptions.irqhandler)
 .exceptions.irqhandler
                0x0000000000180084        0x4 E:/WorK/github/synesthesia_moksha/wxp/dgn/sw/limbus_bsp/\libchibios_v268_bsp.a(alt_irq_entry.o)
 *(.exceptions.irqreturn.user)
 *(.exceptions.irqreturn)
 .exceptions.irqreturn
                0x0000000000180088        0x4 E:/WorK/github/synesthesia_moksha/wxp/dgn/sw/limbus_bsp/\libchibios_v268_bsp.a(alt_irq_entry.o)
 *(.exceptions.notirq.label)
 .exceptions.notirq.label
                0x000000000018008c        0x0 E:/WorK/github/synesthesia_moksha/wxp/dgn/sw/limbus_bsp/\libchibios_v268_bsp.a(alt_irq_entry.o)
 *(.exceptions.notirq.user)
 *(.exceptions.notirq)
 .exceptions.notirq
                0x000000000018008c        0x8 E:/WorK/github/synesthesia_moksha/wxp/dgn/sw/limbus_bsp/\libchibios_v268_bsp.a(alt_exception_entry.o)
 *(.exceptions.soft.user)
 *(.exceptions.soft)
 *(.exceptions.unknown.user)
 *(.exceptions.unknown)
 .exceptions.unknown
                0x0000000000180094       0x14 E:/WorK/github/synesthesia_moksha/wxp/dgn/sw/limbus_bsp/\libchibios_v268_bsp.a(alt_exception_entry.o)
 *(.exceptions.exit.label)
 .exceptions.exit.label
                0x00000000001800a8        0x0 E:/WorK/github/synesthesia_moksha/wxp/dgn/sw/limbus_bsp/\libchibios_v268_bsp.a(alt_irq_entry.o)
 .exceptions.exit.label
                0x00000000001800a8        0x0 E:/WorK/github/synesthesia_moksha/wxp/dgn/sw/limbus_bsp/\libchibios_v268_bsp.a(alt_exception_entry.o)
 *(.exceptions.exit.user)
 *(.exceptions.exit)
 .exceptions.exit
                0x00000000001800a8       0x54 E:/WorK/github/synesthesia_moksha/wxp/dgn/sw/limbus_bsp/\libchibios_v268_bsp.a(alt_exception_entry.o)
 *(.exceptions)
 .exceptions    0x00000000001800fc       0xdc E:/WorK/github/synesthesia_moksha/wxp/dgn/sw/limbus_bsp/\libchibios_v268_bsp.a(alt_irq_handler.o)
                0x00000000001800fc                alt_irq_handler
 .exceptions    0x00000000001801d8       0x60 E:/WorK/github/synesthesia_moksha/wxp/dgn/sw/limbus_bsp/\libchibios_v268_bsp.a(alt_instruction_exception_entry.o)
                0x00000000001801d8                alt_instruction_exception_entry
                0x0000000000180238                PROVIDE (__ram_exceptions_end, ABSOLUTE (.))
                0x0000000000180020                PROVIDE (__flash_exceptions_start, LOADADDR (.exceptions))

.text           0x0000000000180238    0x1b1d8
                0x0000000000180238                PROVIDE (stext, ABSOLUTE (.))
 *(.interp)
 *(.hash)
 *(.dynsym)
 *(.dynstr)
 *(.gnu.version)
 *(.gnu.version_d)
 *(.gnu.version_r)
 *(.rel.init)
 *(.rela.init)
 *(.rel.text .rel.text.* .rel.gnu.linkonce.t.*)
 *(.rela.text .rela.text.* .rela.gnu.linkonce.t.*)
 *(.rel.fini)
 *(.rela.fini)
 *(.rel.rodata .rel.rodata.* .rel.gnu.linkonce.r.*)
 *(.rela.rodata .rela.rodata.* .rela.gnu.linkonce.r.*)
 *(.rel.data .rel.data.* .rel.gnu.linkonce.d.*)
 *(.rela.data .rela.data.* .rela.gnu.linkonce.d.*)
 *(.rel.tdata .rel.tdata.* .rel.gnu.linkonce.td.*)
 *(.rela.tdata .rela.tdata.* .rela.gnu.linkonce.td.*)
 *(.rel.tbss .rel.tbss.* .rel.gnu.linkonce.tb.*)
 *(.rela.tbss .rela.tbss.* .rela.gnu.linkonce.tb.*)
 *(.rel.ctors)
 *(.rela.ctors)
 *(.rel.dtors)
 *(.rela.dtors)
 *(.rel.got)
 *(.rela.got)
 *(.rel.sdata .rel.sdata.* .rel.gnu.linkonce.s.*)
 *(.rela.sdata .rela.sdata.* .rela.gnu.linkonce.s.*)
 *(.rel.sbss .rel.sbss.* .rel.gnu.linkonce.sb.*)
 *(.rela.sbss .rela.sbss.* .rela.gnu.linkonce.sb.*)
 *(.rel.sdata2 .rel.sdata2.* .rel.gnu.linkonce.s2.*)
 *(.rela.sdata2 .rela.sdata2.* .rela.gnu.linkonce.s2.*)
 *(.rel.sbss2 .rel.sbss2.* .rel.gnu.linkonce.sb2.*)
 *(.rela.sbss2 .rela.sbss2.* .rela.gnu.linkonce.sb2.*)
 *(.rel.bss .rel.bss.* .rel.gnu.linkonce.b.*)
 *(.rela.bss .rela.bss.* .rela.gnu.linkonce.b.*)
 *(.rel.plt)
 *(.rela.plt)
 *(.rel.dyn)
 *(.init)
 *(.plt)
 *(.text .stub .text.* .gnu.linkonce.t.*)
 .text          0x0000000000180238       0x3c E:/WorK/github/synesthesia_moksha/wxp/dgn/sw/limbus_bsp//obj/HAL/src/crt0.o
                0x0000000000180238                _start
 .text          0x0000000000180274       0x4c obj/default/hello_world_small.o
                0x0000000000180274                test_audio_fft
 .text.startup  0x00000000001802c0       0x2c obj/default/hello_world_small.o
                0x00000000001802c0                main
 .text          0x00000000001802ec     0x1184 obj/default/ledos/adv7513/adv7513.o
                0x00000000001803ac                adv7513_chip_identify
                0x0000000000180420                adv7513_hpd_probe
                0x00000000001804d0                adv7513_do_hpd_powerup
                0x00000000001805b8                adv7513_kick_up
                0x00000000001805e4                adv7513_do_hpd_powerdown
                0x0000000000180610                adv7513_power_state
                0x0000000000180658                adv7513_mode_state
                0x00000000001806cc                adv7513_edid_read
                0x000000000018078c                adv7513_regmap_dump
                0x0000000000180838                adv7513_chip_init
                0x0000000000180b08                adv7513_int_handler
                0x0000000000180d4c                adv7513_chip_init_3d
                0x00000000001811e0                adv7513_int_setup
                0x000000000018135c                adv7513_init
 .text          0x0000000000181470     0x5080 obj/default/ledos/adv7513/edid/edid.o
                0x00000000001814ac                edid_decode_cea
                0x0000000000182414                edid_print_cea
                0x0000000000183694                edid_decode_extensions
                0x0000000000183718                edid_decode_v14
                0x0000000000185744                edid_print_v14
 .text          0x00000000001864f0      0x244 obj/default/ledos/adv7513/encoder/encoder.o
                0x00000000001864f0                reg_read
                0x0000000000186578                reg_write
                0x00000000001865bc                reg_update_bits
                0x0000000000186648                reg_or_bits
                0x00000000001866bc                reg_clear_bits
 .text          0x0000000000186734      0xab8 obj/default/ledos/aud_codec/aud_codec.o
                0x0000000000186734                aud_codec_write_reg
                0x0000000000186798                aud_codec_read_reg
                0x0000000000186810                aud_codec_reset
                0x0000000000186848                aud_codec_dump_regs
                0x0000000000186ff8                aud_codec_update_field
                0x00000000001870b4                aud_codec_update_iwl
                0x00000000001870c8                aud_codec_init
 .text          0x00000000001871ec      0x3ac obj/default/ledos/cortex/acortex/acortex.o
                0x00000000001871ec                init_acortex
                0x0000000000187220                enable_audio_path
                0x00000000001873b8                disable_audio_path
                0x00000000001874a4                pcm_cap
 .text          0x0000000000187598      0x280 obj/default/ledos/cortex/acortex/i2c/i2c.o
                0x0000000000187598                get_i2c_status
                0x00000000001875c0                configure_i2c_clk
                0x00000000001875d0                get_i2c_clk
                0x00000000001875dc                configure_i2c_addr
                0x00000000001875ec                get_i2c_addr
                0x00000000001875f8                i2c_xtn_write
                0x00000000001876e0                i2c_xtn_read
                0x00000000001877dc                byte_rev_i2c_arry
 .text          0x0000000000187818       0x58 obj/default/ledos/cortex/acortex/pcm_bffr/pcm_bffr.o
                0x0000000000187818                update_acache_mode
                0x0000000000187828                dump_acache_cap_data
 .text          0x0000000000187870       0xf4 obj/default/ledos/cortex/acortex/ssm2603_drvr/ssm2603_drvr.o
                0x0000000000187870                disable_dac_drvr
                0x0000000000187888                enable_dac_drvr
                0x000000000018789c                disable_adc_drvr
                0x00000000001878b4                enable_adc_drvr
                0x00000000001878c8                configure_drvr_bps
                0x00000000001878ec                configure_drvr_fs_div
                0x00000000001878f8                configure_drvr_bclk_div
                0x0000000000187904                dump_drvr_regs
 .text          0x0000000000187964       0x14 obj/default/ledos/cortex/cortex.o
                0x0000000000187964                init_cortex
 .text          0x0000000000187978      0x1bc obj/default/ledos/cortex/fgyrus/fgyrus.o
                0x0000000000187978                disable_fgyrus
                0x0000000000187990                enable_fgyrus
                0x00000000001879a4                update_fgyrus_mode
                0x00000000001879c0                get_fgyrus_mode
                0x00000000001879d0                get_fgyrus_status
                0x0000000000187a1c                dump_fgyrus_win_ram
                0x0000000000187a54                dump_fgyrus_twdl_ram
                0x0000000000187a8c                dump_fgyrus_cordic_ram
                0x0000000000187ac0                dump_fgyrus_fft_cache
 .text          0x0000000000187b34      0x14c obj/default/ledos/cortex/sys_mem_intf/sys_mem_intf.o
                0x0000000000187b34                check_sys_mem_intf_errors
                0x0000000000187c08                configure_sys_mem_intf_part
 .text          0x0000000000187c80       0x2c obj/default/ledos/ledos.o
                0x0000000000187c80                init_ledos
 .text          0x0000000000187cac      0x12c c:/altera_lite/15.1/nios2eds/bin/gnu/h-x86_64-mingw32/bin/../lib/gcc/nios2-elf/4.9.2/mno-hw-mul\libgcc.a(lib2-divmod.o)
                0x0000000000187d18                __divsi3
                0x0000000000187d6c                __modsi3
                0x0000000000187dc8                __udivsi3
                0x0000000000187dd0                __umodsi3
 .text          0x0000000000187dd8       0x28 c:/altera_lite/15.1/nios2eds/bin/gnu/h-x86_64-mingw32/bin/../lib/gcc/nios2-elf/4.9.2/mno-hw-mul\libgcc.a(lib2-mul.o)
                0x0000000000187dd8                __mulsi3
 .text          0x0000000000187e00      0x4e0 c:/altera_lite/15.1/nios2eds/bin/gnu/h-x86_64-mingw32/bin/../lib/gcc/nios2-elf/4.9.2/mno-hw-mul\libgcc.a(addsf3.o)
                0x0000000000187e00                __addsf3
 .text          0x00000000001882e0      0x450 c:/altera_lite/15.1/nios2eds/bin/gnu/h-x86_64-mingw32/bin/../lib/gcc/nios2-elf/4.9.2/mno-hw-mul\libgcc.a(divsf3.o)
                0x00000000001882e0                __divsf3
 .text          0x0000000000188730      0x450 c:/altera_lite/15.1/nios2eds/bin/gnu/h-x86_64-mingw32/bin/../lib/gcc/nios2-elf/4.9.2/mno-hw-mul\libgcc.a(mulsf3.o)
                0x0000000000188730                __mulsf3
 .text          0x0000000000188b80      0x110 c:/altera_lite/15.1/nios2eds/bin/gnu/h-x86_64-mingw32/bin/../lib/gcc/nios2-elf/4.9.2/mno-hw-mul\libgcc.a(floatunsisf.o)
                0x0000000000188b80                __floatunsisf
 .text          0x0000000000188c90      0x110 c:/altera_lite/15.1/nios2eds/bin/gnu/h-x86_64-mingw32/bin/../lib/gcc/nios2-elf/4.9.2/mno-hw-mul\libgcc.a(extendsfdf2.o)
                0x0000000000188c90                __extendsfdf2
 .text          0x0000000000188da0       0x64 c:/altera_lite/15.1/nios2eds/bin/gnu/h-x86_64-mingw32/bin/../lib/gcc/nios2-elf/4.9.2/mno-hw-mul\libgcc.a(_clzsi2.o)
                0x0000000000188da0                __clzsi2
 .text          0x0000000000188e04        0x0 c:/altera_lite/15.1/nios2eds/bin/gnu/h-x86_64-mingw32/bin/../lib/gcc/nios2-elf/4.9.2/mno-hw-mul\libgcc.a(_clz.o)
 .text          0x0000000000188e04        0x0 c:/altera_lite/15.1/nios2eds/bin/gnu/h-x86_64-mingw32/bin/../lib/gcc/nios2-elf/4.9.2/../../../../../H-x86_64-mingw32/nios2-elf/lib/mno-hw-mul\libc.a(lib_a-memcmp.o)
 .text.memcmp   0x0000000000188e04       0x7c c:/altera_lite/15.1/nios2eds/bin/gnu/h-x86_64-mingw32/bin/../lib/gcc/nios2-elf/4.9.2/../../../../../H-x86_64-mingw32/nios2-elf/lib/mno-hw-mul\libc.a(lib_a-memcmp.o)
                0x0000000000188e04                memcmp
 .text          0x0000000000188e80        0x0 c:/altera_lite/15.1/nios2eds/bin/gnu/h-x86_64-mingw32/bin/../lib/gcc/nios2-elf/4.9.2/../../../../../H-x86_64-mingw32/nios2-elf/lib/mno-hw-mul\libc.a(lib_a-memcpy.o)
 .text.memcpy   0x0000000000188e80      0x138 c:/altera_lite/15.1/nios2eds/bin/gnu/h-x86_64-mingw32/bin/../lib/gcc/nios2-elf/4.9.2/../../../../../H-x86_64-mingw32/nios2-elf/lib/mno-hw-mul\libc.a(lib_a-memcpy.o)
                0x0000000000188e80                memcpy
 .text          0x0000000000188fb8        0x0 c:/altera_lite/15.1/nios2eds/bin/gnu/h-x86_64-mingw32/bin/../lib/gcc/nios2-elf/4.9.2/../../../../../H-x86_64-mingw32/nios2-elf/lib/mno-hw-mul\libc.a(lib_a-memset.o)
 .text.memset   0x0000000000188fb8      0x124 c:/altera_lite/15.1/nios2eds/bin/gnu/h-x86_64-mingw32/bin/../lib/gcc/nios2-elf/4.9.2/../../../../../H-x86_64-mingw32/nios2-elf/lib/mno-hw-mul\libc.a(lib_a-memset.o)
                0x0000000000188fb8                memset
 .text          0x00000000001890dc        0x0 c:/altera_lite/15.1/nios2eds/bin/gnu/h-x86_64-mingw32/bin/../lib/gcc/nios2-elf/4.9.2/../../../../../H-x86_64-mingw32/nios2-elf/lib/mno-hw-mul\libc.a(lib_a-printf.o)
 .text._printf_r
                0x00000000001890dc       0x2c c:/altera_lite/15.1/nios2eds/bin/gnu/h-x86_64-mingw32/bin/../lib/gcc/nios2-elf/4.9.2/../../../../../H-x86_64-mingw32/nios2-elf/lib/mno-hw-mul\libc.a(lib_a-printf.o)
                0x00000000001890dc                _printf_r
 .text.printf   0x0000000000189108       0x3c c:/altera_lite/15.1/nios2eds/bin/gnu/h-x86_64-mingw32/bin/../lib/gcc/nios2-elf/4.9.2/../../../../../H-x86_64-mingw32/nios2-elf/lib/mno-hw-mul\libc.a(lib_a-printf.o)
                0x0000000000189108                printf
 .text          0x0000000000189144        0x0 c:/altera_lite/15.1/nios2eds/bin/gnu/h-x86_64-mingw32/bin/../lib/gcc/nios2-elf/4.9.2/../../../../../H-x86_64-mingw32/nios2-elf/lib/mno-hw-mul\libc.a(lib_a-putchar.o)
 .text._putchar_r
                0x0000000000189144        0x8 c:/altera_lite/15.1/nios2eds/bin/gnu/h-x86_64-mingw32/bin/../lib/gcc/nios2-elf/4.9.2/../../../../../H-x86_64-mingw32/nios2-elf/lib/mno-hw-mul\libc.a(lib_a-putchar.o)
                0x0000000000189144                _putchar_r
 .text.putchar  0x000000000018914c       0x18 c:/altera_lite/15.1/nios2eds/bin/gnu/h-x86_64-mingw32/bin/../lib/gcc/nios2-elf/4.9.2/../../../../../H-x86_64-mingw32/nios2-elf/lib/mno-hw-mul\libc.a(lib_a-putchar.o)
                0x000000000018914c                putchar
 .text          0x0000000000189164        0x0 c:/altera_lite/15.1/nios2eds/bin/gnu/h-x86_64-mingw32/bin/../lib/gcc/nios2-elf/4.9.2/../../../../../H-x86_64-mingw32/nios2-elf/lib/mno-hw-mul\libc.a(lib_a-puts.o)
 .text._puts_r  0x0000000000189164       0xa8 c:/altera_lite/15.1/nios2eds/bin/gnu/h-x86_64-mingw32/bin/../lib/gcc/nios2-elf/4.9.2/../../../../../H-x86_64-mingw32/nios2-elf/lib/mno-hw-mul\libc.a(lib_a-puts.o)
                0x0000000000189164                _puts_r
 .text.puts     0x000000000018920c       0x14 c:/altera_lite/15.1/nios2eds/bin/gnu/h-x86_64-mingw32/bin/../lib/gcc/nios2-elf/4.9.2/../../../../../H-x86_64-mingw32/nios2-elf/lib/mno-hw-mul\libc.a(lib_a-puts.o)
                0x000000000018920c                puts
 .text          0x0000000000189220        0x0 c:/altera_lite/15.1/nios2eds/bin/gnu/h-x86_64-mingw32/bin/../lib/gcc/nios2-elf/4.9.2/../../../../../H-x86_64-mingw32/nios2-elf/lib/mno-hw-mul\libc.a(lib_a-strlen.o)
 .text.strlen   0x0000000000189220       0x98 c:/altera_lite/15.1/nios2eds/bin/gnu/h-x86_64-mingw32/bin/../lib/gcc/nios2-elf/4.9.2/../../../../../H-x86_64-mingw32/nios2-elf/lib/mno-hw-mul\libc.a(lib_a-strlen.o)
                0x0000000000189220                strlen
 .text          0x00000000001892b8        0x0 c:/altera_lite/15.1/nios2eds/bin/gnu/h-x86_64-mingw32/bin/../lib/gcc/nios2-elf/4.9.2/../../../../../H-x86_64-mingw32/nios2-elf/lib/mno-hw-mul\libc.a(lib_a-vfprintf.o)
 .text.___vfprintf_internal_r
                0x00000000001892b8     0x2058 c:/altera_lite/15.1/nios2eds/bin/gnu/h-x86_64-mingw32/bin/../lib/gcc/nios2-elf/4.9.2/../../../../../H-x86_64-mingw32/nios2-elf/lib/mno-hw-mul\libc.a(lib_a-vfprintf.o)
                0x00000000001892b8                ___vfprintf_internal_r
 .text.__vfprintf_internal
                0x000000000018b310       0x24 c:/altera_lite/15.1/nios2eds/bin/gnu/h-x86_64-mingw32/bin/../lib/gcc/nios2-elf/4.9.2/../../../../../H-x86_64-mingw32/nios2-elf/lib/mno-hw-mul\libc.a(lib_a-vfprintf.o)
                0x000000000018b310                __vfprintf_internal
 .text.__sbprintf
                0x000000000018b334       0xbc c:/altera_lite/15.1/nios2eds/bin/gnu/h-x86_64-mingw32/bin/../lib/gcc/nios2-elf/4.9.2/../../../../../H-x86_64-mingw32/nios2-elf/lib/mno-hw-mul\libc.a(lib_a-vfprintf.o)
 .text          0x000000000018b3f0        0x0 c:/altera_lite/15.1/nios2eds/bin/gnu/h-x86_64-mingw32/bin/../lib/gcc/nios2-elf/4.9.2/../../../../../H-x86_64-mingw32/nios2-elf/lib/mno-hw-mul\libc.a(lib_a-wsetup.o)
 .text.__swsetup_r
                0x000000000018b3f0      0x154 c:/altera_lite/15.1/nios2eds/bin/gnu/h-x86_64-mingw32/bin/../lib/gcc/nios2-elf/4.9.2/../../../../../H-x86_64-mingw32/nios2-elf/lib/mno-hw-mul\libc.a(lib_a-wsetup.o)
                0x000000000018b3f0                __swsetup_r
 .text          0x000000000018b544        0x0 c:/altera_lite/15.1/nios2eds/bin/gnu/h-x86_64-mingw32/bin/../lib/gcc/nios2-elf/4.9.2/../../../../../H-x86_64-mingw32/nios2-elf/lib/mno-hw-mul\libc.a(lib_a-dtoa.o)
 .text.quorem   0x000000000018b544      0x228 c:/altera_lite/15.1/nios2eds/bin/gnu/h-x86_64-mingw32/bin/../lib/gcc/nios2-elf/4.9.2/../../../../../H-x86_64-mingw32/nios2-elf/lib/mno-hw-mul\libc.a(lib_a-dtoa.o)
 .text._dtoa_r  0x000000000018b76c     0x1728 c:/altera_lite/15.1/nios2eds/bin/gnu/h-x86_64-mingw32/bin/../lib/gcc/nios2-elf/4.9.2/../../../../../H-x86_64-mingw32/nios2-elf/lib/mno-hw-mul\libc.a(lib_a-dtoa.o)
                0x000000000018b76c                _dtoa_r
 .text          0x000000000018ce94        0x0 c:/altera_lite/15.1/nios2eds/bin/gnu/h-x86_64-mingw32/bin/../lib/gcc/nios2-elf/4.9.2/../../../../../H-x86_64-mingw32/nios2-elf/lib/mno-hw-mul\libc.a(lib_a-fflush.o)
 .text.__sflush_r
                0x000000000018ce94      0x208 c:/altera_lite/15.1/nios2eds/bin/gnu/h-x86_64-mingw32/bin/../lib/gcc/nios2-elf/4.9.2/../../../../../H-x86_64-mingw32/nios2-elf/lib/mno-hw-mul\libc.a(lib_a-fflush.o)
                0x000000000018ce94                __sflush_r
 .text._fflush_r
                0x000000000018d09c       0x5c c:/altera_lite/15.1/nios2eds/bin/gnu/h-x86_64-mingw32/bin/../lib/gcc/nios2-elf/4.9.2/../../../../../H-x86_64-mingw32/nios2-elf/lib/mno-hw-mul\libc.a(lib_a-fflush.o)
                0x000000000018d09c                _fflush_r
 .text.fflush   0x000000000018d0f8       0x30 c:/altera_lite/15.1/nios2eds/bin/gnu/h-x86_64-mingw32/bin/../lib/gcc/nios2-elf/4.9.2/../../../../../H-x86_64-mingw32/nios2-elf/lib/mno-hw-mul\libc.a(lib_a-fflush.o)
                0x000000000018d0f8                fflush
 .text          0x000000000018d128        0x0 c:/altera_lite/15.1/nios2eds/bin/gnu/h-x86_64-mingw32/bin/../lib/gcc/nios2-elf/4.9.2/../../../../../H-x86_64-mingw32/nios2-elf/lib/mno-hw-mul\libc.a(lib_a-findfp.o)
 .text.__fp_lock
                0x000000000018d128        0x8 c:/altera_lite/15.1/nios2eds/bin/gnu/h-x86_64-mingw32/bin/../lib/gcc/nios2-elf/4.9.2/../../../../../H-x86_64-mingw32/nios2-elf/lib/mno-hw-mul\libc.a(lib_a-findfp.o)
 .text.__fp_unlock
                0x000000000018d130        0x8 c:/altera_lite/15.1/nios2eds/bin/gnu/h-x86_64-mingw32/bin/../lib/gcc/nios2-elf/4.9.2/../../../../../H-x86_64-mingw32/nios2-elf/lib/mno-hw-mul\libc.a(lib_a-findfp.o)
 .text._cleanup_r
                0x000000000018d138        0xc c:/altera_lite/15.1/nios2eds/bin/gnu/h-x86_64-mingw32/bin/../lib/gcc/nios2-elf/4.9.2/../../../../../H-x86_64-mingw32/nios2-elf/lib/mno-hw-mul\libc.a(lib_a-findfp.o)
                0x000000000018d138                _cleanup_r
 .text.__sinit.part.1
                0x000000000018d144      0x19c c:/altera_lite/15.1/nios2eds/bin/gnu/h-x86_64-mingw32/bin/../lib/gcc/nios2-elf/4.9.2/../../../../../H-x86_64-mingw32/nios2-elf/lib/mno-hw-mul\libc.a(lib_a-findfp.o)
 .text.__sfmoreglue
                0x000000000018d2e0       0x78 c:/altera_lite/15.1/nios2eds/bin/gnu/h-x86_64-mingw32/bin/../lib/gcc/nios2-elf/4.9.2/../../../../../H-x86_64-mingw32/nios2-elf/lib/mno-hw-mul\libc.a(lib_a-findfp.o)
                0x000000000018d2e0                __sfmoreglue
 .text.__sfp    0x000000000018d358      0x118 c:/altera_lite/15.1/nios2eds/bin/gnu/h-x86_64-mingw32/bin/../lib/gcc/nios2-elf/4.9.2/../../../../../H-x86_64-mingw32/nios2-elf/lib/mno-hw-mul\libc.a(lib_a-findfp.o)
                0x000000000018d358                __sfp
 .text._cleanup
                0x000000000018d470       0x18 c:/altera_lite/15.1/nios2eds/bin/gnu/h-x86_64-mingw32/bin/../lib/gcc/nios2-elf/4.9.2/../../../../../H-x86_64-mingw32/nios2-elf/lib/mno-hw-mul\libc.a(lib_a-findfp.o)
                0x000000000018d470                _cleanup
 .text.__sinit  0x000000000018d488       0x10 c:/altera_lite/15.1/nios2eds/bin/gnu/h-x86_64-mingw32/bin/../lib/gcc/nios2-elf/4.9.2/../../../../../H-x86_64-mingw32/nios2-elf/lib/mno-hw-mul\libc.a(lib_a-findfp.o)
                0x000000000018d488                __sinit
 .text.__sfp_lock_acquire
                0x000000000018d498        0x4 c:/altera_lite/15.1/nios2eds/bin/gnu/h-x86_64-mingw32/bin/../lib/gcc/nios2-elf/4.9.2/../../../../../H-x86_64-mingw32/nios2-elf/lib/mno-hw-mul\libc.a(lib_a-findfp.o)
                0x000000000018d498                __sfp_lock_acquire
 .text.__sfp_lock_release
                0x000000000018d49c        0x4 c:/altera_lite/15.1/nios2eds/bin/gnu/h-x86_64-mingw32/bin/../lib/gcc/nios2-elf/4.9.2/../../../../../H-x86_64-mingw32/nios2-elf/lib/mno-hw-mul\libc.a(lib_a-findfp.o)
                0x000000000018d49c                __sfp_lock_release
 .text.__sinit_lock_acquire
                0x000000000018d4a0        0x4 c:/altera_lite/15.1/nios2eds/bin/gnu/h-x86_64-mingw32/bin/../lib/gcc/nios2-elf/4.9.2/../../../../../H-x86_64-mingw32/nios2-elf/lib/mno-hw-mul\libc.a(lib_a-findfp.o)
                0x000000000018d4a0                __sinit_lock_acquire
 .text.__sinit_lock_release
                0x000000000018d4a4        0x4 c:/altera_lite/15.1/nios2eds/bin/gnu/h-x86_64-mingw32/bin/../lib/gcc/nios2-elf/4.9.2/../../../../../H-x86_64-mingw32/nios2-elf/lib/mno-hw-mul\libc.a(lib_a-findfp.o)
                0x000000000018d4a4                __sinit_lock_release
 .text.__fp_lock_all
                0x000000000018d4a8       0x18 c:/altera_lite/15.1/nios2eds/bin/gnu/h-x86_64-mingw32/bin/../lib/gcc/nios2-elf/4.9.2/../../../../../H-x86_64-mingw32/nios2-elf/lib/mno-hw-mul\libc.a(lib_a-findfp.o)
                0x000000000018d4a8                __fp_lock_all
 .text.__fp_unlock_all
                0x000000000018d4c0       0x18 c:/altera_lite/15.1/nios2eds/bin/gnu/h-x86_64-mingw32/bin/../lib/gcc/nios2-elf/4.9.2/../../../../../H-x86_64-mingw32/nios2-elf/lib/mno-hw-mul\libc.a(lib_a-findfp.o)
                0x000000000018d4c0                __fp_unlock_all
 .text          0x000000000018d4d8        0x0 c:/altera_lite/15.1/nios2eds/bin/gnu/h-x86_64-mingw32/bin/../lib/gcc/nios2-elf/4.9.2/../../../../../H-x86_64-mingw32/nios2-elf/lib/mno-hw-mul\libc.a(lib_a-freer.o)
 .text._malloc_trim_r
                0x000000000018d4d8      0x124 c:/altera_lite/15.1/nios2eds/bin/gnu/h-x86_64-mingw32/bin/../lib/gcc/nios2-elf/4.9.2/../../../../../H-x86_64-mingw32/nios2-elf/lib/mno-hw-mul\libc.a(lib_a-freer.o)
                0x000000000018d4d8                _malloc_trim_r
 .text._free_r  0x000000000018d5fc      0x2f0 c:/altera_lite/15.1/nios2eds/bin/gnu/h-x86_64-mingw32/bin/../lib/gcc/nios2-elf/4.9.2/../../../../../H-x86_64-mingw32/nios2-elf/lib/mno-hw-mul\libc.a(lib_a-freer.o)
                0x000000000018d5fc                _free_r
 .text          0x000000000018d8ec        0x0 c:/altera_lite/15.1/nios2eds/bin/gnu/h-x86_64-mingw32/bin/../lib/gcc/nios2-elf/4.9.2/../../../../../H-x86_64-mingw32/nios2-elf/lib/mno-hw-mul\libc.a(lib_a-fvwrite.o)
 .text.__sfvwrite_r
                0x000000000018d8ec      0x4cc c:/altera_lite/15.1/nios2eds/bin/gnu/h-x86_64-mingw32/bin/../lib/gcc/nios2-elf/4.9.2/../../../../../H-x86_64-mingw32/nios2-elf/lib/mno-hw-mul\libc.a(lib_a-fvwrite.o)
                0x000000000018d8ec                __sfvwrite_r
 .text          0x000000000018ddb8        0x0 c:/altera_lite/15.1/nios2eds/bin/gnu/h-x86_64-mingw32/bin/../lib/gcc/nios2-elf/4.9.2/../../../../../H-x86_64-mingw32/nios2-elf/lib/mno-hw-mul\libc.a(lib_a-fwalk.o)
 .text._fwalk   0x000000000018ddb8       0xc4 c:/altera_lite/15.1/nios2eds/bin/gnu/h-x86_64-mingw32/bin/../lib/gcc/nios2-elf/4.9.2/../../../../../H-x86_64-mingw32/nios2-elf/lib/mno-hw-mul\libc.a(lib_a-fwalk.o)
                0x000000000018ddb8                _fwalk
 .text._fwalk_reent
                0x000000000018de7c       0xc4 c:/altera_lite/15.1/nios2eds/bin/gnu/h-x86_64-mingw32/bin/../lib/gcc/nios2-elf/4.9.2/../../../../../H-x86_64-mingw32/nios2-elf/lib/mno-hw-mul\libc.a(lib_a-fwalk.o)
                0x000000000018de7c                _fwalk_reent
 .text          0x000000000018df40        0x0 c:/altera_lite/15.1/nios2eds/bin/gnu/h-x86_64-mingw32/bin/../lib/gcc/nios2-elf/4.9.2/../../../../../H-x86_64-mingw32/nios2-elf/lib/mno-hw-mul\libc.a(lib_a-impure.o)
 .text          0x000000000018df40        0x0 c:/altera_lite/15.1/nios2eds/bin/gnu/h-x86_64-mingw32/bin/../lib/gcc/nios2-elf/4.9.2/../../../../../H-x86_64-mingw32/nios2-elf/lib/mno-hw-mul\libc.a(lib_a-locale.o)
 .text._setlocale_r
                0x000000000018df40       0x7c c:/altera_lite/15.1/nios2eds/bin/gnu/h-x86_64-mingw32/bin/../lib/gcc/nios2-elf/4.9.2/../../../../../H-x86_64-mingw32/nios2-elf/lib/mno-hw-mul\libc.a(lib_a-locale.o)
                0x000000000018df40                _setlocale_r
 .text.__locale_charset
                0x000000000018dfbc        0xc c:/altera_lite/15.1/nios2eds/bin/gnu/h-x86_64-mingw32/bin/../lib/gcc/nios2-elf/4.9.2/../../../../../H-x86_64-mingw32/nios2-elf/lib/mno-hw-mul\libc.a(lib_a-locale.o)
                0x000000000018dfbc                __locale_charset
 .text.__locale_mb_cur_max
                0x000000000018dfc8       0x10 c:/altera_lite/15.1/nios2eds/bin/gnu/h-x86_64-mingw32/bin/../lib/gcc/nios2-elf/4.9.2/../../../../../H-x86_64-mingw32/nios2-elf/lib/mno-hw-mul\libc.a(lib_a-locale.o)
                0x000000000018dfc8                __locale_mb_cur_max
 .text.__locale_msgcharset
                0x000000000018dfd8        0xc c:/altera_lite/15.1/nios2eds/bin/gnu/h-x86_64-mingw32/bin/../lib/gcc/nios2-elf/4.9.2/../../../../../H-x86_64-mingw32/nios2-elf/lib/mno-hw-mul\libc.a(lib_a-locale.o)
                0x000000000018dfd8                __locale_msgcharset
 .text.__locale_cjk_lang
                0x000000000018dfe4        0x8 c:/altera_lite/15.1/nios2eds/bin/gnu/h-x86_64-mingw32/bin/../lib/gcc/nios2-elf/4.9.2/../../../../../H-x86_64-mingw32/nios2-elf/lib/mno-hw-mul\libc.a(lib_a-locale.o)
                0x000000000018dfe4                __locale_cjk_lang
 .text._localeconv_r
                0x000000000018dfec        0xc c:/altera_lite/15.1/nios2eds/bin/gnu/h-x86_64-mingw32/bin/../lib/gcc/nios2-elf/4.9.2/../../../../../H-x86_64-mingw32/nios2-elf/lib/mno-hw-mul\libc.a(lib_a-locale.o)
                0x000000000018dfec                _localeconv_r
 .text.setlocale
                0x000000000018dff8       0x1c c:/altera_lite/15.1/nios2eds/bin/gnu/h-x86_64-mingw32/bin/../lib/gcc/nios2-elf/4.9.2/../../../../../H-x86_64-mingw32/nios2-elf/lib/mno-hw-mul\libc.a(lib_a-locale.o)
                0x000000000018dff8                setlocale
 .text.localeconv
                0x000000000018e014        0xc c:/altera_lite/15.1/nios2eds/bin/gnu/h-x86_64-mingw32/bin/../lib/gcc/nios2-elf/4.9.2/../../../../../H-x86_64-mingw32/nios2-elf/lib/mno-hw-mul\libc.a(lib_a-locale.o)
                0x000000000018e014                localeconv
 .text          0x000000000018e020        0x0 c:/altera_lite/15.1/nios2eds/bin/gnu/h-x86_64-mingw32/bin/../lib/gcc/nios2-elf/4.9.2/../../../../../H-x86_64-mingw32/nios2-elf/lib/mno-hw-mul\libc.a(lib_a-makebuf.o)
 .text.__smakebuf_r
                0x000000000018e020      0x1b8 c:/altera_lite/15.1/nios2eds/bin/gnu/h-x86_64-mingw32/bin/../lib/gcc/nios2-elf/4.9.2/../../../../../H-x86_64-mingw32/nios2-elf/lib/mno-hw-mul\libc.a(lib_a-makebuf.o)
                0x000000000018e020                __smakebuf_r
 .text          0x000000000018e1d8        0x0 c:/altera_lite/15.1/nios2eds/bin/gnu/h-x86_64-mingw32/bin/../lib/gcc/nios2-elf/4.9.2/../../../../../H-x86_64-mingw32/nios2-elf/lib/mno-hw-mul\libc.a(lib_a-mallocr.o)
 .text._malloc_r
                0x000000000018e1d8      0x7a8 c:/altera_lite/15.1/nios2eds/bin/gnu/h-x86_64-mingw32/bin/../lib/gcc/nios2-elf/4.9.2/../../../../../H-x86_64-mingw32/nios2-elf/lib/mno-hw-mul\libc.a(lib_a-mallocr.o)
                0x000000000018e1d8                _malloc_r
 .text          0x000000000018e980        0x0 c:/altera_lite/15.1/nios2eds/bin/gnu/h-x86_64-mingw32/bin/../lib/gcc/nios2-elf/4.9.2/../../../../../H-x86_64-mingw32/nios2-elf/lib/mno-hw-mul\libc.a(lib_a-memchr.o)
 .text.memchr   0x000000000018e980       0xe8 c:/altera_lite/15.1/nios2eds/bin/gnu/h-x86_64-mingw32/bin/../lib/gcc/nios2-elf/4.9.2/../../../../../H-x86_64-mingw32/nios2-elf/lib/mno-hw-mul\libc.a(lib_a-memchr.o)
                0x000000000018e980                memchr
 .text          0x000000000018ea68        0x0 c:/altera_lite/15.1/nios2eds/bin/gnu/h-x86_64-mingw32/bin/../lib/gcc/nios2-elf/4.9.2/../../../../../H-x86_64-mingw32/nios2-elf/lib/mno-hw-mul\libc.a(lib_a-memmove.o)
 .text.memmove  0x000000000018ea68      0x15c c:/altera_lite/15.1/nios2eds/bin/gnu/h-x86_64-mingw32/bin/../lib/gcc/nios2-elf/4.9.2/../../../../../H-x86_64-mingw32/nios2-elf/lib/mno-hw-mul\libc.a(lib_a-memmove.o)
                0x000000000018ea68                memmove
 .text          0x000000000018ebc4        0x0 c:/altera_lite/15.1/nios2eds/bin/gnu/h-x86_64-mingw32/bin/../lib/gcc/nios2-elf/4.9.2/../../../../../H-x86_64-mingw32/nios2-elf/lib/mno-hw-mul\libc.a(lib_a-mprec.o)
 .text._Balloc  0x000000000018ebc4       0xa8 c:/altera_lite/15.1/nios2eds/bin/gnu/h-x86_64-mingw32/bin/../lib/gcc/nios2-elf/4.9.2/../../../../../H-x86_64-mingw32/nios2-elf/lib/mno-hw-mul\libc.a(lib_a-mprec.o)
                0x000000000018ebc4                _Balloc
 .text._Bfree   0x000000000018ec6c       0x28 c:/altera_lite/15.1/nios2eds/bin/gnu/h-x86_64-mingw32/bin/../lib/gcc/nios2-elf/4.9.2/../../../../../H-x86_64-mingw32/nios2-elf/lib/mno-hw-mul\libc.a(lib_a-mprec.o)
                0x000000000018ec6c                _Bfree
 .text.__multadd
                0x000000000018ec94      0x148 c:/altera_lite/15.1/nios2eds/bin/gnu/h-x86_64-mingw32/bin/../lib/gcc/nios2-elf/4.9.2/../../../../../H-x86_64-mingw32/nios2-elf/lib/mno-hw-mul\libc.a(lib_a-mprec.o)
                0x000000000018ec94                __multadd
 .text.__s2b    0x000000000018eddc      0x104 c:/altera_lite/15.1/nios2eds/bin/gnu/h-x86_64-mingw32/bin/../lib/gcc/nios2-elf/4.9.2/../../../../../H-x86_64-mingw32/nios2-elf/lib/mno-hw-mul\libc.a(lib_a-mprec.o)
                0x000000000018eddc                __s2b
 .text.__hi0bits
                0x000000000018eee0       0x68 c:/altera_lite/15.1/nios2eds/bin/gnu/h-x86_64-mingw32/bin/../lib/gcc/nios2-elf/4.9.2/../../../../../H-x86_64-mingw32/nios2-elf/lib/mno-hw-mul\libc.a(lib_a-mprec.o)
                0x000000000018eee0                __hi0bits
 .text.__lo0bits
                0x000000000018ef48       0xb0 c:/altera_lite/15.1/nios2eds/bin/gnu/h-x86_64-mingw32/bin/../lib/gcc/nios2-elf/4.9.2/../../../../../H-x86_64-mingw32/nios2-elf/lib/mno-hw-mul\libc.a(lib_a-mprec.o)
                0x000000000018ef48                __lo0bits
 .text.__i2b    0x000000000018eff8       0x3c c:/altera_lite/15.1/nios2eds/bin/gnu/h-x86_64-mingw32/bin/../lib/gcc/nios2-elf/4.9.2/../../../../../H-x86_64-mingw32/nios2-elf/lib/mno-hw-mul\libc.a(lib_a-mprec.o)
                0x000000000018eff8                __i2b
 .text.__multiply
                0x000000000018f034      0x290 c:/altera_lite/15.1/nios2eds/bin/gnu/h-x86_64-mingw32/bin/../lib/gcc/nios2-elf/4.9.2/../../../../../H-x86_64-mingw32/nios2-elf/lib/mno-hw-mul\libc.a(lib_a-mprec.o)
                0x000000000018f034                __multiply
 .text.__pow5mult
                0x000000000018f2c4      0x140 c:/altera_lite/15.1/nios2eds/bin/gnu/h-x86_64-mingw32/bin/../lib/gcc/nios2-elf/4.9.2/../../../../../H-x86_64-mingw32/nios2-elf/lib/mno-hw-mul\libc.a(lib_a-mprec.o)
                0x000000000018f2c4                __pow5mult
 .text.__lshift
                0x000000000018f404      0x150 c:/altera_lite/15.1/nios2eds/bin/gnu/h-x86_64-mingw32/bin/../lib/gcc/nios2-elf/4.9.2/../../../../../H-x86_64-mingw32/nios2-elf/lib/mno-hw-mul\libc.a(lib_a-mprec.o)
                0x000000000018f404                __lshift
 .text.__mcmp   0x000000000018f554       0x60 c:/altera_lite/15.1/nios2eds/bin/gnu/h-x86_64-mingw32/bin/../lib/gcc/nios2-elf/4.9.2/../../../../../H-x86_64-mingw32/nios2-elf/lib/mno-hw-mul\libc.a(lib_a-mprec.o)
                0x000000000018f554                __mcmp
 .text.__mdiff  0x000000000018f5b4      0x198 c:/altera_lite/15.1/nios2eds/bin/gnu/h-x86_64-mingw32/bin/../lib/gcc/nios2-elf/4.9.2/../../../../../H-x86_64-mingw32/nios2-elf/lib/mno-hw-mul\libc.a(lib_a-mprec.o)
                0x000000000018f5b4                __mdiff
 .text.__ulp    0x000000000018f74c       0x60 c:/altera_lite/15.1/nios2eds/bin/gnu/h-x86_64-mingw32/bin/../lib/gcc/nios2-elf/4.9.2/../../../../../H-x86_64-mingw32/nios2-elf/lib/mno-hw-mul\libc.a(lib_a-mprec.o)
                0x000000000018f74c                __ulp
 .text.__b2d    0x000000000018f7ac      0x11c c:/altera_lite/15.1/nios2eds/bin/gnu/h-x86_64-mingw32/bin/../lib/gcc/nios2-elf/4.9.2/../../../../../H-x86_64-mingw32/nios2-elf/lib/mno-hw-mul\libc.a(lib_a-mprec.o)
                0x000000000018f7ac                __b2d
 .text.__d2b    0x000000000018f8c8      0x13c c:/altera_lite/15.1/nios2eds/bin/gnu/h-x86_64-mingw32/bin/../lib/gcc/nios2-elf/4.9.2/../../../../../H-x86_64-mingw32/nios2-elf/lib/mno-hw-mul\libc.a(lib_a-mprec.o)
                0x000000000018f8c8                __d2b
 .text.__ratio  0x000000000018fa04       0xa4 c:/altera_lite/15.1/nios2eds/bin/gnu/h-x86_64-mingw32/bin/../lib/gcc/nios2-elf/4.9.2/../../../../../H-x86_64-mingw32/nios2-elf/lib/mno-hw-mul\libc.a(lib_a-mprec.o)
                0x000000000018fa04                __ratio
 .text._mprec_log10
                0x000000000018faa8       0x74 c:/altera_lite/15.1/nios2eds/bin/gnu/h-x86_64-mingw32/bin/../lib/gcc/nios2-elf/4.9.2/../../../../../H-x86_64-mingw32/nios2-elf/lib/mno-hw-mul\libc.a(lib_a-mprec.o)
                0x000000000018faa8                _mprec_log10
 .text.__copybits
                0x000000000018fb1c       0x78 c:/altera_lite/15.1/nios2eds/bin/gnu/h-x86_64-mingw32/bin/../lib/gcc/nios2-elf/4.9.2/../../../../../H-x86_64-mingw32/nios2-elf/lib/mno-hw-mul\libc.a(lib_a-mprec.o)
                0x000000000018fb1c                __copybits
 .text.__any_on
                0x000000000018fb94       0x8c c:/altera_lite/15.1/nios2eds/bin/gnu/h-x86_64-mingw32/bin/../lib/gcc/nios2-elf/4.9.2/../../../../../H-x86_64-mingw32/nios2-elf/lib/mno-hw-mul\libc.a(lib_a-mprec.o)
                0x000000000018fb94                __any_on
 .text          0x000000000018fc20        0x0 c:/altera_lite/15.1/nios2eds/bin/gnu/h-x86_64-mingw32/bin/../lib/gcc/nios2-elf/4.9.2/../../../../../H-x86_64-mingw32/nios2-elf/lib/mno-hw-mul\libc.a(lib_a-putc.o)
 .text._putc_r  0x000000000018fc20       0xa0 c:/altera_lite/15.1/nios2eds/bin/gnu/h-x86_64-mingw32/bin/../lib/gcc/nios2-elf/4.9.2/../../../../../H-x86_64-mingw32/nios2-elf/lib/mno-hw-mul\libc.a(lib_a-putc.o)
                0x000000000018fc20                _putc_r
 .text.putc     0x000000000018fcc0       0xcc c:/altera_lite/15.1/nios2eds/bin/gnu/h-x86_64-mingw32/bin/../lib/gcc/nios2-elf/4.9.2/../../../../../H-x86_64-mingw32/nios2-elf/lib/mno-hw-mul\libc.a(lib_a-putc.o)
                0x000000000018fcc0                putc
 .text          0x000000000018fd8c        0x0 c:/altera_lite/15.1/nios2eds/bin/gnu/h-x86_64-mingw32/bin/../lib/gcc/nios2-elf/4.9.2/../../../../../H-x86_64-mingw32/nios2-elf/lib/mno-hw-mul\libc.a(lib_a-reallocr.o)
 .text._realloc_r
                0x000000000018fd8c      0x568 c:/altera_lite/15.1/nios2eds/bin/gnu/h-x86_64-mingw32/bin/../lib/gcc/nios2-elf/4.9.2/../../../../../H-x86_64-mingw32/nios2-elf/lib/mno-hw-mul\libc.a(lib_a-reallocr.o)
                0x000000000018fd8c                _realloc_r
 .text          0x00000000001902f4        0x0 c:/altera_lite/15.1/nios2eds/bin/gnu/h-x86_64-mingw32/bin/../lib/gcc/nios2-elf/4.9.2/../../../../../H-x86_64-mingw32/nios2-elf/lib/mno-hw-mul\libc.a(lib_a-s_fpclassify.o)
 .text.__fpclassifyd
                0x00000000001902f4       0x74 c:/altera_lite/15.1/nios2eds/bin/gnu/h-x86_64-mingw32/bin/../lib/gcc/nios2-elf/4.9.2/../../../../../H-x86_64-mingw32/nios2-elf/lib/mno-hw-mul\libc.a(lib_a-s_fpclassify.o)
                0x00000000001902f4                __fpclassifyd
 .text          0x0000000000190368        0x0 c:/altera_lite/15.1/nios2eds/bin/gnu/h-x86_64-mingw32/bin/../lib/gcc/nios2-elf/4.9.2/../../../../../H-x86_64-mingw32/nios2-elf/lib/mno-hw-mul\libc.a(lib_a-sbrkr.o)
 .text._sbrk_r  0x0000000000190368       0x54 c:/altera_lite/15.1/nios2eds/bin/gnu/h-x86_64-mingw32/bin/../lib/gcc/nios2-elf/4.9.2/../../../../../H-x86_64-mingw32/nios2-elf/lib/mno-hw-mul\libc.a(lib_a-sbrkr.o)
                0x0000000000190368                _sbrk_r
 .text          0x00000000001903bc        0x0 c:/altera_lite/15.1/nios2eds/bin/gnu/h-x86_64-mingw32/bin/../lib/gcc/nios2-elf/4.9.2/../../../../../H-x86_64-mingw32/nios2-elf/lib/mno-hw-mul\libc.a(lib_a-stdio.o)
 .text.__sread  0x00000000001903bc       0x54 c:/altera_lite/15.1/nios2eds/bin/gnu/h-x86_64-mingw32/bin/../lib/gcc/nios2-elf/4.9.2/../../../../../H-x86_64-mingw32/nios2-elf/lib/mno-hw-mul\libc.a(lib_a-stdio.o)
                0x00000000001903bc                __sread
 .text.__seofread
                0x0000000000190410        0x8 c:/altera_lite/15.1/nios2eds/bin/gnu/h-x86_64-mingw32/bin/../lib/gcc/nios2-elf/4.9.2/../../../../../H-x86_64-mingw32/nios2-elf/lib/mno-hw-mul\libc.a(lib_a-stdio.o)
                0x0000000000190410                __seofread
 .text.__swrite
                0x0000000000190418       0x7c c:/altera_lite/15.1/nios2eds/bin/gnu/h-x86_64-mingw32/bin/../lib/gcc/nios2-elf/4.9.2/../../../../../H-x86_64-mingw32/nios2-elf/lib/mno-hw-mul\libc.a(lib_a-stdio.o)
                0x0000000000190418                __swrite
 .text.__sseek  0x0000000000190494       0x5c c:/altera_lite/15.1/nios2eds/bin/gnu/h-x86_64-mingw32/bin/../lib/gcc/nios2-elf/4.9.2/../../../../../H-x86_64-mingw32/nios2-elf/lib/mno-hw-mul\libc.a(lib_a-stdio.o)
                0x0000000000190494                __sseek
 .text.__sclose
                0x00000000001904f0        0x8 c:/altera_lite/15.1/nios2eds/bin/gnu/h-x86_64-mingw32/bin/../lib/gcc/nios2-elf/4.9.2/../../../../../H-x86_64-mingw32/nios2-elf/lib/mno-hw-mul\libc.a(lib_a-stdio.o)
                0x00000000001904f0                __sclose
 .text          0x00000000001904f8        0x0 c:/altera_lite/15.1/nios2eds/bin/gnu/h-x86_64-mingw32/bin/../lib/gcc/nios2-elf/4.9.2/../../../../../H-x86_64-mingw32/nios2-elf/lib/mno-hw-mul\libc.a(lib_a-strcmp.o)
 .text.strcmp   0x00000000001904f8       0xa4 c:/altera_lite/15.1/nios2eds/bin/gnu/h-x86_64-mingw32/bin/../lib/gcc/nios2-elf/4.9.2/../../../../../H-x86_64-mingw32/nios2-elf/lib/mno-hw-mul\libc.a(lib_a-strcmp.o)
                0x00000000001904f8                strcmp
 .text          0x000000000019059c        0x0 c:/altera_lite/15.1/nios2eds/bin/gnu/h-x86_64-mingw32/bin/../lib/gcc/nios2-elf/4.9.2/../../../../../H-x86_64-mingw32/nios2-elf/lib/mno-hw-mul\libc.a(lib_a-vfiprintf.o)
 .text.__sprint_r.part.0
                0x000000000019059c       0xfc c:/altera_lite/15.1/nios2eds/bin/gnu/h-x86_64-mingw32/bin/../lib/gcc/nios2-elf/4.9.2/../../../../../H-x86_64-mingw32/nios2-elf/lib/mno-hw-mul\libc.a(lib_a-vfiprintf.o)
 .text.__sprint_r
                0x0000000000190698       0x18 c:/altera_lite/15.1/nios2eds/bin/gnu/h-x86_64-mingw32/bin/../lib/gcc/nios2-elf/4.9.2/../../../../../H-x86_64-mingw32/nios2-elf/lib/mno-hw-mul\libc.a(lib_a-vfiprintf.o)
                0x0000000000190698                __sprint_r
 .text.___vfiprintf_internal_r
                0x00000000001906b0     0x12f0 c:/altera_lite/15.1/nios2eds/bin/gnu/h-x86_64-mingw32/bin/../lib/gcc/nios2-elf/4.9.2/../../../../../H-x86_64-mingw32/nios2-elf/lib/mno-hw-mul\libc.a(lib_a-vfiprintf.o)
                0x00000000001906b0                ___vfiprintf_internal_r
 .text.__vfiprintf_internal
                0x00000000001919a0       0x24 c:/altera_lite/15.1/nios2eds/bin/gnu/h-x86_64-mingw32/bin/../lib/gcc/nios2-elf/4.9.2/../../../../../H-x86_64-mingw32/nios2-elf/lib/mno-hw-mul\libc.a(lib_a-vfiprintf.o)
                0x00000000001919a0                __vfiprintf_internal
 .text.__sbprintf
                0x00000000001919c4       0xbc c:/altera_lite/15.1/nios2eds/bin/gnu/h-x86_64-mingw32/bin/../lib/gcc/nios2-elf/4.9.2/../../../../../H-x86_64-mingw32/nios2-elf/lib/mno-hw-mul\libc.a(lib_a-vfiprintf.o)
 .text          0x0000000000191a80        0x0 c:/altera_lite/15.1/nios2eds/bin/gnu/h-x86_64-mingw32/bin/../lib/gcc/nios2-elf/4.9.2/../../../../../H-x86_64-mingw32/nios2-elf/lib/mno-hw-mul\libc.a(lib_a-wbuf.o)
 .text.__swbuf_r
                0x0000000000191a80      0x138 c:/altera_lite/15.1/nios2eds/bin/gnu/h-x86_64-mingw32/bin/../lib/gcc/nios2-elf/4.9.2/../../../../../H-x86_64-mingw32/nios2-elf/lib/mno-hw-mul\libc.a(lib_a-wbuf.o)
                0x0000000000191a80                __swbuf_r
 .text.__swbuf  0x0000000000191bb8       0x1c c:/altera_lite/15.1/nios2eds/bin/gnu/h-x86_64-mingw32/bin/../lib/gcc/nios2-elf/4.9.2/../../../../../H-x86_64-mingw32/nios2-elf/lib/mno-hw-mul\libc.a(lib_a-wbuf.o)
                0x0000000000191bb8                __swbuf
 .text          0x0000000000191bd4        0x0 c:/altera_lite/15.1/nios2eds/bin/gnu/h-x86_64-mingw32/bin/../lib/gcc/nios2-elf/4.9.2/../../../../../H-x86_64-mingw32/nios2-elf/lib/mno-hw-mul\libc.a(lib_a-writer.o)
 .text._write_r
                0x0000000000191bd4       0x5c c:/altera_lite/15.1/nios2eds/bin/gnu/h-x86_64-mingw32/bin/../lib/gcc/nios2-elf/4.9.2/../../../../../H-x86_64-mingw32/nios2-elf/lib/mno-hw-mul\libc.a(lib_a-writer.o)
                0x0000000000191bd4                _write_r
 .text          0x0000000000191c30        0x0 c:/altera_lite/15.1/nios2eds/bin/gnu/h-x86_64-mingw32/bin/../lib/gcc/nios2-elf/4.9.2/../../../../../H-x86_64-mingw32/nios2-elf/lib/mno-hw-mul\libc.a(closer.o)
 .text._close_r
                0x0000000000191c30       0x54 c:/altera_lite/15.1/nios2eds/bin/gnu/h-x86_64-mingw32/bin/../lib/gcc/nios2-elf/4.9.2/../../../../../H-x86_64-mingw32/nios2-elf/lib/mno-hw-mul\libc.a(closer.o)
                0x0000000000191c30                _close_r
 .text          0x0000000000191c84        0x0 c:/altera_lite/15.1/nios2eds/bin/gnu/h-x86_64-mingw32/bin/../lib/gcc/nios2-elf/4.9.2/../../../../../H-x86_64-mingw32/nios2-elf/lib/mno-hw-mul\libc.a(lib_a-callocr.o)
 .text._calloc_r
                0x0000000000191c84       0xd8 c:/altera_lite/15.1/nios2eds/bin/gnu/h-x86_64-mingw32/bin/../lib/gcc/nios2-elf/4.9.2/../../../../../H-x86_64-mingw32/nios2-elf/lib/mno-hw-mul\libc.a(lib_a-callocr.o)
                0x0000000000191c84                _calloc_r
 .text          0x0000000000191d5c        0x0 c:/altera_lite/15.1/nios2eds/bin/gnu/h-x86_64-mingw32/bin/../lib/gcc/nios2-elf/4.9.2/../../../../../H-x86_64-mingw32/nios2-elf/lib/mno-hw-mul\libc.a(lib_a-fclose.o)
 .text._fclose_r
                0x0000000000191d5c       0xf0 c:/altera_lite/15.1/nios2eds/bin/gnu/h-x86_64-mingw32/bin/../lib/gcc/nios2-elf/4.9.2/../../../../../H-x86_64-mingw32/nios2-elf/lib/mno-hw-mul\libc.a(lib_a-fclose.o)
                0x0000000000191d5c                _fclose_r
 .text.fclose   0x0000000000191e4c       0x14 c:/altera_lite/15.1/nios2eds/bin/gnu/h-x86_64-mingw32/bin/../lib/gcc/nios2-elf/4.9.2/../../../../../H-x86_64-mingw32/nios2-elf/lib/mno-hw-mul\libc.a(lib_a-fclose.o)
                0x0000000000191e4c                fclose
 .text          0x0000000000191e60        0x0 c:/altera_lite/15.1/nios2eds/bin/gnu/h-x86_64-mingw32/bin/../lib/gcc/nios2-elf/4.9.2/../../../../../H-x86_64-mingw32/nios2-elf/lib/mno-hw-mul\libc.a(lib_a-fputwc.o)
 .text._fputwc_r
                0x0000000000191e60      0x184 c:/altera_lite/15.1/nios2eds/bin/gnu/h-x86_64-mingw32/bin/../lib/gcc/nios2-elf/4.9.2/../../../../../H-x86_64-mingw32/nios2-elf/lib/mno-hw-mul\libc.a(lib_a-fputwc.o)
                0x0000000000191e60                _fputwc_r
 .text.fputwc   0x0000000000191fe4       0x5c c:/altera_lite/15.1/nios2eds/bin/gnu/h-x86_64-mingw32/bin/../lib/gcc/nios2-elf/4.9.2/../../../../../H-x86_64-mingw32/nios2-elf/lib/mno-hw-mul\libc.a(lib_a-fputwc.o)
                0x0000000000191fe4                fputwc
 .text          0x0000000000192040        0x0 c:/altera_lite/15.1/nios2eds/bin/gnu/h-x86_64-mingw32/bin/../lib/gcc/nios2-elf/4.9.2/../../../../../H-x86_64-mingw32/nios2-elf/lib/mno-hw-mul\libc.a(lib_a-fstatr.o)
 .text._fstat_r
                0x0000000000192040       0x58 c:/altera_lite/15.1/nios2eds/bin/gnu/h-x86_64-mingw32/bin/../lib/gcc/nios2-elf/4.9.2/../../../../../H-x86_64-mingw32/nios2-elf/lib/mno-hw-mul\libc.a(lib_a-fstatr.o)
                0x0000000000192040                _fstat_r
 .text          0x0000000000192098        0x0 c:/altera_lite/15.1/nios2eds/bin/gnu/h-x86_64-mingw32/bin/../lib/gcc/nios2-elf/4.9.2/../../../../../H-x86_64-mingw32/nios2-elf/lib/mno-hw-mul\libc.a(lib_a-int_errno.o)
 .text          0x0000000000192098        0x0 c:/altera_lite/15.1/nios2eds/bin/gnu/h-x86_64-mingw32/bin/../lib/gcc/nios2-elf/4.9.2/../../../../../H-x86_64-mingw32/nios2-elf/lib/mno-hw-mul\libc.a(lib_a-isattyr.o)
 .text._isatty_r
                0x0000000000192098       0x54 c:/altera_lite/15.1/nios2eds/bin/gnu/h-x86_64-mingw32/bin/../lib/gcc/nios2-elf/4.9.2/../../../../../H-x86_64-mingw32/nios2-elf/lib/mno-hw-mul\libc.a(lib_a-isattyr.o)
                0x0000000000192098                _isatty_r
 .text          0x00000000001920ec        0x0 c:/altera_lite/15.1/nios2eds/bin/gnu/h-x86_64-mingw32/bin/../lib/gcc/nios2-elf/4.9.2/../../../../../H-x86_64-mingw32/nios2-elf/lib/mno-hw-mul\libc.a(lib_a-lseekr.o)
 .text._lseek_r
                0x00000000001920ec       0x5c c:/altera_lite/15.1/nios2eds/bin/gnu/h-x86_64-mingw32/bin/../lib/gcc/nios2-elf/4.9.2/../../../../../H-x86_64-mingw32/nios2-elf/lib/mno-hw-mul\libc.a(lib_a-lseekr.o)
                0x00000000001920ec                _lseek_r
 .text          0x0000000000192148        0x0 c:/altera_lite/15.1/nios2eds/bin/gnu/h-x86_64-mingw32/bin/../lib/gcc/nios2-elf/4.9.2/../../../../../H-x86_64-mingw32/nios2-elf/lib/mno-hw-mul\libc.a(lib_a-readr.o)
 .text._read_r  0x0000000000192148       0x5c c:/altera_lite/15.1/nios2eds/bin/gnu/h-x86_64-mingw32/bin/../lib/gcc/nios2-elf/4.9.2/../../../../../H-x86_64-mingw32/nios2-elf/lib/mno-hw-mul\libc.a(lib_a-readr.o)
                0x0000000000192148                _read_r
 .text          0x00000000001921a4        0x0 c:/altera_lite/15.1/nios2eds/bin/gnu/h-x86_64-mingw32/bin/../lib/gcc/nios2-elf/4.9.2/../../../../../H-x86_64-mingw32/nios2-elf/lib/mno-hw-mul\libc.a(lib_a-wcrtomb.o)
 .text._wcrtomb_r
                0x00000000001921a4       0x9c c:/altera_lite/15.1/nios2eds/bin/gnu/h-x86_64-mingw32/bin/../lib/gcc/nios2-elf/4.9.2/../../../../../H-x86_64-mingw32/nios2-elf/lib/mno-hw-mul\libc.a(lib_a-wcrtomb.o)
                0x00000000001921a4                _wcrtomb_r
 .text.wcrtomb  0x0000000000192240       0xc0 c:/altera_lite/15.1/nios2eds/bin/gnu/h-x86_64-mingw32/bin/../lib/gcc/nios2-elf/4.9.2/../../../../../H-x86_64-mingw32/nios2-elf/lib/mno-hw-mul\libc.a(lib_a-wcrtomb.o)
                0x0000000000192240                wcrtomb
 .text          0x0000000000192300        0x0 c:/altera_lite/15.1/nios2eds/bin/gnu/h-x86_64-mingw32/bin/../lib/gcc/nios2-elf/4.9.2/../../../../../H-x86_64-mingw32/nios2-elf/lib/mno-hw-mul\libc.a(lib_a-wctomb_r.o)
 .text.__ascii_wctomb
                0x0000000000192300       0x30 c:/altera_lite/15.1/nios2eds/bin/gnu/h-x86_64-mingw32/bin/../lib/gcc/nios2-elf/4.9.2/../../../../../H-x86_64-mingw32/nios2-elf/lib/mno-hw-mul\libc.a(lib_a-wctomb_r.o)
                0x0000000000192300                __ascii_wctomb
 .text._wctomb_r
                0x0000000000192330       0x5c c:/altera_lite/15.1/nios2eds/bin/gnu/h-x86_64-mingw32/bin/../lib/gcc/nios2-elf/4.9.2/../../../../../H-x86_64-mingw32/nios2-elf/lib/mno-hw-mul\libc.a(lib_a-wctomb_r.o)
                0x0000000000192330                _wctomb_r
 .text          0x000000000019238c      0x640 c:/altera_lite/15.1/nios2eds/bin/gnu/h-x86_64-mingw32/bin/../lib/gcc/nios2-elf/4.9.2/mno-hw-mul\libgcc.a(_udivdi3.o)
                0x000000000019238c                __udivdi3
 .text          0x00000000001929cc      0x61c c:/altera_lite/15.1/nios2eds/bin/gnu/h-x86_64-mingw32/bin/../lib/gcc/nios2-elf/4.9.2/mno-hw-mul\libgcc.a(_umoddi3.o)
                0x00000000001929cc                __umoddi3
 .text          0x0000000000192fe8      0x89c c:/altera_lite/15.1/nios2eds/bin/gnu/h-x86_64-mingw32/bin/../lib/gcc/nios2-elf/4.9.2/mno-hw-mul\libgcc.a(adddf3.o)
                0x0000000000192fe8                __adddf3
 .text          0x0000000000193884      0x980 c:/altera_lite/15.1/nios2eds/bin/gnu/h-x86_64-mingw32/bin/../lib/gcc/nios2-elf/4.9.2/mno-hw-mul\libgcc.a(divdf3.o)
                0x0000000000193884                __divdf3
 .text          0x0000000000194204       0x84 c:/altera_lite/15.1/nios2eds/bin/gnu/h-x86_64-mingw32/bin/../lib/gcc/nios2-elf/4.9.2/mno-hw-mul\libgcc.a(eqdf2.o)
                0x0000000000194204                __nedf2
                0x0000000000194204                __eqdf2
 .text          0x0000000000194288       0xe0 c:/altera_lite/15.1/nios2eds/bin/gnu/h-x86_64-mingw32/bin/../lib/gcc/nios2-elf/4.9.2/mno-hw-mul\libgcc.a(gedf2.o)
                0x0000000000194288                __gedf2
                0x0000000000194288                __gtdf2
 .text          0x0000000000194368       0xe0 c:/altera_lite/15.1/nios2eds/bin/gnu/h-x86_64-mingw32/bin/../lib/gcc/nios2-elf/4.9.2/mno-hw-mul\libgcc.a(ledf2.o)
                0x0000000000194368                __ledf2
                0x0000000000194368                __ltdf2
 .text          0x0000000000194448      0x86c c:/altera_lite/15.1/nios2eds/bin/gnu/h-x86_64-mingw32/bin/../lib/gcc/nios2-elf/4.9.2/mno-hw-mul\libgcc.a(muldf3.o)
                0x0000000000194448                __muldf3
 .text          0x0000000000194cb4      0x8d0 c:/altera_lite/15.1/nios2eds/bin/gnu/h-x86_64-mingw32/bin/../lib/gcc/nios2-elf/4.9.2/mno-hw-mul\libgcc.a(subdf3.o)
                0x0000000000194cb4                __subdf3
 .text          0x0000000000195584       0x88 c:/altera_lite/15.1/nios2eds/bin/gnu/h-x86_64-mingw32/bin/../lib/gcc/nios2-elf/4.9.2/mno-hw-mul\libgcc.a(fixdfsi.o)
                0x0000000000195584                __fixdfsi
 .text          0x000000000019560c       0xd0 c:/altera_lite/15.1/nios2eds/bin/gnu/h-x86_64-mingw32/bin/../lib/gcc/nios2-elf/4.9.2/mno-hw-mul\libgcc.a(floatsidf.o)
                0x000000000019560c                __floatsidf
 .text          0x00000000001956dc       0xa4 c:/altera_lite/15.1/nios2eds/bin/gnu/h-x86_64-mingw32/bin/../lib/gcc/nios2-elf/4.9.2/mno-hw-mul\libgcc.a(floatunsidf.o)
                0x00000000001956dc                __floatunsidf
 .text          0x0000000000195780      0x814 E:/WorK/github/synesthesia_moksha/wxp/dgn/sw/limbus_bsp/\libchibios_v268_bsp.a(chthreads.o)
                0x0000000000195800                _thread_init
                0x0000000000195908                chThdCreateI
                0x0000000000195a88                chThdCreateStatic
                0x0000000000195b14                chThdSetPriority
                0x0000000000195be4                chThdResume
                0x0000000000195c44                chThdTerminate
                0x0000000000195ca4                chThdSleep
                0x0000000000195d00                chThdSleepUntil
                0x0000000000195d7c                chThdYield
                0x0000000000195df0                chThdExit
                0x0000000000195e38                chThdExitS
                0x0000000000195ef0                chThdWait
 .text          0x0000000000195f94      0x204 E:/WorK/github/synesthesia_moksha/wxp/dgn/sw/limbus_bsp/\libchibios_v268_bsp.a(chvt.o)
                0x0000000000195f94                _vt_init
                0x0000000000195ff8                chVTSetI
                0x0000000000196110                chVTResetI
 .text          0x0000000000196198       0x8c E:/WorK/github/synesthesia_moksha/wxp/dgn/sw/limbus_bsp/\libchibios_v268_bsp.a(chcoreasm.o)
                0x0000000000196198                _port_thread_start
                0x00000000001961ac                port_switch
 .text          0x0000000000196224      0x128 E:/WorK/github/synesthesia_moksha/wxp/dgn/sw/limbus_bsp/\libchibios_v268_bsp.a(alt_close.o)
                0x0000000000196274                close
 .text          0x000000000019634c       0x2c E:/WorK/github/synesthesia_moksha/wxp/dgn/sw/limbus_bsp/\libchibios_v268_bsp.a(alt_dev.o)
 .text          0x0000000000196378        0x0 E:/WorK/github/synesthesia_moksha/wxp/dgn/sw/limbus_bsp/\libchibios_v268_bsp.a(alt_errno.o)
 .text          0x0000000000196378      0x108 E:/WorK/github/synesthesia_moksha/wxp/dgn/sw/limbus_bsp/\libchibios_v268_bsp.a(alt_fstat.o)
                0x00000000001963c8                fstat
 .text          0x0000000000196480      0x1e0 E:/WorK/github/synesthesia_moksha/wxp/dgn/sw/limbus_bsp/\libchibios_v268_bsp.a(alt_iic.o)
                0x0000000000196480                alt_ic_isr_register
                0x00000000001964d0                alt_ic_irq_enable
                0x0000000000196570                alt_ic_irq_disable
                0x0000000000196614                alt_ic_irq_enabled
 .text          0x0000000000196660       0xf0 E:/WorK/github/synesthesia_moksha/wxp/dgn/sw/limbus_bsp/\libchibios_v268_bsp.a(alt_iic_isr_register.o)
                0x0000000000196660                alt_iic_isr_register
 .text          0x0000000000196750        0x0 E:/WorK/github/synesthesia_moksha/wxp/dgn/sw/limbus_bsp/\libchibios_v268_bsp.a(alt_irq_entry.o)
 .text          0x0000000000196750        0x0 E:/WorK/github/synesthesia_moksha/wxp/dgn/sw/limbus_bsp/\libchibios_v268_bsp.a(alt_irq_handler.o)
 .text          0x0000000000196750        0x0 E:/WorK/github/synesthesia_moksha/wxp/dgn/sw/limbus_bsp/\libchibios_v268_bsp.a(alt_irq_vars.o)
 .text          0x0000000000196750       0xfc E:/WorK/github/synesthesia_moksha/wxp/dgn/sw/limbus_bsp/\libchibios_v268_bsp.a(alt_isatty.o)
                0x00000000001967a0                isatty
 .text          0x000000000019684c       0xe4 E:/WorK/github/synesthesia_moksha/wxp/dgn/sw/limbus_bsp/\libchibios_v268_bsp.a(alt_load.o)
                0x00000000001968b0                alt_load
 .text          0x0000000000196930      0x12c E:/WorK/github/synesthesia_moksha/wxp/dgn/sw/limbus_bsp/\libchibios_v268_bsp.a(alt_lseek.o)
                0x0000000000196980                lseek
 .text          0x0000000000196a5c       0x90 E:/WorK/github/synesthesia_moksha/wxp/dgn/sw/limbus_bsp/\libchibios_v268_bsp.a(alt_main.o)
                0x0000000000196a5c                alt_main
 .text          0x0000000000196aec       0x40 E:/WorK/github/synesthesia_moksha/wxp/dgn/sw/limbus_bsp/\libchibios_v268_bsp.a(alt_malloc_lock.o)
                0x0000000000196aec                __malloc_lock
                0x0000000000196b0c                __malloc_unlock
 .text          0x0000000000196b2c      0x228 E:/WorK/github/synesthesia_moksha/wxp/dgn/sw/limbus_bsp/\libchibios_v268_bsp.a(alt_printf.o)
                0x0000000000196b2c                alt_printf
 .text          0x0000000000196d54       0x44 E:/WorK/github/synesthesia_moksha/wxp/dgn/sw/limbus_bsp/\libchibios_v268_bsp.a(alt_putchar.o)
                0x0000000000196d54                alt_putchar
 .text          0x0000000000196d98       0x44 E:/WorK/github/synesthesia_moksha/wxp/dgn/sw/limbus_bsp/\libchibios_v268_bsp.a(alt_putstr.o)
                0x0000000000196d98                alt_putstr
 .text          0x0000000000196ddc      0x154 E:/WorK/github/synesthesia_moksha/wxp/dgn/sw/limbus_bsp/\libchibios_v268_bsp.a(alt_read.o)
                0x0000000000196e2c                read
 .text          0x0000000000196f30       0x80 E:/WorK/github/synesthesia_moksha/wxp/dgn/sw/limbus_bsp/\libchibios_v268_bsp.a(alt_release_fd.o)
                0x0000000000196f30                alt_release_fd
 .text          0x0000000000196fb0       0xb0 E:/WorK/github/synesthesia_moksha/wxp/dgn/sw/limbus_bsp/\libchibios_v268_bsp.a(alt_sbrk.o)
                0x0000000000196fb0                sbrk
 .text          0x0000000000197060      0x150 E:/WorK/github/synesthesia_moksha/wxp/dgn/sw/limbus_bsp/\libchibios_v268_bsp.a(alt_write.o)
                0x00000000001970b0                write
 .text          0x00000000001971b0       0xe8 E:/WorK/github/synesthesia_moksha/wxp/dgn/sw/limbus_bsp/\libchibios_v268_bsp.a(alt_sys_init.o)
                0x00000000001971e8                alt_irq_init
                0x000000000019721c                alt_sys_init
 .text          0x0000000000197298      0x164 E:/WorK/github/synesthesia_moksha/wxp/dgn/sw/limbus_bsp/\libchibios_v268_bsp.a(altera_avalon_jtag_uart_fd.o)
                0x0000000000197298                altera_avalon_jtag_uart_read_fd
                0x00000000001972f8                altera_avalon_jtag_uart_write_fd
                0x0000000000197358                altera_avalon_jtag_uart_close_fd
                0x00000000001973a8                altera_avalon_jtag_uart_ioctl_fd
 .text          0x00000000001973fc      0x3d8 E:/WorK/github/synesthesia_moksha/wxp/dgn/sw/limbus_bsp/\libchibios_v268_bsp.a(altera_avalon_jtag_uart_init.o)
                0x00000000001973fc                altera_avalon_jtag_uart_init
                0x000000000019776c                altera_avalon_jtag_uart_close
 .text          0x00000000001977d4       0xec E:/WorK/github/synesthesia_moksha/wxp/dgn/sw/limbus_bsp/\libchibios_v268_bsp.a(altera_avalon_jtag_uart_ioctl.o)
                0x00000000001977d4                altera_avalon_jtag_uart_ioctl
 .text          0x00000000001978c0      0x20c E:/WorK/github/synesthesia_moksha/wxp/dgn/sw/limbus_bsp/\libchibios_v268_bsp.a(altera_avalon_jtag_uart_read.o)
                0x00000000001978c0                altera_avalon_jtag_uart_read
 .text          0x0000000000197acc      0x218 E:/WorK/github/synesthesia_moksha/wxp/dgn/sw/limbus_bsp/\libchibios_v268_bsp.a(altera_avalon_jtag_uart_write.o)
                0x0000000000197acc                altera_avalon_jtag_uart_write
 .text          0x0000000000197ce4       0xfc E:/WorK/github/synesthesia_moksha/wxp/dgn/sw/limbus_bsp/\libchibios_v268_bsp.a(altera_avalon_timer_sc.o)
                0x0000000000197d58                alt_avalon_timer_sc_init
 .text          0x0000000000197de0      0x110 E:/WorK/github/synesthesia_moksha/wxp/dgn/sw/limbus_bsp/\libchibios_v268_bsp.a(altera_avalon_uart_fd.o)
                0x0000000000197de0                altera_avalon_uart_read_fd
                0x0000000000197e40                altera_avalon_uart_write_fd
                0x0000000000197ea0                altera_avalon_uart_close_fd
 .text          0x0000000000197ef0      0x3b8 E:/WorK/github/synesthesia_moksha/wxp/dgn/sw/limbus_bsp/\libchibios_v268_bsp.a(altera_avalon_uart_init.o)
                0x0000000000197ef0                altera_avalon_uart_init
                0x0000000000198254                altera_avalon_uart_close
 .text          0x00000000001982a8      0x22c E:/WorK/github/synesthesia_moksha/wxp/dgn/sw/limbus_bsp/\libchibios_v268_bsp.a(altera_avalon_uart_read.o)
                0x00000000001982f8                altera_avalon_uart_read
 .text          0x00000000001984d4      0x1fc E:/WorK/github/synesthesia_moksha/wxp/dgn/sw/limbus_bsp/\libchibios_v268_bsp.a(altera_avalon_uart_write.o)
                0x0000000000198524                altera_avalon_uart_write
 .text          0x00000000001986d0      0x30c E:/WorK/github/synesthesia_moksha/wxp/dgn/sw/limbus_bsp/\libchibios_v268_bsp.a(chdynamic.o)
                0x00000000001986d0                chThdAddRef
                0x0000000000198734                chThdRelease
                0x000000000019885c                chThdCreateFromHeap
                0x0000000000198914                chThdCreateFromMemoryPool
 .text          0x00000000001989dc      0x4f8 E:/WorK/github/synesthesia_moksha/wxp/dgn/sw/limbus_bsp/\libchibios_v268_bsp.a(chheap.o)
                0x00000000001989dc                _heap_init
                0x0000000000198a38                chHeapInit
                0x0000000000198ad0                chHeapAlloc
                0x0000000000198c74                chHeapFree
                0x0000000000198e14                chHeapStatus
 .text          0x0000000000198ed4      0x148 E:/WorK/github/synesthesia_moksha/wxp/dgn/sw/limbus_bsp/\libchibios_v268_bsp.a(chmemcore.o)
                0x0000000000198ed4                _core_init
                0x0000000000198f1c                chCoreAlloc
                0x0000000000198f7c                chCoreAllocI
                0x0000000000198ff0                chCoreStatus
 .text          0x000000000019901c      0x278 E:/WorK/github/synesthesia_moksha/wxp/dgn/sw/limbus_bsp/\libchibios_v268_bsp.a(chmempools.o)
                0x000000000019901c                chPoolInit
                0x000000000019907c                chPoolLoadArray
                0x00000000001990f8                chPoolAllocI
                0x0000000000199178                chPoolAlloc
                0x00000000001991d8                chPoolFreeI
                0x0000000000199234                chPoolFree
 .text          0x0000000000199294      0x76c E:/WorK/github/synesthesia_moksha/wxp/dgn/sw/limbus_bsp/\libchibios_v268_bsp.a(chmtx.o)
                0x00000000001993c4                chMtxInit
                0x0000000000199408                chMtxLock
                0x0000000000199460                chMtxLockS
                0x00000000001995bc                chMtxTryLock
                0x000000000019961c                chMtxTryLockS
                0x0000000000199694                chMtxUnlock
                0x00000000001997e0                chMtxUnlockS
                0x0000000000199900                chMtxUnlockAll
 .text          0x0000000000199a00      0x6dc E:/WorK/github/synesthesia_moksha/wxp/dgn/sw/limbus_bsp/\libchibios_v268_bsp.a(chschd.o)
                0x0000000000199a9c                _scheduler_init
                0x0000000000199b1c                chSchReadyI
                0x0000000000199bd8                chSchGoSleepS
                0x0000000000199d14                chSchGoSleepTimeoutS
                0x0000000000199db4                chSchWakeupS
                0x0000000000199e54                chSchRescheduleS
                0x0000000000199ea0                chSchIsPreemptionRequired
                0x0000000000199f18                chSchDoRescheduleBehind
                0x0000000000199fa8                chSchDoRescheduleAhead
                0x000000000019a094                chSchDoReschedule
 .text          0x000000000019a0dc      0x208 E:/WorK/github/synesthesia_moksha/wxp/dgn/sw/limbus_bsp/\libchibios_v268_bsp.a(chsys.o)
                0x000000000019a0dc                _idle_thread
                0x000000000019a10c                chSysInit
                0x000000000019a1bc                chSysTimerHandlerI
 .text          0x000000000019a2e4      0x140 E:/WorK/github/synesthesia_moksha/wxp/dgn/sw/limbus_bsp/\libchibios_v268_bsp.a(alt_alarm_start.o)
                0x000000000019a2e4                alt_alarm_start
 .text          0x000000000019a424       0x1c E:/WorK/github/synesthesia_moksha/wxp/dgn/sw/limbus_bsp/\libchibios_v268_bsp.a(alt_dcache_flush_all.o)
                0x000000000019a424                alt_dcache_flush_all
 .text          0x000000000019a440       0xf4 E:/WorK/github/synesthesia_moksha/wxp/dgn/sw/limbus_bsp/\libchibios_v268_bsp.a(alt_dev_llist_insert.o)
                0x000000000019a490                alt_dev_llist_insert
 .text          0x000000000019a534       0x5c E:/WorK/github/synesthesia_moksha/wxp/dgn/sw/limbus_bsp/\libchibios_v268_bsp.a(alt_do_ctors.o)
                0x000000000019a534                _do_ctors
 .text          0x000000000019a590       0x5c E:/WorK/github/synesthesia_moksha/wxp/dgn/sw/limbus_bsp/\libchibios_v268_bsp.a(alt_do_dtors.o)
                0x000000000019a590                _do_dtors
 .text          0x000000000019a5ec        0x0 E:/WorK/github/synesthesia_moksha/wxp/dgn/sw/limbus_bsp/\libchibios_v268_bsp.a(alt_exception_entry.o)
 .text          0x000000000019a5ec       0x1c E:/WorK/github/synesthesia_moksha/wxp/dgn/sw/limbus_bsp/\libchibios_v268_bsp.a(alt_icache_flush_all.o)
                0x000000000019a5ec                alt_icache_flush_all
 .text          0x000000000019a608       0x9c E:/WorK/github/synesthesia_moksha/wxp/dgn/sw/limbus_bsp/\libchibios_v268_bsp.a(alt_instruction_exception_entry.o)
                0x000000000019a608                alt_exception_cause_generated_bad_addr
 .text          0x000000000019a6a4      0x158 E:/WorK/github/synesthesia_moksha/wxp/dgn/sw/limbus_bsp/\libchibios_v268_bsp.a(alt_io_redirect.o)
                0x000000000019a784                alt_io_redirect
 .text          0x000000000019a7fc      0x2a4 E:/WorK/github/synesthesia_moksha/wxp/dgn/sw/limbus_bsp/\libchibios_v268_bsp.a(alt_open.o)
                0x000000000019a940                open
 .text          0x000000000019aaa0      0x19c E:/WorK/github/synesthesia_moksha/wxp/dgn/sw/limbus_bsp/\libchibios_v268_bsp.a(alt_tick.o)
                0x000000000019aaa0                alt_alarm_stop
                0x000000000019ab38                alt_tick
 .text          0x000000000019ac3c       0x20 E:/WorK/github/synesthesia_moksha/wxp/dgn/sw/limbus_bsp/\libchibios_v268_bsp.a(altera_nios2_gen2_irq.o)
                0x000000000019ac3c                altera_nios2_gen2_irq_init
 .text          0x000000000019ac5c      0x108 E:/WorK/github/synesthesia_moksha/wxp/dgn/sw/limbus_bsp/\libchibios_v268_bsp.a(chregistry.o)
                0x000000000019ac5c                chRegFirstThread
                0x000000000019accc                chRegNextThread
 .text          0x000000000019ad64       0x50 E:/WorK/github/synesthesia_moksha/wxp/dgn/sw/limbus_bsp/\libchibios_v268_bsp.a(chcore.o)
                0x000000000019ad64                port_halt
                0x000000000019ad8c                port_time_tick
 .text          0x000000000019adb4       0x90 E:/WorK/github/synesthesia_moksha/wxp/dgn/sw/limbus_bsp/\libchibios_v268_bsp.a(alt_find_dev.o)
                0x000000000019adb4                alt_find_dev
 .text          0x000000000019ae44      0x114 E:/WorK/github/synesthesia_moksha/wxp/dgn/sw/limbus_bsp/\libchibios_v268_bsp.a(alt_find_file.o)
                0x000000000019ae44                alt_find_file
 .text          0x000000000019af58       0xd4 E:/WorK/github/synesthesia_moksha/wxp/dgn/sw/limbus_bsp/\libchibios_v268_bsp.a(alt_get_fd.o)
                0x000000000019af58                alt_get_fd
 .text          0x000000000019b02c        0x0 c:/altera_lite/15.1/nios2eds/bin/gnu/h-x86_64-mingw32/bin/../lib/gcc/nios2-elf/4.9.2/../../../../../H-x86_64-mingw32/nios2-elf/lib/mno-hw-mul\libc.a(lib_a-atexit.o)
 .text.atexit   0x000000000019b02c       0x14 c:/altera_lite/15.1/nios2eds/bin/gnu/h-x86_64-mingw32/bin/../lib/gcc/nios2-elf/4.9.2/../../../../../H-x86_64-mingw32/nios2-elf/lib/mno-hw-mul\libc.a(lib_a-atexit.o)
                0x000000000019b02c                atexit
 .text          0x000000000019b040        0x0 c:/altera_lite/15.1/nios2eds/bin/gnu/h-x86_64-mingw32/bin/../lib/gcc/nios2-elf/4.9.2/../../../../../H-x86_64-mingw32/nios2-elf/lib/mno-hw-mul\libc.a(lib_a-exit.o)
 .text.exit     0x000000000019b040       0x38 c:/altera_lite/15.1/nios2eds/bin/gnu/h-x86_64-mingw32/bin/../lib/gcc/nios2-elf/4.9.2/../../../../../H-x86_64-mingw32/nios2-elf/lib/mno-hw-mul\libc.a(lib_a-exit.o)
                0x000000000019b040                exit
 .text          0x000000000019b078        0x0 c:/altera_lite/15.1/nios2eds/bin/gnu/h-x86_64-mingw32/bin/../lib/gcc/nios2-elf/4.9.2/../../../../../H-x86_64-mingw32/nios2-elf/lib/mno-hw-mul\libc.a(lib_a-fputs.o)
 .text._fputs_r
                0x000000000019b078       0x9c c:/altera_lite/15.1/nios2eds/bin/gnu/h-x86_64-mingw32/bin/../lib/gcc/nios2-elf/4.9.2/../../../../../H-x86_64-mingw32/nios2-elf/lib/mno-hw-mul\libc.a(lib_a-fputs.o)
                0x000000000019b078                _fputs_r
 .text.fputs    0x000000000019b114       0x1c c:/altera_lite/15.1/nios2eds/bin/gnu/h-x86_64-mingw32/bin/../lib/gcc/nios2-elf/4.9.2/../../../../../H-x86_64-mingw32/nios2-elf/lib/mno-hw-mul\libc.a(lib_a-fputs.o)
                0x000000000019b114                fputs
 .text          0x000000000019b130        0x0 c:/altera_lite/15.1/nios2eds/bin/gnu/h-x86_64-mingw32/bin/../lib/gcc/nios2-elf/4.9.2/../../../../../H-x86_64-mingw32/nios2-elf/lib/mno-hw-mul\libc.a(lib_a-__atexit.o)
 .text.__register_exitproc
                0x000000000019b130      0x114 c:/altera_lite/15.1/nios2eds/bin/gnu/h-x86_64-mingw32/bin/../lib/gcc/nios2-elf/4.9.2/../../../../../H-x86_64-mingw32/nios2-elf/lib/mno-hw-mul\libc.a(lib_a-__atexit.o)
                0x000000000019b130                __register_exitproc
 .text          0x000000000019b244        0x0 c:/altera_lite/15.1/nios2eds/bin/gnu/h-x86_64-mingw32/bin/../lib/gcc/nios2-elf/4.9.2/../../../../../H-x86_64-mingw32/nios2-elf/lib/mno-hw-mul\libc.a(lib_a-__call_atexit.o)
 .text.__call_exitprocs
                0x000000000019b244      0x194 c:/altera_lite/15.1/nios2eds/bin/gnu/h-x86_64-mingw32/bin/../lib/gcc/nios2-elf/4.9.2/../../../../../H-x86_64-mingw32/nios2-elf/lib/mno-hw-mul\libc.a(lib_a-__call_atexit.o)
                0x000000000019b244                __call_exitprocs
 .text          0x000000000019b3d8       0x38 E:/WorK/github/synesthesia_moksha/wxp/dgn/sw/limbus_bsp/\libchibios_v268_bsp.a(alt_exit.o)
                0x000000000019b3d8                _exit
 *(.gnu.warning.*)
 *(.fini)
                0x000000000019b410                PROVIDE (__etext, ABSOLUTE (.))
                0x000000000019b410                PROVIDE (_etext, ABSOLUTE (.))
                0x000000000019b410                PROVIDE (etext, ABSOLUTE (.))
 *(.eh_frame_hdr)
                0x000000000019b410                . = ALIGN (0x4)
                0x000000000019b410                PROVIDE (__preinit_array_start, ABSOLUTE (.))
 *(.preinit_array)
                0x000000000019b410                PROVIDE (__preinit_array_end, ABSOLUTE (.))
                0x000000000019b410                PROVIDE (__init_array_start, ABSOLUTE (.))
 *(.init_array)
                0x000000000019b410                PROVIDE (__init_array_end, ABSOLUTE (.))
                0x000000000019b410                PROVIDE (__fini_array_start, ABSOLUTE (.))
 *(.fini_array)
                0x000000000019b410                PROVIDE (__fini_array_end, ABSOLUTE (.))
 *(.eh_frame)
 *(.gcc_except_table .gcc_except_table.*)
 *(.dynamic)
                0x000000000019b410                PROVIDE (__CTOR_LIST__, ABSOLUTE (.))
 *(.ctors)
 *(SORT(.ctors.*))
                0x000000000019b410                PROVIDE (__CTOR_END__, ABSOLUTE (.))
                0x000000000019b410                PROVIDE (__DTOR_LIST__, ABSOLUTE (.))
 *(.dtors)
 *(SORT(.dtors.*))
                0x000000000019b410                PROVIDE (__DTOR_END__, ABSOLUTE (.))
 *(.jcr)
                0x000000000019b410                . = ALIGN (0x4)

.rodata         0x000000000019b410     0x4210
                0x000000000019b410                PROVIDE (__ram_rodata_start, ABSOLUTE (.))
                0x000000000019b410                . = ALIGN (0x4)
 *(.rodata .rodata.* .gnu.linkonce.r.*)
 .rodata.str1.4
                0x000000000019b410       0x15 obj/default/hello_world_small.o
                                         0x18 (size before relaxing)
 *fill*         0x000000000019b425        0x3 
 .rodata.str1.4
                0x000000000019b428      0x85d obj/default/ledos/adv7513/adv7513.o
                                        0x860 (size before relaxing)
 *fill*         0x000000000019bc85        0x3 
 .rodata        0x000000000019bc88       0xf0 obj/default/ledos/adv7513/adv7513.o
 .rodata.str1.4
                0x000000000019bd78     0x28f1 obj/default/ledos/adv7513/edid/edid.o
                                       0x2b24 (size before relaxing)
 *fill*         0x000000000019e669        0x3 
 .rodata        0x000000000019e66c      0x130 obj/default/ledos/adv7513/edid/edid.o
 .rodata.str1.4
                0x000000000019e79c      0x6a7 obj/default/ledos/aud_codec/aud_codec.o
                                        0x6a8 (size before relaxing)
 *fill*         0x000000000019ee43        0x1 
 .rodata.str1.4
                0x000000000019ee44       0x3f obj/default/ledos/cortex/acortex/acortex.o
                                         0x44 (size before relaxing)
 *fill*         0x000000000019ee83        0x1 
 .rodata        0x000000000019ee84       0x48 obj/default/ledos/cortex/acortex/acortex.o
 .rodata.str1.4
                0x000000000019eecc       0x8e obj/default/ledos/cortex/acortex/i2c/i2c.o
                                         0x90 (size before relaxing)
 *fill*         0x000000000019ef5a        0x2 
 .rodata.str1.4
                0x000000000019ef5c       0xd0 obj/default/ledos/cortex/acortex/ssm2603_drvr/ssm2603_drvr.o
 .rodata.str1.4
                0x000000000019f02c      0x2d8 obj/default/ledos/cortex/sys_mem_intf/sys_mem_intf.o
 .rodata        0x000000000019f304      0x100 c:/altera_lite/15.1/nios2eds/bin/gnu/h-x86_64-mingw32/bin/../lib/gcc/nios2-elf/4.9.2/mno-hw-mul\libgcc.a(_clz.o)
                0x000000000019f304                __clz_tab
 .rodata.str1.4
                0x0000000000000000      0x2d8 c:/altera_lite/15.1/nios2eds/bin/gnu/h-x86_64-mingw32/bin/../lib/gcc/nios2-elf/4.9.2/../../../../../H-x86_64-mingw32/nios2-elf/lib/mno-hw-mul\libc.a(lib_a-puts.o)
                                          0x4 (size before relaxing)
 .rodata.str1.4
                0x000000000019f404       0x3f c:/altera_lite/15.1/nios2eds/bin/gnu/h-x86_64-mingw32/bin/../lib/gcc/nios2-elf/4.9.2/../../../../../H-x86_64-mingw32/nios2-elf/lib/mno-hw-mul\libc.a(lib_a-vfprintf.o)
                                         0x44 (size before relaxing)
 .rodata.zeroes.4255
                0x000000000019f443       0x10 c:/altera_lite/15.1/nios2eds/bin/gnu/h-x86_64-mingw32/bin/../lib/gcc/nios2-elf/4.9.2/../../../../../H-x86_64-mingw32/nios2-elf/lib/mno-hw-mul\libc.a(lib_a-vfprintf.o)
 .rodata.blanks.4254
                0x000000000019f453       0x10 c:/altera_lite/15.1/nios2eds/bin/gnu/h-x86_64-mingw32/bin/../lib/gcc/nios2-elf/4.9.2/../../../../../H-x86_64-mingw32/nios2-elf/lib/mno-hw-mul\libc.a(lib_a-vfprintf.o)
 *fill*         0x000000000019f463        0x1 
 .rodata.str1.4
                0x000000000019f464       0x10 c:/altera_lite/15.1/nios2eds/bin/gnu/h-x86_64-mingw32/bin/../lib/gcc/nios2-elf/4.9.2/../../../../../H-x86_64-mingw32/nios2-elf/lib/mno-hw-mul\libc.a(lib_a-dtoa.o)
                                         0x14 (size before relaxing)
 .rodata.str1.4
                0x0000000000000000       0x10 c:/altera_lite/15.1/nios2eds/bin/gnu/h-x86_64-mingw32/bin/../lib/gcc/nios2-elf/4.9.2/../../../../../H-x86_64-mingw32/nios2-elf/lib/mno-hw-mul\libc.a(lib_a-impure.o)
                                          0x4 (size before relaxing)
 .rodata.str1.4
                0x000000000019f474        0x8 c:/altera_lite/15.1/nios2eds/bin/gnu/h-x86_64-mingw32/bin/../lib/gcc/nios2-elf/4.9.2/../../../../../H-x86_64-mingw32/nios2-elf/lib/mno-hw-mul\libc.a(lib_a-locale.o)
                                         0x14 (size before relaxing)
 .rodata.p05.2710
                0x000000000019f47c        0xc c:/altera_lite/15.1/nios2eds/bin/gnu/h-x86_64-mingw32/bin/../lib/gcc/nios2-elf/4.9.2/../../../../../H-x86_64-mingw32/nios2-elf/lib/mno-hw-mul\libc.a(lib_a-mprec.o)
 .rodata.__mprec_tinytens
                0x000000000019f488       0x28 c:/altera_lite/15.1/nios2eds/bin/gnu/h-x86_64-mingw32/bin/../lib/gcc/nios2-elf/4.9.2/../../../../../H-x86_64-mingw32/nios2-elf/lib/mno-hw-mul\libc.a(lib_a-mprec.o)
                0x000000000019f488                __mprec_tinytens
 .rodata.__mprec_bigtens
                0x000000000019f4b0       0x28 c:/altera_lite/15.1/nios2eds/bin/gnu/h-x86_64-mingw32/bin/../lib/gcc/nios2-elf/4.9.2/../../../../../H-x86_64-mingw32/nios2-elf/lib/mno-hw-mul\libc.a(lib_a-mprec.o)
                0x000000000019f4b0                __mprec_bigtens
 .rodata.__mprec_tens
                0x000000000019f4d8       0xc8 c:/altera_lite/15.1/nios2eds/bin/gnu/h-x86_64-mingw32/bin/../lib/gcc/nios2-elf/4.9.2/../../../../../H-x86_64-mingw32/nios2-elf/lib/mno-hw-mul\libc.a(lib_a-mprec.o)
                0x000000000019f4d8                __mprec_tens
 .rodata.str1.4
                0x0000000000000000       0x30 c:/altera_lite/15.1/nios2eds/bin/gnu/h-x86_64-mingw32/bin/../lib/gcc/nios2-elf/4.9.2/../../../../../H-x86_64-mingw32/nios2-elf/lib/mno-hw-mul\libc.a(lib_a-vfiprintf.o)
 .rodata.zeroes.4200
                0x000000000019f5a0       0x10 c:/altera_lite/15.1/nios2eds/bin/gnu/h-x86_64-mingw32/bin/../lib/gcc/nios2-elf/4.9.2/../../../../../H-x86_64-mingw32/nios2-elf/lib/mno-hw-mul\libc.a(lib_a-vfiprintf.o)
 .rodata.blanks.4199
                0x000000000019f5b0       0x10 c:/altera_lite/15.1/nios2eds/bin/gnu/h-x86_64-mingw32/bin/../lib/gcc/nios2-elf/4.9.2/../../../../../H-x86_64-mingw32/nios2-elf/lib/mno-hw-mul\libc.a(lib_a-vfiprintf.o)
 .rodata        0x000000000019f5c0        0xc E:/WorK/github/synesthesia_moksha/wxp/dgn/sw/limbus_bsp/\libchibios_v268_bsp.a(alt_dev.o)
 .rodata        0x000000000019f5cc       0x14 E:/WorK/github/synesthesia_moksha/wxp/dgn/sw/limbus_bsp/\libchibios_v268_bsp.a(alt_main.o)
 .rodata        0x000000000019f5e0       0x20 E:/WorK/github/synesthesia_moksha/wxp/dgn/sw/limbus_bsp/\libchibios_v268_bsp.a(alt_sys_init.o)
 .rodata        0x000000000019f600        0x8 E:/WorK/github/synesthesia_moksha/wxp/dgn/sw/limbus_bsp/\libchibios_v268_bsp.a(chsys.o)
 .rodata        0x000000000019f608       0x16 E:/WorK/github/synesthesia_moksha/wxp/dgn/sw/limbus_bsp/\libchibios_v268_bsp.a(chregistry.o)
                0x000000000019f608                ch_debug
 *(.rodata1)
                0x000000000019f620                . = ALIGN (0x4)
 *fill*         0x000000000019f61e        0x2 
                0x000000000019f620                PROVIDE (__ram_rodata_end, ABSOLUTE (.))
                0x000000000019b410                PROVIDE (__flash_rodata_start, LOADADDR (.rodata))

.rwdata         0x000000000019f620     0x1bb8 load address 0x00000000001a11d8
                0x000000000019f620                PROVIDE (__ram_rwdata_start, ABSOLUTE (.))
                0x000000000019f620                . = ALIGN (0x4)
 *(.got.plt)
 *(.got)
 *(.data1)
 *(.data .data.* .gnu.linkonce.d.*)
 .data          0x000000000019f620        0x0 E:/WorK/github/synesthesia_moksha/wxp/dgn/sw/limbus_bsp//obj/HAL/src/crt0.o
 .data          0x000000000019f620        0x0 obj/default/hello_world_small.o
 .data          0x000000000019f620        0x0 obj/default/ledos/adv7513/adv7513.o
 .data          0x000000000019f620        0x0 obj/default/ledos/adv7513/edid/edid.o
 .data          0x000000000019f620        0x0 obj/default/ledos/adv7513/encoder/encoder.o
 .data          0x000000000019f620        0x0 obj/default/ledos/aud_codec/aud_codec.o
 .data          0x000000000019f620        0x0 obj/default/ledos/cortex/acortex/acortex.o
 .data          0x000000000019f620        0x0 obj/default/ledos/cortex/acortex/i2c/i2c.o
 .data          0x000000000019f620        0x0 obj/default/ledos/cortex/acortex/pcm_bffr/pcm_bffr.o
 .data          0x000000000019f620        0x0 obj/default/ledos/cortex/acortex/ssm2603_drvr/ssm2603_drvr.o
 .data          0x000000000019f620        0x0 obj/default/ledos/cortex/cortex.o
 .data          0x000000000019f620        0x0 obj/default/ledos/cortex/fgyrus/fgyrus.o
 .data          0x000000000019f620        0x0 obj/default/ledos/cortex/sys_mem_intf/sys_mem_intf.o
 .data          0x000000000019f620        0x0 obj/default/ledos/ledos.o
 .data          0x000000000019f620        0x0 c:/altera_lite/15.1/nios2eds/bin/gnu/h-x86_64-mingw32/bin/../lib/gcc/nios2-elf/4.9.2/mno-hw-mul\libgcc.a(lib2-divmod.o)
 .data          0x000000000019f620        0x0 c:/altera_lite/15.1/nios2eds/bin/gnu/h-x86_64-mingw32/bin/../lib/gcc/nios2-elf/4.9.2/mno-hw-mul\libgcc.a(lib2-mul.o)
 .data          0x000000000019f620        0x0 c:/altera_lite/15.1/nios2eds/bin/gnu/h-x86_64-mingw32/bin/../lib/gcc/nios2-elf/4.9.2/mno-hw-mul\libgcc.a(addsf3.o)
 .data          0x000000000019f620        0x0 c:/altera_lite/15.1/nios2eds/bin/gnu/h-x86_64-mingw32/bin/../lib/gcc/nios2-elf/4.9.2/mno-hw-mul\libgcc.a(divsf3.o)
 .data          0x000000000019f620        0x0 c:/altera_lite/15.1/nios2eds/bin/gnu/h-x86_64-mingw32/bin/../lib/gcc/nios2-elf/4.9.2/mno-hw-mul\libgcc.a(mulsf3.o)
 .data          0x000000000019f620        0x0 c:/altera_lite/15.1/nios2eds/bin/gnu/h-x86_64-mingw32/bin/../lib/gcc/nios2-elf/4.9.2/mno-hw-mul\libgcc.a(floatunsisf.o)
 .data          0x000000000019f620        0x0 c:/altera_lite/15.1/nios2eds/bin/gnu/h-x86_64-mingw32/bin/../lib/gcc/nios2-elf/4.9.2/mno-hw-mul\libgcc.a(extendsfdf2.o)
 .data          0x000000000019f620        0x0 c:/altera_lite/15.1/nios2eds/bin/gnu/h-x86_64-mingw32/bin/../lib/gcc/nios2-elf/4.9.2/mno-hw-mul\libgcc.a(_clzsi2.o)
 .data          0x000000000019f620        0x0 c:/altera_lite/15.1/nios2eds/bin/gnu/h-x86_64-mingw32/bin/../lib/gcc/nios2-elf/4.9.2/mno-hw-mul\libgcc.a(_clz.o)
 .data          0x000000000019f620        0x0 c:/altera_lite/15.1/nios2eds/bin/gnu/h-x86_64-mingw32/bin/../lib/gcc/nios2-elf/4.9.2/../../../../../H-x86_64-mingw32/nios2-elf/lib/mno-hw-mul\libc.a(lib_a-memcmp.o)
 .data          0x000000000019f620        0x0 c:/altera_lite/15.1/nios2eds/bin/gnu/h-x86_64-mingw32/bin/../lib/gcc/nios2-elf/4.9.2/../../../../../H-x86_64-mingw32/nios2-elf/lib/mno-hw-mul\libc.a(lib_a-memcpy.o)
 .data          0x000000000019f620        0x0 c:/altera_lite/15.1/nios2eds/bin/gnu/h-x86_64-mingw32/bin/../lib/gcc/nios2-elf/4.9.2/../../../../../H-x86_64-mingw32/nios2-elf/lib/mno-hw-mul\libc.a(lib_a-memset.o)
 .data          0x000000000019f620        0x0 c:/altera_lite/15.1/nios2eds/bin/gnu/h-x86_64-mingw32/bin/../lib/gcc/nios2-elf/4.9.2/../../../../../H-x86_64-mingw32/nios2-elf/lib/mno-hw-mul\libc.a(lib_a-printf.o)
 .data          0x000000000019f620        0x0 c:/altera_lite/15.1/nios2eds/bin/gnu/h-x86_64-mingw32/bin/../lib/gcc/nios2-elf/4.9.2/../../../../../H-x86_64-mingw32/nios2-elf/lib/mno-hw-mul\libc.a(lib_a-putchar.o)
 .data          0x000000000019f620        0x0 c:/altera_lite/15.1/nios2eds/bin/gnu/h-x86_64-mingw32/bin/../lib/gcc/nios2-elf/4.9.2/../../../../../H-x86_64-mingw32/nios2-elf/lib/mno-hw-mul\libc.a(lib_a-puts.o)
 .data          0x000000000019f620        0x0 c:/altera_lite/15.1/nios2eds/bin/gnu/h-x86_64-mingw32/bin/../lib/gcc/nios2-elf/4.9.2/../../../../../H-x86_64-mingw32/nios2-elf/lib/mno-hw-mul\libc.a(lib_a-strlen.o)
 .data          0x000000000019f620        0x0 c:/altera_lite/15.1/nios2eds/bin/gnu/h-x86_64-mingw32/bin/../lib/gcc/nios2-elf/4.9.2/../../../../../H-x86_64-mingw32/nios2-elf/lib/mno-hw-mul\libc.a(lib_a-vfprintf.o)
 .data          0x000000000019f620        0x0 c:/altera_lite/15.1/nios2eds/bin/gnu/h-x86_64-mingw32/bin/../lib/gcc/nios2-elf/4.9.2/../../../../../H-x86_64-mingw32/nios2-elf/lib/mno-hw-mul\libc.a(lib_a-wsetup.o)
 .data          0x000000000019f620        0x0 c:/altera_lite/15.1/nios2eds/bin/gnu/h-x86_64-mingw32/bin/../lib/gcc/nios2-elf/4.9.2/../../../../../H-x86_64-mingw32/nios2-elf/lib/mno-hw-mul\libc.a(lib_a-dtoa.o)
 .data          0x000000000019f620        0x0 c:/altera_lite/15.1/nios2eds/bin/gnu/h-x86_64-mingw32/bin/../lib/gcc/nios2-elf/4.9.2/../../../../../H-x86_64-mingw32/nios2-elf/lib/mno-hw-mul\libc.a(lib_a-fflush.o)
 .data          0x000000000019f620        0x0 c:/altera_lite/15.1/nios2eds/bin/gnu/h-x86_64-mingw32/bin/../lib/gcc/nios2-elf/4.9.2/../../../../../H-x86_64-mingw32/nios2-elf/lib/mno-hw-mul\libc.a(lib_a-findfp.o)
 .data          0x000000000019f620        0x0 c:/altera_lite/15.1/nios2eds/bin/gnu/h-x86_64-mingw32/bin/../lib/gcc/nios2-elf/4.9.2/../../../../../H-x86_64-mingw32/nios2-elf/lib/mno-hw-mul\libc.a(lib_a-freer.o)
 .data          0x000000000019f620        0x0 c:/altera_lite/15.1/nios2eds/bin/gnu/h-x86_64-mingw32/bin/../lib/gcc/nios2-elf/4.9.2/../../../../../H-x86_64-mingw32/nios2-elf/lib/mno-hw-mul\libc.a(lib_a-fvwrite.o)
 .data          0x000000000019f620        0x0 c:/altera_lite/15.1/nios2eds/bin/gnu/h-x86_64-mingw32/bin/../lib/gcc/nios2-elf/4.9.2/../../../../../H-x86_64-mingw32/nios2-elf/lib/mno-hw-mul\libc.a(lib_a-fwalk.o)
 .data          0x000000000019f620        0x0 c:/altera_lite/15.1/nios2eds/bin/gnu/h-x86_64-mingw32/bin/../lib/gcc/nios2-elf/4.9.2/../../../../../H-x86_64-mingw32/nios2-elf/lib/mno-hw-mul\libc.a(lib_a-impure.o)
 .data.impure_data
                0x000000000019f620      0x424 c:/altera_lite/15.1/nios2eds/bin/gnu/h-x86_64-mingw32/bin/../lib/gcc/nios2-elf/4.9.2/../../../../../H-x86_64-mingw32/nios2-elf/lib/mno-hw-mul\libc.a(lib_a-impure.o)
 .data          0x000000000019fa44        0x0 c:/altera_lite/15.1/nios2eds/bin/gnu/h-x86_64-mingw32/bin/../lib/gcc/nios2-elf/4.9.2/../../../../../H-x86_64-mingw32/nios2-elf/lib/mno-hw-mul\libc.a(lib_a-locale.o)
 .data.lc_message_charset
                0x000000000019fa44       0x20 c:/altera_lite/15.1/nios2eds/bin/gnu/h-x86_64-mingw32/bin/../lib/gcc/nios2-elf/4.9.2/../../../../../H-x86_64-mingw32/nios2-elf/lib/mno-hw-mul\libc.a(lib_a-locale.o)
 .data.lc_ctype_charset
                0x000000000019fa64       0x20 c:/altera_lite/15.1/nios2eds/bin/gnu/h-x86_64-mingw32/bin/../lib/gcc/nios2-elf/4.9.2/../../../../../H-x86_64-mingw32/nios2-elf/lib/mno-hw-mul\libc.a(lib_a-locale.o)
 .data.lconv    0x000000000019fa84       0x38 c:/altera_lite/15.1/nios2eds/bin/gnu/h-x86_64-mingw32/bin/../lib/gcc/nios2-elf/4.9.2/../../../../../H-x86_64-mingw32/nios2-elf/lib/mno-hw-mul\libc.a(lib_a-locale.o)
 .data          0x000000000019fabc        0x0 c:/altera_lite/15.1/nios2eds/bin/gnu/h-x86_64-mingw32/bin/../lib/gcc/nios2-elf/4.9.2/../../../../../H-x86_64-mingw32/nios2-elf/lib/mno-hw-mul\libc.a(lib_a-makebuf.o)
 .data          0x000000000019fabc        0x0 c:/altera_lite/15.1/nios2eds/bin/gnu/h-x86_64-mingw32/bin/../lib/gcc/nios2-elf/4.9.2/../../../../../H-x86_64-mingw32/nios2-elf/lib/mno-hw-mul\libc.a(lib_a-mallocr.o)
 .data.__malloc_av_
                0x000000000019fabc      0x408 c:/altera_lite/15.1/nios2eds/bin/gnu/h-x86_64-mingw32/bin/../lib/gcc/nios2-elf/4.9.2/../../../../../H-x86_64-mingw32/nios2-elf/lib/mno-hw-mul\libc.a(lib_a-mallocr.o)
                0x000000000019fabc                __malloc_av_
 .data          0x000000000019fec4        0x0 c:/altera_lite/15.1/nios2eds/bin/gnu/h-x86_64-mingw32/bin/../lib/gcc/nios2-elf/4.9.2/../../../../../H-x86_64-mingw32/nios2-elf/lib/mno-hw-mul\libc.a(lib_a-memchr.o)
 .data          0x000000000019fec4        0x0 c:/altera_lite/15.1/nios2eds/bin/gnu/h-x86_64-mingw32/bin/../lib/gcc/nios2-elf/4.9.2/../../../../../H-x86_64-mingw32/nios2-elf/lib/mno-hw-mul\libc.a(lib_a-memmove.o)
 .data          0x000000000019fec4        0x0 c:/altera_lite/15.1/nios2eds/bin/gnu/h-x86_64-mingw32/bin/../lib/gcc/nios2-elf/4.9.2/../../../../../H-x86_64-mingw32/nios2-elf/lib/mno-hw-mul\libc.a(lib_a-mprec.o)
 .data          0x000000000019fec4        0x0 c:/altera_lite/15.1/nios2eds/bin/gnu/h-x86_64-mingw32/bin/../lib/gcc/nios2-elf/4.9.2/../../../../../H-x86_64-mingw32/nios2-elf/lib/mno-hw-mul\libc.a(lib_a-putc.o)
 .data          0x000000000019fec4        0x0 c:/altera_lite/15.1/nios2eds/bin/gnu/h-x86_64-mingw32/bin/../lib/gcc/nios2-elf/4.9.2/../../../../../H-x86_64-mingw32/nios2-elf/lib/mno-hw-mul\libc.a(lib_a-reallocr.o)
 .data          0x000000000019fec4        0x0 c:/altera_lite/15.1/nios2eds/bin/gnu/h-x86_64-mingw32/bin/../lib/gcc/nios2-elf/4.9.2/../../../../../H-x86_64-mingw32/nios2-elf/lib/mno-hw-mul\libc.a(lib_a-s_fpclassify.o)
 .data          0x000000000019fec4        0x0 c:/altera_lite/15.1/nios2eds/bin/gnu/h-x86_64-mingw32/bin/../lib/gcc/nios2-elf/4.9.2/../../../../../H-x86_64-mingw32/nios2-elf/lib/mno-hw-mul\libc.a(lib_a-sbrkr.o)
 .data          0x000000000019fec4        0x0 c:/altera_lite/15.1/nios2eds/bin/gnu/h-x86_64-mingw32/bin/../lib/gcc/nios2-elf/4.9.2/../../../../../H-x86_64-mingw32/nios2-elf/lib/mno-hw-mul\libc.a(lib_a-stdio.o)
 .data          0x000000000019fec4        0x0 c:/altera_lite/15.1/nios2eds/bin/gnu/h-x86_64-mingw32/bin/../lib/gcc/nios2-elf/4.9.2/../../../../../H-x86_64-mingw32/nios2-elf/lib/mno-hw-mul\libc.a(lib_a-strcmp.o)
 .data          0x000000000019fec4        0x0 c:/altera_lite/15.1/nios2eds/bin/gnu/h-x86_64-mingw32/bin/../lib/gcc/nios2-elf/4.9.2/../../../../../H-x86_64-mingw32/nios2-elf/lib/mno-hw-mul\libc.a(lib_a-vfiprintf.o)
 .data          0x000000000019fec4        0x0 c:/altera_lite/15.1/nios2eds/bin/gnu/h-x86_64-mingw32/bin/../lib/gcc/nios2-elf/4.9.2/../../../../../H-x86_64-mingw32/nios2-elf/lib/mno-hw-mul\libc.a(lib_a-wbuf.o)
 .data          0x000000000019fec4        0x0 c:/altera_lite/15.1/nios2eds/bin/gnu/h-x86_64-mingw32/bin/../lib/gcc/nios2-elf/4.9.2/../../../../../H-x86_64-mingw32/nios2-elf/lib/mno-hw-mul\libc.a(lib_a-writer.o)
 .data          0x000000000019fec4        0x0 c:/altera_lite/15.1/nios2eds/bin/gnu/h-x86_64-mingw32/bin/../lib/gcc/nios2-elf/4.9.2/../../../../../H-x86_64-mingw32/nios2-elf/lib/mno-hw-mul\libc.a(closer.o)
 .data          0x000000000019fec4        0x0 c:/altera_lite/15.1/nios2eds/bin/gnu/h-x86_64-mingw32/bin/../lib/gcc/nios2-elf/4.9.2/../../../../../H-x86_64-mingw32/nios2-elf/lib/mno-hw-mul\libc.a(lib_a-callocr.o)
 .data          0x000000000019fec4        0x0 c:/altera_lite/15.1/nios2eds/bin/gnu/h-x86_64-mingw32/bin/../lib/gcc/nios2-elf/4.9.2/../../../../../H-x86_64-mingw32/nios2-elf/lib/mno-hw-mul\libc.a(lib_a-fclose.o)